{"timestamp":"2026-08-10T18:45:43.715438Z","level":"info","event":"2026-08-10T18:45:43.710808Z [info     ] ::group::Pre Execute           [task] loc=task_runner.py:2303","logger":"task.stdout"}
{"timestamp":"2026-08-10T18:45:43.993738Z","level":"info","event":"DAG bundles loaded: dags-folder","map_index":-1,"try_number":1,"run_id":"manual__2026-08-07T21:01:52.447766+00:00","dag_id":"xbrl_financial_pipeline","task_id":"transform","ti_id":"019fde08-47d2-75ed-846c-d929126fb2ab","logger":"airflow.dag_processing.bundles.manager.DagBundlesManager","filename":"manager.py","lineno":271}
{"timestamp":"2026-08-10T18:45:43.994154Z","level":"info","event":"Filling up the DagBag from /Users/irinafendley/Projects/ETLFinancial/airflow_config/dags/auto_pipeline.py","map_index":-1,"try_number":1,"run_id":"manual__2026-08-07T21:01:52.447766+00:00","dag_id":"xbrl_financial_pipeline","task_id":"transform","ti_id":"019fde08-47d2-75ed-846c-d929126fb2ab","logger":"airflow.dag_processing.dagbag.BundleDagBag","filename":"dagbag.py","lineno":460}
{"timestamp":"2026-08-10T18:45:44.011047Z","level":"info","event":"Worker startup parse complete","bundle_name":"dags-folder","bundle_version":null,"dag_file":"auto_pipeline.py","dag_id":"xbrl_financial_pipeline","bundle_prepare_ms":0,"dag_file_parse_ms":16,"map_index":-1,"try_number":1,"run_id":"manual__2026-08-07T21:01:52.447766+00:00","task_id":"transform","ti_id":"019fde08-47d2-75ed-846c-d929126fb2ab","logger":"task","filename":"task_runner.py","lineno":1062}
{"timestamp":"2026-08-10T18:45:44.100854Z","level":"info","event":"::endgroup::","map_index":-1,"try_number":1,"run_id":"manual__2026-08-07T21:01:52.447766+00:00","dag_id":"xbrl_financial_pipeline","task_id":"transform","ti_id":"019fde08-47d2-75ed-846c-d929126fb2ab","logger":"task","filename":"task_runner.py","lineno":2107}
{"timestamp":"2026-08-10T18:45:44.366733Z","level":"info","event":"","logger":"task.stdout"}
{"timestamp":"2026-08-10T18:45:44.367154Z","level":"info","event":"========== RULE DUPLICATES ==========","logger":"task.stdout"}
{"timestamp":"2026-08-10T18:45:44.367280Z","level":"info","event":"Tags defined in multiple rules: 0","logger":"task.stdout"}
{"timestamp":"2026-08-10T18:45:44.381960Z","level":"info","event":"Using raw file: data/raw/humana_2026_08_10.json","logger":"task.stdout"}
{"timestamp":"2026-08-10T18:45:44.565052Z","level":"info","event":"","logger":"task.stdout"}
{"timestamp":"2026-08-10T18:45:44.565646Z","level":"info","event":"Saved 30739 rows to data/processed/humana_financial_metrics_2026_08_10.csv","logger":"task.stdout"}
{"timestamp":"2026-08-10T18:45:44.566033Z","level":"info","event":"","logger":"task.stdout"}
{"timestamp":"2026-08-10T18:45:44.566087Z","level":"info","event":"========== DATA QUALITY CHECKS ==========","logger":"task.stdout"}
{"timestamp":"2026-08-10T18:45:44.566131Z","level":"info","event":"Total rows: 30739","logger":"task.stdout"}
{"timestamp":"2026-08-10T18:45:44.568091Z","level":"info","event":"Unique metrics: 85","logger":"task.stdout"}
{"timestamp":"2026-08-10T18:45:44.595161Z","level":"info","event":"source_tag","logger":"task.stdout"}
{"timestamp":"2026-08-10T18:45:44.595330Z","level":"info","event":"AccountsPayableAndAccruedLiabilitiesCurrent                               2","logger":"task.stdout"}
{"timestamp":"2026-08-10T18:45:44.595382Z","level":"info","event":"AmortizationOfIntangibleAssets                                            2","logger":"task.stdout"}
{"timestamp":"2026-08-10T18:45:44.595419Z","level":"info","event":"AssetsCurrent                                                             2","logger":"task.stdout"}
{"timestamp":"2026-08-10T18:45:44.595459Z","level":"info","event":"AssetsOfDisposalGroupIncludingDiscontinuedOperationCurrent                2","logger":"task.stdout"}
{"timestamp":"2026-08-10T18:45:44.595495Z","level":"info","event":"AvailableForSaleDebtSecuritiesAccumulatedGrossUnrealizedGainBeforeTax     2","logger":"task.stdout"}
{"timestamp":"2026-08-10T18:45:44.595526Z","level":"info","event":"                                                                         ..","logger":"task.stdout"}
{"timestamp":"2026-08-10T18:45:44.595580Z","level":"info","event":"ProceedsFromSaleOfAvailableForSaleSecurities                              2","logger":"task.stdout"}
{"timestamp":"2026-08-10T18:45:44.595616Z","level":"info","event":"ProceedsFromSaleOfAvailableForSaleSecuritiesDebt                          2","logger":"task.stdout"}
{"timestamp":"2026-08-10T18:45:44.595651Z","level":"info","event":"RepaymentsOfLongTermDebt                                                  2","logger":"task.stdout"}
{"timestamp":"2026-08-10T18:45:44.595683Z","level":"info","event":"StockholdersEquityIncludingPortionAttributableToNoncontrollingInterest    2","logger":"task.stdout"}
{"timestamp":"2026-08-10T18:45:44.595714Z","level":"info","event":"TreasuryStockValueAcquiredCostMethod                                      2","logger":"task.stdout"}
{"timestamp":"2026-08-10T18:45:44.595749Z","level":"info","event":"Name: metric, Length: 88, dtype: int64","logger":"task.stdout"}
{"timestamp":"2026-08-10T18:45:44.595780Z","level":"info","event":"Duplicate rows: 0","logger":"task.stdout"}
{"timestamp":"2026-08-10T18:45:44.595812Z","level":"info","event":"","logger":"task.stdout"}
{"timestamp":"2026-08-10T18:45:44.595846Z","level":"info","event":"Missing values by column:","logger":"task.stdout"}
{"timestamp":"2026-08-10T18:45:44.607931Z","level":"info","event":"metric            0","logger":"task.stdout"}
{"timestamp":"2026-08-10T18:45:44.608291Z","level":"info","event":"source_tag        0","logger":"task.stdout"}
{"timestamp":"2026-08-10T18:45:44.608410Z","level":"info","event":"value             0","logger":"task.stdout"}
{"timestamp":"2026-08-10T18:45:44.608520Z","level":"info","event":"unit              0","logger":"task.stdout"}
{"timestamp":"2026-08-10T18:45:44.608625Z","level":"info","event":"start_date    11504","logger":"task.stdout"}
{"timestamp":"2026-08-10T18:45:44.608730Z","level":"info","event":"end_date          0","logger":"task.stdout"}
{"timestamp":"2026-08-10T18:45:44.608843Z","level":"info","event":"filed_date        0","logger":"task.stdout"}
{"timestamp":"2026-08-10T18:45:44.608946Z","level":"info","event":"form              0","logger":"task.stdout"}
{"timestamp":"2026-08-10T18:45:44.609188Z","level":"info","event":"dtype: int64","logger":"task.stdout"}
{"timestamp":"2026-08-10T18:45:44.615943Z","level":"info","event":"Transform completed: data/processed/humana_financial_metrics_2026_08_10.csv","logger":"task.stdout"}
{"timestamp":"2026-08-10T18:45:44.615907Z","level":"info","event":"Done. Returned value was: data/processed/humana_financial_metrics_2026_08_10.csv","map_index":-1,"try_number":1,"run_id":"manual__2026-08-07T21:01:52.447766+00:00","dag_id":"xbrl_financial_pipeline","task_id":"transform","ti_id":"019fde08-47d2-75ed-846c-d929126fb2ab","logger":"airflow.task.operators.airflow.providers.standard.decorators.python._PythonDecoratedOperator","filename":"python.py","lineno":233}
{"timestamp":"2026-08-10T18:45:44.616005Z","level":"info","event":"::group::Post Execute","map_index":-1,"try_number":1,"run_id":"manual__2026-08-07T21:01:52.447766+00:00","dag_id":"xbrl_financial_pipeline","task_id":"transform","ti_id":"019fde08-47d2-75ed-846c-d929126fb2ab","logger":"task","filename":"task_runner.py","lineno":1577}
{"timestamp":"2026-08-10T18:45:44.616091Z","level":"info","event":"Pushing xcom","ti":"RuntimeTaskInstance(id=UUID('019fde08-47d2-75ed-846c-d929126fb2ab'), task_id='transform', dag_id='xbrl_financial_pipeline', run_id='manual__2026-08-07T21:01:52.447766+00:00', try_number=1, dag_version_id=UUID('019fdcc9-3fe6-74fe-8b61-a6f0a5bdaf81'), map_index=-1, hostname='macbook-pro-irina.local', context_carrier={'traceparent': '00-757febe590d90d3ca4cb56723a686ddc-4f7679f5ecef1fb8-00'}, queue='default', task=<Task(_PythonDecoratedOperator): transform>, bundle_instance=LocalDagBundle(name=dags-folder), max_tries=0, start_date=datetime.datetime(2026, 8, 10, 18, 45, 41, 960243, tzinfo=datetime.timezone.utc), end_date=None, state=<TaskInstanceState.RUNNING: 'running'>, is_mapped=False, rendered_map_index=None, sentry_integration='')","map_index":-1,"try_number":1,"run_id":"manual__2026-08-07T21:01:52.447766+00:00","dag_id":"xbrl_financial_pipeline","task_id":"transform","ti_id":"019fde08-47d2-75ed-846c-d929126fb2ab","logger":"task","filename":"task_runner.py","lineno":2171}
{"timestamp":"2026-08-10T18:45:44.689672Z","level":"info","event":"::endgroup::","map_index":-1,"try_number":1,"run_id":"manual__2026-08-07T21:01:52.447766+00:00","dag_id":"xbrl_financial_pipeline","task_id":"transform","ti_id":"019fde08-47d2-75ed-846c-d929126fb2ab","logger":"task","filename":"task_runner.py","lineno":2270}
