{"timestamp":"2026-08-10T18:45:46.500964Z","level":"info","event":"2026-08-10T18:45:46.481828Z [info     ] ::group::Pre Execute           [task] loc=task_runner.py:2303","logger":"task.stdout"}
{"timestamp":"2026-08-10T18:45:46.846801Z","level":"info","event":"DAG bundles loaded: dags-folder","ti_id":"019fde51-263c-71c2-9fe7-c1881eee5bbf","dag_id":"xbrl_financial_pipeline","run_id":"manual__2026-08-07T22:21:27.975173+00:00","task_id":"transform","try_number":1,"map_index":-1,"logger":"airflow.dag_processing.bundles.manager.DagBundlesManager","filename":"manager.py","lineno":271}
{"timestamp":"2026-08-10T18:45:46.847432Z","level":"info","event":"Filling up the DagBag from /Users/irinafendley/Projects/ETLFinancial/airflow_config/dags/auto_pipeline.py","ti_id":"019fde51-263c-71c2-9fe7-c1881eee5bbf","dag_id":"xbrl_financial_pipeline","run_id":"manual__2026-08-07T22:21:27.975173+00:00","task_id":"transform","try_number":1,"map_index":-1,"logger":"airflow.dag_processing.dagbag.BundleDagBag","filename":"dagbag.py","lineno":460}
{"timestamp":"2026-08-10T18:45:46.866428Z","level":"info","event":"Worker startup parse complete","bundle_name":"dags-folder","bundle_version":null,"dag_file":"auto_pipeline.py","dag_id":"xbrl_financial_pipeline","bundle_prepare_ms":1,"dag_file_parse_ms":19,"ti_id":"019fde51-263c-71c2-9fe7-c1881eee5bbf","run_id":"manual__2026-08-07T22:21:27.975173+00:00","task_id":"transform","try_number":1,"map_index":-1,"logger":"task","filename":"task_runner.py","lineno":1062}
{"timestamp":"2026-08-10T18:45:46.906909Z","level":"info","event":"::endgroup::","ti_id":"019fde51-263c-71c2-9fe7-c1881eee5bbf","dag_id":"xbrl_financial_pipeline","run_id":"manual__2026-08-07T22:21:27.975173+00:00","task_id":"transform","try_number":1,"map_index":-1,"logger":"task","filename":"task_runner.py","lineno":2107}
{"timestamp":"2026-08-10T18:45:47.541355Z","level":"info","event":"","logger":"task.stdout"}
{"timestamp":"2026-08-10T18:45:47.541673Z","level":"info","event":"========== RULE DUPLICATES ==========","logger":"task.stdout"}
{"timestamp":"2026-08-10T18:45:47.541794Z","level":"info","event":"Tags defined in multiple rules: 0","logger":"task.stdout"}
{"timestamp":"2026-08-10T18:45:47.542023Z","level":"info","event":"Using raw file: data/raw/humana_2026_08_10.json","logger":"task.stdout"}
{"timestamp":"2026-08-10T18:45:47.836234Z","level":"info","event":"","logger":"task.stdout"}
{"timestamp":"2026-08-10T18:45:47.836594Z","level":"info","event":"Saved 30739 rows to data/processed/humana_financial_metrics_2026_08_10.csv","logger":"task.stdout"}
{"timestamp":"2026-08-10T18:45:47.836653Z","level":"info","event":"","logger":"task.stdout"}
{"timestamp":"2026-08-10T18:45:47.836691Z","level":"info","event":"========== DATA QUALITY CHECKS ==========","logger":"task.stdout"}
{"timestamp":"2026-08-10T18:45:47.836729Z","level":"info","event":"Total rows: 30739","logger":"task.stdout"}
{"timestamp":"2026-08-10T18:45:47.837549Z","level":"info","event":"Unique metrics: 85","logger":"task.stdout"}
{"timestamp":"2026-08-10T18:45:47.933173Z","level":"info","event":"source_tag","logger":"task.stdout"}
{"timestamp":"2026-08-10T18:45:47.933337Z","level":"info","event":"AccountsPayableAndAccruedLiabilitiesCurrent                               2","logger":"task.stdout"}
{"timestamp":"2026-08-10T18:45:47.933387Z","level":"info","event":"AmortizationOfIntangibleAssets                                            2","logger":"task.stdout"}
{"timestamp":"2026-08-10T18:45:47.933437Z","level":"info","event":"AssetsCurrent                                                             2","logger":"task.stdout"}
{"timestamp":"2026-08-10T18:45:47.933477Z","level":"info","event":"AssetsOfDisposalGroupIncludingDiscontinuedOperationCurrent                2","logger":"task.stdout"}
{"timestamp":"2026-08-10T18:45:47.933540Z","level":"info","event":"AvailableForSaleDebtSecuritiesAccumulatedGrossUnrealizedGainBeforeTax     2","logger":"task.stdout"}
{"timestamp":"2026-08-10T18:45:47.933582Z","level":"info","event":"                                                                         ..","logger":"task.stdout"}
{"timestamp":"2026-08-10T18:45:47.933631Z","level":"info","event":"ProceedsFromSaleOfAvailableForSaleSecurities                              2","logger":"task.stdout"}
{"timestamp":"2026-08-10T18:45:47.933662Z","level":"info","event":"ProceedsFromSaleOfAvailableForSaleSecuritiesDebt                          2","logger":"task.stdout"}
{"timestamp":"2026-08-10T18:45:47.933693Z","level":"info","event":"RepaymentsOfLongTermDebt                                                  2","logger":"task.stdout"}
{"timestamp":"2026-08-10T18:45:47.933723Z","level":"info","event":"StockholdersEquityIncludingPortionAttributableToNoncontrollingInterest    2","logger":"task.stdout"}
{"timestamp":"2026-08-10T18:45:47.933753Z","level":"info","event":"TreasuryStockValueAcquiredCostMethod                                      2","logger":"task.stdout"}
{"timestamp":"2026-08-10T18:45:47.933784Z","level":"info","event":"Name: metric, Length: 88, dtype: int64","logger":"task.stdout"}
{"timestamp":"2026-08-10T18:45:47.933814Z","level":"info","event":"Duplicate rows: 0","logger":"task.stdout"}
{"timestamp":"2026-08-10T18:45:47.933845Z","level":"info","event":"","logger":"task.stdout"}
{"timestamp":"2026-08-10T18:45:47.933878Z","level":"info","event":"Missing values by column:","logger":"task.stdout"}
{"timestamp":"2026-08-10T18:45:47.940117Z","level":"info","event":"metric            0","logger":"task.stdout"}
{"timestamp":"2026-08-10T18:45:47.940740Z","level":"info","event":"source_tag        0","logger":"task.stdout"}
{"timestamp":"2026-08-10T18:45:47.940798Z","level":"info","event":"value             0","logger":"task.stdout"}
{"timestamp":"2026-08-10T18:45:47.941143Z","level":"info","event":"unit              0","logger":"task.stdout"}
{"timestamp":"2026-08-10T18:45:47.941278Z","level":"info","event":"start_date    11504","logger":"task.stdout"}
{"timestamp":"2026-08-10T18:45:47.941419Z","level":"info","event":"end_date          0","logger":"task.stdout"}
{"timestamp":"2026-08-10T18:45:47.941545Z","level":"info","event":"filed_date        0","logger":"task.stdout"}
{"timestamp":"2026-08-10T18:45:47.941737Z","level":"info","event":"form              0","logger":"task.stdout"}
{"timestamp":"2026-08-10T18:45:47.941864Z","level":"info","event":"dtype: int64","logger":"task.stdout"}
{"timestamp":"2026-08-10T18:45:47.946483Z","level":"info","event":"Transform completed: data/processed/humana_financial_metrics_2026_08_10.csv","logger":"task.stdout"}
{"timestamp":"2026-08-10T18:45:47.946616Z","level":"info","event":"Done. Returned value was: data/processed/humana_financial_metrics_2026_08_10.csv","ti_id":"019fde51-263c-71c2-9fe7-c1881eee5bbf","dag_id":"xbrl_financial_pipeline","run_id":"manual__2026-08-07T22:21:27.975173+00:00","task_id":"transform","try_number":1,"map_index":-1,"logger":"airflow.task.operators.airflow.providers.standard.decorators.python._PythonDecoratedOperator","filename":"python.py","lineno":233}
{"timestamp":"2026-08-10T18:45:47.946826Z","level":"info","event":"::group::Post Execute","ti_id":"019fde51-263c-71c2-9fe7-c1881eee5bbf","dag_id":"xbrl_financial_pipeline","run_id":"manual__2026-08-07T22:21:27.975173+00:00","task_id":"transform","try_number":1,"map_index":-1,"logger":"task","filename":"task_runner.py","lineno":1577}
{"timestamp":"2026-08-10T18:45:47.946947Z","level":"info","event":"Pushing xcom","ti":"RuntimeTaskInstance(id=UUID('019fde51-263c-71c2-9fe7-c1881eee5bbf'), task_id='transform', dag_id='xbrl_financial_pipeline', run_id='manual__2026-08-07T22:21:27.975173+00:00', try_number=1, dag_version_id=UUID('019fde09-400f-788e-b358-8a2b6522175c'), map_index=-1, hostname='macbook-pro-irina.local', context_carrier={'traceparent': '00-5d6a7df079137f44dc6220ea045a7f7f-ca46fc8f057d802d-00'}, queue='default', task=<Task(_PythonDecoratedOperator): transform>, bundle_instance=LocalDagBundle(name=dags-folder), max_tries=0, start_date=datetime.datetime(2026, 8, 10, 18, 45, 43, 238829, tzinfo=datetime.timezone.utc), end_date=None, state=<TaskInstanceState.RUNNING: 'running'>, is_mapped=False, rendered_map_index=None, sentry_integration='')","ti_id":"019fde51-263c-71c2-9fe7-c1881eee5bbf","dag_id":"xbrl_financial_pipeline","run_id":"manual__2026-08-07T22:21:27.975173+00:00","task_id":"transform","try_number":1,"map_index":-1,"logger":"task","filename":"task_runner.py","lineno":2171}
{"timestamp":"2026-08-10T18:45:47.983353Z","level":"info","event":"::endgroup::","ti_id":"019fde51-263c-71c2-9fe7-c1881eee5bbf","dag_id":"xbrl_financial_pipeline","run_id":"manual__2026-08-07T22:21:27.975173+00:00","task_id":"transform","try_number":1,"map_index":-1,"logger":"task","filename":"task_runner.py","lineno":2270}
