{"timestamp":"2026-08-10T18:45:44.761486Z","level":"info","event":"2026-08-10T18:45:44.759518Z [info     ] ::group::Pre Execute           [task] loc=task_runner.py:2303","logger":"task.stdout"}
{"timestamp":"2026-08-10T18:45:45.150413Z","level":"info","event":"DAG bundles loaded: dags-folder","dag_id":"xbrl_financial_pipeline","ti_id":"019fde34-a534-7b30-8442-1c1cf1112ca9","run_id":"manual__2026-08-07T21:50:19.934311+00:00","task_id":"transform","try_number":1,"map_index":-1,"logger":"airflow.dag_processing.bundles.manager.DagBundlesManager","filename":"manager.py","lineno":271}
{"timestamp":"2026-08-10T18:45:45.150910Z","level":"info","event":"Filling up the DagBag from /Users/irinafendley/Projects/ETLFinancial/airflow_config/dags/auto_pipeline.py","dag_id":"xbrl_financial_pipeline","ti_id":"019fde34-a534-7b30-8442-1c1cf1112ca9","run_id":"manual__2026-08-07T21:50:19.934311+00:00","task_id":"transform","try_number":1,"map_index":-1,"logger":"airflow.dag_processing.dagbag.BundleDagBag","filename":"dagbag.py","lineno":460}
{"timestamp":"2026-08-10T18:45:45.168448Z","level":"info","event":"Worker startup parse complete","bundle_name":"dags-folder","bundle_version":null,"dag_file":"auto_pipeline.py","dag_id":"xbrl_financial_pipeline","bundle_prepare_ms":0,"dag_file_parse_ms":17,"ti_id":"019fde34-a534-7b30-8442-1c1cf1112ca9","run_id":"manual__2026-08-07T21:50:19.934311+00:00","task_id":"transform","try_number":1,"map_index":-1,"logger":"task","filename":"task_runner.py","lineno":1062}
{"timestamp":"2026-08-10T18:45:45.351058Z","level":"info","event":"::endgroup::","dag_id":"xbrl_financial_pipeline","ti_id":"019fde34-a534-7b30-8442-1c1cf1112ca9","run_id":"manual__2026-08-07T21:50:19.934311+00:00","task_id":"transform","try_number":1,"map_index":-1,"logger":"task","filename":"task_runner.py","lineno":2107}
{"timestamp":"2026-08-10T18:45:46.209601Z","level":"info","event":"","logger":"task.stdout"}
{"timestamp":"2026-08-10T18:45:46.210715Z","level":"info","event":"========== RULE DUPLICATES ==========","logger":"task.stdout"}
{"timestamp":"2026-08-10T18:45:46.210851Z","level":"info","event":"Tags defined in multiple rules: 0","logger":"task.stdout"}
{"timestamp":"2026-08-10T18:45:46.211038Z","level":"info","event":"Using raw file: data/raw/humana_2026_08_10.json","logger":"task.stdout"}
{"timestamp":"2026-08-10T18:45:46.475602Z","level":"info","event":"","logger":"task.stdout"}
{"timestamp":"2026-08-10T18:45:46.476870Z","level":"info","event":"Saved 30739 rows to data/processed/humana_financial_metrics_2026_08_10.csv","logger":"task.stdout"}
{"timestamp":"2026-08-10T18:45:46.476947Z","level":"info","event":"","logger":"task.stdout"}
{"timestamp":"2026-08-10T18:45:46.477005Z","level":"info","event":"========== DATA QUALITY CHECKS ==========","logger":"task.stdout"}
{"timestamp":"2026-08-10T18:45:46.479908Z","level":"info","event":"Total rows: 30739","logger":"task.stdout"}
{"timestamp":"2026-08-10T18:45:46.480662Z","level":"info","event":"Unique metrics: 85","logger":"task.stdout"}
{"timestamp":"2026-08-10T18:45:46.498955Z","level":"info","event":"source_tag","logger":"task.stdout"}
{"timestamp":"2026-08-10T18:45:46.499195Z","level":"info","event":"AccountsPayableAndAccruedLiabilitiesCurrent                               2","logger":"task.stdout"}
{"timestamp":"2026-08-10T18:45:46.499296Z","level":"info","event":"AmortizationOfIntangibleAssets                                            2","logger":"task.stdout"}
{"timestamp":"2026-08-10T18:45:46.499339Z","level":"info","event":"AssetsCurrent                                                             2","logger":"task.stdout"}
{"timestamp":"2026-08-10T18:45:46.499387Z","level":"info","event":"AssetsOfDisposalGroupIncludingDiscontinuedOperationCurrent                2","logger":"task.stdout"}
{"timestamp":"2026-08-10T18:45:46.499421Z","level":"info","event":"AvailableForSaleDebtSecuritiesAccumulatedGrossUnrealizedGainBeforeTax     2","logger":"task.stdout"}
{"timestamp":"2026-08-10T18:45:46.499492Z","level":"info","event":"                                                                         ..","logger":"task.stdout"}
{"timestamp":"2026-08-10T18:45:46.502890Z","level":"info","event":"ProceedsFromSaleOfAvailableForSaleSecurities                              2","logger":"task.stdout"}
{"timestamp":"2026-08-10T18:45:46.503074Z","level":"info","event":"ProceedsFromSaleOfAvailableForSaleSecuritiesDebt                          2","logger":"task.stdout"}
{"timestamp":"2026-08-10T18:45:46.503187Z","level":"info","event":"RepaymentsOfLongTermDebt                                                  2","logger":"task.stdout"}
{"timestamp":"2026-08-10T18:45:46.503381Z","level":"info","event":"StockholdersEquityIncludingPortionAttributableToNoncontrollingInterest    2","logger":"task.stdout"}
{"timestamp":"2026-08-10T18:45:46.503443Z","level":"info","event":"TreasuryStockValueAcquiredCostMethod                                      2","logger":"task.stdout"}
{"timestamp":"2026-08-10T18:45:46.503480Z","level":"info","event":"Name: metric, Length: 88, dtype: int64","logger":"task.stdout"}
{"timestamp":"2026-08-10T18:45:46.503516Z","level":"info","event":"Duplicate rows: 0","logger":"task.stdout"}
{"timestamp":"2026-08-10T18:45:46.503548Z","level":"info","event":"","logger":"task.stdout"}
{"timestamp":"2026-08-10T18:45:46.503580Z","level":"info","event":"Missing values by column:","logger":"task.stdout"}
{"timestamp":"2026-08-10T18:45:46.548923Z","level":"info","event":"metric            0","logger":"task.stdout"}
{"timestamp":"2026-08-10T18:45:46.549495Z","level":"info","event":"source_tag        0","logger":"task.stdout"}
{"timestamp":"2026-08-10T18:45:46.549668Z","level":"info","event":"value             0","logger":"task.stdout"}
{"timestamp":"2026-08-10T18:45:46.549736Z","level":"info","event":"unit              0","logger":"task.stdout"}
{"timestamp":"2026-08-10T18:45:46.549830Z","level":"info","event":"start_date    11504","logger":"task.stdout"}
{"timestamp":"2026-08-10T18:45:46.550276Z","level":"info","event":"end_date          0","logger":"task.stdout"}
{"timestamp":"2026-08-10T18:45:46.550805Z","level":"info","event":"filed_date        0","logger":"task.stdout"}
{"timestamp":"2026-08-10T18:45:46.550848Z","level":"info","event":"form              0","logger":"task.stdout"}
{"timestamp":"2026-08-10T18:45:46.550883Z","level":"info","event":"dtype: int64","logger":"task.stdout"}
{"timestamp":"2026-08-10T18:45:46.572621Z","level":"info","event":"Transform completed: data/processed/humana_financial_metrics_2026_08_10.csv","logger":"task.stdout"}
{"timestamp":"2026-08-10T18:45:46.572665Z","level":"info","event":"Done. Returned value was: data/processed/humana_financial_metrics_2026_08_10.csv","dag_id":"xbrl_financial_pipeline","ti_id":"019fde34-a534-7b30-8442-1c1cf1112ca9","run_id":"manual__2026-08-07T21:50:19.934311+00:00","task_id":"transform","try_number":1,"map_index":-1,"logger":"airflow.task.operators.airflow.providers.standard.decorators.python._PythonDecoratedOperator","filename":"python.py","lineno":233}
{"timestamp":"2026-08-10T18:45:46.572838Z","level":"info","event":"::group::Post Execute","dag_id":"xbrl_financial_pipeline","ti_id":"019fde34-a534-7b30-8442-1c1cf1112ca9","run_id":"manual__2026-08-07T21:50:19.934311+00:00","task_id":"transform","try_number":1,"map_index":-1,"logger":"task","filename":"task_runner.py","lineno":1577}
{"timestamp":"2026-08-10T18:45:46.573033Z","level":"info","event":"Pushing xcom","ti":"RuntimeTaskInstance(id=UUID('019fde34-a534-7b30-8442-1c1cf1112ca9'), task_id='transform', dag_id='xbrl_financial_pipeline', run_id='manual__2026-08-07T21:50:19.934311+00:00', try_number=1, dag_version_id=UUID('019fde09-400f-788e-b358-8a2b6522175c'), map_index=-1, hostname='macbook-pro-irina.local', context_carrier={'traceparent': '00-0a2f041c78eefa14c467c28add7c0578-ff6de1189c5ac9b6-00'}, queue='default', task=<Task(_PythonDecoratedOperator): transform>, bundle_instance=LocalDagBundle(name=dags-folder), max_tries=0, start_date=datetime.datetime(2026, 8, 10, 18, 45, 41, 971142, tzinfo=datetime.timezone.utc), end_date=None, state=<TaskInstanceState.RUNNING: 'running'>, is_mapped=False, rendered_map_index=None, sentry_integration='')","dag_id":"xbrl_financial_pipeline","ti_id":"019fde34-a534-7b30-8442-1c1cf1112ca9","run_id":"manual__2026-08-07T21:50:19.934311+00:00","task_id":"transform","try_number":1,"map_index":-1,"logger":"task","filename":"task_runner.py","lineno":2171}
{"timestamp":"2026-08-10T18:45:46.714258Z","level":"info","event":"::endgroup::","dag_id":"xbrl_financial_pipeline","ti_id":"019fde34-a534-7b30-8442-1c1cf1112ca9","run_id":"manual__2026-08-07T21:50:19.934311+00:00","task_id":"transform","try_number":1,"map_index":-1,"logger":"task","filename":"task_runner.py","lineno":2270}
