{"timestamp":"2026-08-10T18:45:44.735264Z","level":"info","event":"2026-08-10T18:45:44.732313Z [info     ] ::group::Pre Execute           [task] loc=task_runner.py:2303","logger":"task.stdout"}
{"timestamp":"2026-08-10T18:45:45.119206Z","level":"info","event":"DAG bundles loaded: dags-folder","dag_id":"xbrl_financial_pipeline","run_id":"manual__2026-08-07T20:46:30.512728+00:00","try_number":1,"map_index":-1,"task_id":"transform","ti_id":"019fddfa-3683-7ffa-b073-1b983c43f498","logger":"airflow.dag_processing.bundles.manager.DagBundlesManager","filename":"manager.py","lineno":271}
{"timestamp":"2026-08-10T18:45:45.119619Z","level":"info","event":"Filling up the DagBag from /Users/irinafendley/Projects/ETLFinancial/airflow_config/dags/auto_pipeline.py","dag_id":"xbrl_financial_pipeline","run_id":"manual__2026-08-07T20:46:30.512728+00:00","try_number":1,"map_index":-1,"task_id":"transform","ti_id":"019fddfa-3683-7ffa-b073-1b983c43f498","logger":"airflow.dag_processing.dagbag.BundleDagBag","filename":"dagbag.py","lineno":460}
{"timestamp":"2026-08-10T18:45:45.146576Z","level":"info","event":"Worker startup parse complete","bundle_name":"dags-folder","bundle_version":null,"dag_file":"auto_pipeline.py","dag_id":"xbrl_financial_pipeline","bundle_prepare_ms":0,"dag_file_parse_ms":26,"run_id":"manual__2026-08-07T20:46:30.512728+00:00","try_number":1,"map_index":-1,"task_id":"transform","ti_id":"019fddfa-3683-7ffa-b073-1b983c43f498","logger":"task","filename":"task_runner.py","lineno":1062}
{"timestamp":"2026-08-10T18:45:45.579529Z","level":"info","event":"::endgroup::","dag_id":"xbrl_financial_pipeline","run_id":"manual__2026-08-07T20:46:30.512728+00:00","try_number":1,"map_index":-1,"task_id":"transform","ti_id":"019fddfa-3683-7ffa-b073-1b983c43f498","logger":"task","filename":"task_runner.py","lineno":2107}
{"timestamp":"2026-08-10T18:45:46.225730Z","level":"info","event":"","logger":"task.stdout"}
{"timestamp":"2026-08-10T18:45:46.226284Z","level":"info","event":"========== RULE DUPLICATES ==========","logger":"task.stdout"}
{"timestamp":"2026-08-10T18:45:46.226335Z","level":"info","event":"Tags defined in multiple rules: 0","logger":"task.stdout"}
{"timestamp":"2026-08-10T18:45:46.226379Z","level":"info","event":"Using raw file: data/raw/humana_2026_08_10.json","logger":"task.stdout"}
{"timestamp":"2026-08-10T18:45:46.515953Z","level":"info","event":"","logger":"task.stdout"}
{"timestamp":"2026-08-10T18:45:46.516177Z","level":"info","event":"Saved 30739 rows to data/processed/humana_financial_metrics_2026_08_10.csv","logger":"task.stdout"}
{"timestamp":"2026-08-10T18:45:46.516232Z","level":"info","event":"","logger":"task.stdout"}
{"timestamp":"2026-08-10T18:45:46.516273Z","level":"info","event":"========== DATA QUALITY CHECKS ==========","logger":"task.stdout"}
{"timestamp":"2026-08-10T18:45:46.516311Z","level":"info","event":"Total rows: 30739","logger":"task.stdout"}
{"timestamp":"2026-08-10T18:45:46.518627Z","level":"info","event":"Unique metrics: 85","logger":"task.stdout"}
{"timestamp":"2026-08-10T18:45:46.540599Z","level":"info","event":"source_tag","logger":"task.stdout"}
{"timestamp":"2026-08-10T18:45:46.540821Z","level":"info","event":"AccountsPayableAndAccruedLiabilitiesCurrent                               2","logger":"task.stdout"}
{"timestamp":"2026-08-10T18:45:46.540870Z","level":"info","event":"AmortizationOfIntangibleAssets                                            2","logger":"task.stdout"}
{"timestamp":"2026-08-10T18:45:46.541732Z","level":"info","event":"AssetsCurrent                                                             2","logger":"task.stdout"}
{"timestamp":"2026-08-10T18:45:46.542063Z","level":"info","event":"AssetsOfDisposalGroupIncludingDiscontinuedOperationCurrent                2","logger":"task.stdout"}
{"timestamp":"2026-08-10T18:45:46.542977Z","level":"info","event":"AvailableForSaleDebtSecuritiesAccumulatedGrossUnrealizedGainBeforeTax     2","logger":"task.stdout"}
{"timestamp":"2026-08-10T18:45:46.543362Z","level":"info","event":"                                                                         ..","logger":"task.stdout"}
{"timestamp":"2026-08-10T18:45:46.543426Z","level":"info","event":"ProceedsFromSaleOfAvailableForSaleSecurities                              2","logger":"task.stdout"}
{"timestamp":"2026-08-10T18:45:46.543465Z","level":"info","event":"ProceedsFromSaleOfAvailableForSaleSecuritiesDebt                          2","logger":"task.stdout"}
{"timestamp":"2026-08-10T18:45:46.543497Z","level":"info","event":"RepaymentsOfLongTermDebt                                                  2","logger":"task.stdout"}
{"timestamp":"2026-08-10T18:45:46.543528Z","level":"info","event":"StockholdersEquityIncludingPortionAttributableToNoncontrollingInterest    2","logger":"task.stdout"}
{"timestamp":"2026-08-10T18:45:46.543559Z","level":"info","event":"TreasuryStockValueAcquiredCostMethod                                      2","logger":"task.stdout"}
{"timestamp":"2026-08-10T18:45:46.543590Z","level":"info","event":"Name: metric, Length: 88, dtype: int64","logger":"task.stdout"}
{"timestamp":"2026-08-10T18:45:46.543622Z","level":"info","event":"Duplicate rows: 0","logger":"task.stdout"}
{"timestamp":"2026-08-10T18:45:46.543657Z","level":"info","event":"","logger":"task.stdout"}
{"timestamp":"2026-08-10T18:45:46.543690Z","level":"info","event":"Missing values by column:","logger":"task.stdout"}
{"timestamp":"2026-08-10T18:45:46.549182Z","level":"info","event":"metric            0","logger":"task.stdout"}
{"timestamp":"2026-08-10T18:45:46.549638Z","level":"info","event":"source_tag        0","logger":"task.stdout"}
{"timestamp":"2026-08-10T18:45:46.549736Z","level":"info","event":"value             0","logger":"task.stdout"}
{"timestamp":"2026-08-10T18:45:46.549775Z","level":"info","event":"unit              0","logger":"task.stdout"}
{"timestamp":"2026-08-10T18:45:46.549810Z","level":"info","event":"start_date    11504","logger":"task.stdout"}
{"timestamp":"2026-08-10T18:45:46.549845Z","level":"info","event":"end_date          0","logger":"task.stdout"}
{"timestamp":"2026-08-10T18:45:46.549877Z","level":"info","event":"filed_date        0","logger":"task.stdout"}
{"timestamp":"2026-08-10T18:45:46.549908Z","level":"info","event":"form              0","logger":"task.stdout"}
{"timestamp":"2026-08-10T18:45:46.549940Z","level":"info","event":"dtype: int64","logger":"task.stdout"}
{"timestamp":"2026-08-10T18:45:46.645301Z","level":"info","event":"Transform completed: data/processed/humana_financial_metrics_2026_08_10.csv","logger":"task.stdout"}
{"timestamp":"2026-08-10T18:45:46.645266Z","level":"info","event":"Done. Returned value was: data/processed/humana_financial_metrics_2026_08_10.csv","dag_id":"xbrl_financial_pipeline","run_id":"manual__2026-08-07T20:46:30.512728+00:00","try_number":1,"map_index":-1,"task_id":"transform","ti_id":"019fddfa-3683-7ffa-b073-1b983c43f498","logger":"airflow.task.operators.airflow.providers.standard.decorators.python._PythonDecoratedOperator","filename":"python.py","lineno":233}
{"timestamp":"2026-08-10T18:45:46.645490Z","level":"info","event":"::group::Post Execute","dag_id":"xbrl_financial_pipeline","run_id":"manual__2026-08-07T20:46:30.512728+00:00","try_number":1,"map_index":-1,"task_id":"transform","ti_id":"019fddfa-3683-7ffa-b073-1b983c43f498","logger":"task","filename":"task_runner.py","lineno":1577}
{"timestamp":"2026-08-10T18:45:46.645690Z","level":"info","event":"Pushing xcom","ti":"RuntimeTaskInstance(id=UUID('019fddfa-3683-7ffa-b073-1b983c43f498'), task_id='transform', dag_id='xbrl_financial_pipeline', run_id='manual__2026-08-07T20:46:30.512728+00:00', try_number=1, dag_version_id=UUID('019fdcc9-3fe6-74fe-8b61-a6f0a5bdaf81'), map_index=-1, hostname='macbook-pro-irina.local', context_carrier={'traceparent': '00-a123ac7455a2005084dda8650067dd7e-85325cbfe44a8f44-00'}, queue='default', task=<Task(_PythonDecoratedOperator): transform>, bundle_instance=LocalDagBundle(name=dags-folder), max_tries=0, start_date=datetime.datetime(2026, 8, 10, 18, 45, 42, 54912, tzinfo=datetime.timezone.utc), end_date=None, state=<TaskInstanceState.RUNNING: 'running'>, is_mapped=False, rendered_map_index=None, sentry_integration='')","dag_id":"xbrl_financial_pipeline","run_id":"manual__2026-08-07T20:46:30.512728+00:00","try_number":1,"map_index":-1,"task_id":"transform","ti_id":"019fddfa-3683-7ffa-b073-1b983c43f498","logger":"task","filename":"task_runner.py","lineno":2171}
{"timestamp":"2026-08-10T18:45:46.736483Z","level":"info","event":"::endgroup::","dag_id":"xbrl_financial_pipeline","run_id":"manual__2026-08-07T20:46:30.512728+00:00","try_number":1,"map_index":-1,"task_id":"transform","ti_id":"019fddfa-3683-7ffa-b073-1b983c43f498","logger":"task","filename":"task_runner.py","lineno":2270}
