{"timestamp":"2026-08-31T19:11:44.068201Z","level":"info","event":"2026-08-31T19:11:44.067863Z [info     ] ::group::Pre Execute           [task] loc=task_runner.py:2303","logger":"task.stdout"}
{"timestamp":"2026-08-31T19:11:44.266929Z","level":"info","event":"DAG bundles loaded: dags-folder","task_id":"transform","run_id":"manual__2026-08-31T19:05:35.269896+00:00","map_index":-1,"ti_id":"01a05936-713f-7c47-9d89-8dd48e200338","dag_id":"xbrl_financial_pipeline","try_number":1,"logger":"airflow.dag_processing.bundles.manager.DagBundlesManager","filename":"manager.py","lineno":271}
{"timestamp":"2026-08-31T19:11:44.267340Z","level":"info","event":"Filling up the DagBag from /Users/irinafendley/Projects/ETLFinancial/airflow_config/dags/auto_pipeline.py","task_id":"transform","run_id":"manual__2026-08-31T19:05:35.269896+00:00","map_index":-1,"ti_id":"01a05936-713f-7c47-9d89-8dd48e200338","dag_id":"xbrl_financial_pipeline","try_number":1,"logger":"airflow.dag_processing.dagbag.BundleDagBag","filename":"dagbag.py","lineno":460}
{"timestamp":"2026-08-31T19:11:44.287628Z","level":"info","event":"Worker startup parse complete","bundle_name":"dags-folder","bundle_version":null,"dag_file":"auto_pipeline.py","dag_id":"xbrl_financial_pipeline","bundle_prepare_ms":0,"dag_file_parse_ms":20,"task_id":"transform","run_id":"manual__2026-08-31T19:05:35.269896+00:00","map_index":-1,"ti_id":"01a05936-713f-7c47-9d89-8dd48e200338","try_number":1,"logger":"task","filename":"task_runner.py","lineno":1062}
{"timestamp":"2026-08-31T19:11:44.333818Z","level":"info","event":"::endgroup::","task_id":"transform","run_id":"manual__2026-08-31T19:05:35.269896+00:00","map_index":-1,"ti_id":"01a05936-713f-7c47-9d89-8dd48e200338","dag_id":"xbrl_financial_pipeline","try_number":1,"logger":"task","filename":"task_runner.py","lineno":2107}
{"timestamp":"2026-08-31T19:11:44.622886Z","level":"info","event":"","logger":"task.stdout"}
{"timestamp":"2026-08-31T19:11:44.623328Z","level":"info","event":"========== RULE DUPLICATES ==========","logger":"task.stdout"}
{"timestamp":"2026-08-31T19:11:44.623406Z","level":"info","event":"Tags defined in multiple rules: 0","logger":"task.stdout"}
{"timestamp":"2026-08-31T19:11:44.648983Z","level":"info","event":"Using raw file: data/raw/humana_2026_08_31.json","logger":"task.stdout"}
{"timestamp":"2026-08-31T19:11:44.868698Z","level":"info","event":"","logger":"task.stdout"}
{"timestamp":"2026-08-31T19:11:44.868810Z","level":"info","event":"Saved 30739 rows to data/processed/humana_financial_metrics_2026_08_31.csv","logger":"task.stdout"}
{"timestamp":"2026-08-31T19:11:44.868858Z","level":"info","event":"","logger":"task.stdout"}
{"timestamp":"2026-08-31T19:11:44.868901Z","level":"info","event":"========== DATA QUALITY CHECKS ==========","logger":"task.stdout"}
{"timestamp":"2026-08-31T19:11:44.868940Z","level":"info","event":"Total rows: 30739","logger":"task.stdout"}
{"timestamp":"2026-08-31T19:11:44.869957Z","level":"info","event":"Unique metrics: 85","logger":"task.stdout"}
{"timestamp":"2026-08-31T19:11:44.895111Z","level":"info","event":"source_tag","logger":"task.stdout"}
{"timestamp":"2026-08-31T19:11:44.895265Z","level":"info","event":"AccountsPayableAndAccruedLiabilitiesCurrent                               2","logger":"task.stdout"}
{"timestamp":"2026-08-31T19:11:44.895315Z","level":"info","event":"AmortizationOfIntangibleAssets                                            2","logger":"task.stdout"}
{"timestamp":"2026-08-31T19:11:44.895356Z","level":"info","event":"AssetsCurrent                                                             2","logger":"task.stdout"}
{"timestamp":"2026-08-31T19:11:44.895395Z","level":"info","event":"AssetsOfDisposalGroupIncludingDiscontinuedOperationCurrent                2","logger":"task.stdout"}
{"timestamp":"2026-08-31T19:11:44.895432Z","level":"info","event":"AvailableForSaleDebtSecuritiesAccumulatedGrossUnrealizedGainBeforeTax     2","logger":"task.stdout"}
{"timestamp":"2026-08-31T19:11:44.895469Z","level":"info","event":"                                                                         ..","logger":"task.stdout"}
{"timestamp":"2026-08-31T19:11:44.895517Z","level":"info","event":"ProceedsFromSaleOfAvailableForSaleSecurities                              2","logger":"task.stdout"}
{"timestamp":"2026-08-31T19:11:44.895557Z","level":"info","event":"ProceedsFromSaleOfAvailableForSaleSecuritiesDebt                          2","logger":"task.stdout"}
{"timestamp":"2026-08-31T19:11:44.895592Z","level":"info","event":"RepaymentsOfLongTermDebt                                                  2","logger":"task.stdout"}
{"timestamp":"2026-08-31T19:11:44.895627Z","level":"info","event":"StockholdersEquityIncludingPortionAttributableToNoncontrollingInterest    2","logger":"task.stdout"}
{"timestamp":"2026-08-31T19:11:44.895662Z","level":"info","event":"TreasuryStockValueAcquiredCostMethod                                      2","logger":"task.stdout"}
{"timestamp":"2026-08-31T19:11:44.895696Z","level":"info","event":"Name: metric, Length: 88, dtype: int64","logger":"task.stdout"}
{"timestamp":"2026-08-31T19:11:44.895730Z","level":"info","event":"Duplicate rows: 0","logger":"task.stdout"}
{"timestamp":"2026-08-31T19:11:44.895765Z","level":"info","event":"","logger":"task.stdout"}
{"timestamp":"2026-08-31T19:11:44.895805Z","level":"info","event":"Missing values by column:","logger":"task.stdout"}
{"timestamp":"2026-08-31T19:11:44.904419Z","level":"info","event":"statement         0","logger":"task.stdout"}
{"timestamp":"2026-08-31T19:11:44.904559Z","level":"info","event":"metric            0","logger":"task.stdout"}
{"timestamp":"2026-08-31T19:11:44.904598Z","level":"info","event":"source_tag        0","logger":"task.stdout"}
{"timestamp":"2026-08-31T19:11:44.904635Z","level":"info","event":"value             0","logger":"task.stdout"}
{"timestamp":"2026-08-31T19:11:44.904702Z","level":"info","event":"unit              0","logger":"task.stdout"}
{"timestamp":"2026-08-31T19:11:44.904775Z","level":"info","event":"start_date    11504","logger":"task.stdout"}
{"timestamp":"2026-08-31T19:11:44.904842Z","level":"info","event":"end_date          0","logger":"task.stdout"}
{"timestamp":"2026-08-31T19:11:44.904879Z","level":"info","event":"filed_date        0","logger":"task.stdout"}
{"timestamp":"2026-08-31T19:11:44.904914Z","level":"info","event":"form              0","logger":"task.stdout"}
{"timestamp":"2026-08-31T19:11:44.904953Z","level":"info","event":"dtype: int64","logger":"task.stdout"}
{"timestamp":"2026-08-31T19:11:44.910916Z","level":"info","event":"Transform completed: data/processed/humana_financial_metrics_2026_08_31.csv","logger":"task.stdout"}
{"timestamp":"2026-08-31T19:11:44.910909Z","level":"info","event":"Done. Returned value was: data/processed/humana_financial_metrics_2026_08_31.csv","task_id":"transform","run_id":"manual__2026-08-31T19:05:35.269896+00:00","map_index":-1,"ti_id":"01a05936-713f-7c47-9d89-8dd48e200338","dag_id":"xbrl_financial_pipeline","try_number":1,"logger":"airflow.task.operators.airflow.providers.standard.decorators.python._PythonDecoratedOperator","filename":"python.py","lineno":233}
{"timestamp":"2026-08-31T19:11:44.911007Z","level":"info","event":"::group::Post Execute","task_id":"transform","run_id":"manual__2026-08-31T19:05:35.269896+00:00","map_index":-1,"ti_id":"01a05936-713f-7c47-9d89-8dd48e200338","dag_id":"xbrl_financial_pipeline","try_number":1,"logger":"task","filename":"task_runner.py","lineno":1577}
{"timestamp":"2026-08-31T19:11:44.911097Z","level":"info","event":"Pushing xcom","ti":"RuntimeTaskInstance(id=UUID('01a05936-713f-7c47-9d89-8dd48e200338'), task_id='transform', dag_id='xbrl_financial_pipeline', run_id='manual__2026-08-31T19:05:35.269896+00:00', try_number=1, dag_version_id=UUID('019ff14f-3c85-735c-96c3-eff9969d0e15'), map_index=-1, hostname='macbook-pro-irina.local', context_carrier={'traceparent': '00-facfeea99b60e9b00bb88e33933dfbdd-8b7f86436b1bf3ec-00'}, queue='default', task=<Task(_PythonDecoratedOperator): transform>, bundle_instance=LocalDagBundle(name=dags-folder), max_tries=0, start_date=datetime.datetime(2026, 8, 31, 19, 11, 43, 123719, tzinfo=datetime.timezone.utc), end_date=None, state=<TaskInstanceState.RUNNING: 'running'>, is_mapped=False, rendered_map_index=None, sentry_integration='')","task_id":"transform","run_id":"manual__2026-08-31T19:05:35.269896+00:00","map_index":-1,"ti_id":"01a05936-713f-7c47-9d89-8dd48e200338","dag_id":"xbrl_financial_pipeline","try_number":1,"logger":"task","filename":"task_runner.py","lineno":2171}
{"timestamp":"2026-08-31T19:11:44.992886Z","level":"info","event":"::endgroup::","task_id":"transform","run_id":"manual__2026-08-31T19:05:35.269896+00:00","map_index":-1,"ti_id":"01a05936-713f-7c47-9d89-8dd48e200338","dag_id":"xbrl_financial_pipeline","try_number":1,"logger":"task","filename":"task_runner.py","lineno":2270}
