{"timestamp":"2026-08-31T19:11:40.760065Z","level":"info","event":"2026-08-31T19:11:40.759402Z [info     ] ::group::Pre Execute           [task] loc=task_runner.py:2303","logger":"task.stdout"}
{"timestamp":"2026-08-31T19:11:40.933404Z","level":"info","event":"DAG bundles loaded: dags-folder","ti_id":"01a05932-2fe4-7f0a-b173-57d6a6b612ea","map_index":-1,"task_id":"generate_mapping","try_number":1,"dag_id":"xbrl_financial_pipeline","run_id":"manual__2026-08-31T19:00:56.400736+00:00","logger":"airflow.dag_processing.bundles.manager.DagBundlesManager","filename":"manager.py","lineno":271}
{"timestamp":"2026-08-31T19:11:40.933799Z","level":"info","event":"Filling up the DagBag from /Users/irinafendley/Projects/ETLFinancial/airflow_config/dags/auto_pipeline.py","ti_id":"01a05932-2fe4-7f0a-b173-57d6a6b612ea","map_index":-1,"task_id":"generate_mapping","try_number":1,"dag_id":"xbrl_financial_pipeline","run_id":"manual__2026-08-31T19:00:56.400736+00:00","logger":"airflow.dag_processing.dagbag.BundleDagBag","filename":"dagbag.py","lineno":460}
{"timestamp":"2026-08-31T19:11:40.960889Z","level":"info","event":"Worker startup parse complete","bundle_name":"dags-folder","bundle_version":null,"dag_file":"auto_pipeline.py","dag_id":"xbrl_financial_pipeline","bundle_prepare_ms":0,"dag_file_parse_ms":27,"ti_id":"01a05932-2fe4-7f0a-b173-57d6a6b612ea","map_index":-1,"task_id":"generate_mapping","try_number":1,"run_id":"manual__2026-08-31T19:00:56.400736+00:00","logger":"task","filename":"task_runner.py","lineno":1062}
{"timestamp":"2026-08-31T19:11:41.008030Z","level":"info","event":"::endgroup::","ti_id":"01a05932-2fe4-7f0a-b173-57d6a6b612ea","map_index":-1,"task_id":"generate_mapping","try_number":1,"dag_id":"xbrl_financial_pipeline","run_id":"manual__2026-08-31T19:00:56.400736+00:00","logger":"task","filename":"task_runner.py","lineno":2107}
{"timestamp":"2026-08-31T19:11:41.009801Z","level":"info","event":"","logger":"task.stdout"}
{"timestamp":"2026-08-31T19:11:41.009934Z","level":"info","event":"========== RULE DUPLICATES ==========","logger":"task.stdout"}
{"timestamp":"2026-08-31T19:11:41.009985Z","level":"info","event":"Tags defined in multiple rules: 0","logger":"task.stdout"}
{"timestamp":"2026-08-31T19:11:41.010107Z","level":"info","event":"Generating mapping from: data/raw/humana_2026_08_31.json","logger":"task.stdout"}
{"timestamp":"2026-08-31T19:11:42.208853Z","level":"info","event":"","logger":"task.stdout"}
{"timestamp":"2026-08-31T19:11:42.209231Z","level":"info","event":"========== MAPPING DUPLICATES ==========","logger":"task.stdout"}
{"timestamp":"2026-08-31T19:11:42.209331Z","level":"info","event":"Tags mapped to multiple metrics: 88","logger":"task.stdout"}
{"timestamp":"2026-08-31T19:11:42.209381Z","level":"info","event":"","logger":"task.stdout"}
{"timestamp":"2026-08-31T19:11:42.209424Z","level":"info","event":" LiabilityForUnpaidClaimsAndClaimsAdjustmentExpenseIncurredClaims","logger":"task.stdout"}
{"timestamp":"2026-08-31T19:11:42.209465Z","level":"info","event":"  -> income_statement.medical_benefits_and_claims_expense","logger":"task.stdout"}
{"timestamp":"2026-08-31T19:11:42.209508Z","level":"info","event":"  -> balance_sheet.insurance_claim_reserves","logger":"task.stdout"}
{"timestamp":"2026-08-31T19:11:42.209546Z","level":"info","event":"","logger":"task.stdout"}
{"timestamp":"2026-08-31T19:11:42.209585Z","level":"info","event":" LiabilityForUnpaidClaimsAndClaimsAdjustmentExpenseIncurredClaims1","logger":"task.stdout"}
{"timestamp":"2026-08-31T19:11:42.209624Z","level":"info","event":"  -> income_statement.medical_benefits_and_claims_expense","logger":"task.stdout"}
{"timestamp":"2026-08-31T19:11:42.209667Z","level":"info","event":"  -> balance_sheet.insurance_claim_reserves","logger":"task.stdout"}
{"timestamp":"2026-08-31T19:11:42.209707Z","level":"info","event":"","logger":"task.stdout"}
{"timestamp":"2026-08-31T19:11:42.209747Z","level":"info","event":" LiabilityForUnpaidClaimsAndClaimsAdjustmentExpenseIncurredClaimsCurrentYear","logger":"task.stdout"}
{"timestamp":"2026-08-31T19:11:42.209786Z","level":"info","event":"  -> income_statement.medical_benefits_and_claims_expense","logger":"task.stdout"}
{"timestamp":"2026-08-31T19:11:42.209846Z","level":"info","event":"  -> balance_sheet.insurance_claim_reserves","logger":"task.stdout"}
{"timestamp":"2026-08-31T19:11:42.209885Z","level":"info","event":"","logger":"task.stdout"}
{"timestamp":"2026-08-31T19:11:42.209923Z","level":"info","event":" LiabilityForUnpaidClaimsAndClaimsAdjustmentExpenseIncurredClaimsPriorYears","logger":"task.stdout"}
{"timestamp":"2026-08-31T19:11:42.209961Z","level":"info","event":"  -> income_statement.medical_benefits_and_claims_expense","logger":"task.stdout"}
{"timestamp":"2026-08-31T19:11:42.210000Z","level":"info","event":"  -> balance_sheet.insurance_claim_reserves","logger":"task.stdout"}
{"timestamp":"2026-08-31T19:11:42.210039Z","level":"info","event":"","logger":"task.stdout"}
{"timestamp":"2026-08-31T19:11:42.210080Z","level":"info","event":" LiabilityForUnpaidClaimsAndClaimsAdjustmentExpenseIncurredButNotReportedIBNRClaimsAmount","logger":"task.stdout"}
{"timestamp":"2026-08-31T19:11:42.210118Z","level":"info","event":"  -> income_statement.medical_benefits_and_claims_expense","logger":"task.stdout"}
{"timestamp":"2026-08-31T19:11:42.210156Z","level":"info","event":"  -> balance_sheet.insurance_claim_reserves","logger":"task.stdout"}
{"timestamp":"2026-08-31T19:11:42.210192Z","level":"info","event":"","logger":"task.stdout"}
{"timestamp":"2026-08-31T19:11:42.210236Z","level":"info","event":" IncomeLossFromContinuingOperationsBeforeIncomeTaxesMinorityInterestAndIncomeLossFromEquityMethodInvestments","logger":"task.stdout"}
{"timestamp":"2026-08-31T19:11:42.210277Z","level":"info","event":"  -> income_statement.investment_income","logger":"task.stdout"}
{"timestamp":"2026-08-31T19:11:42.210316Z","level":"info","event":"  -> balance_sheet.investment_securities","logger":"task.stdout"}
{"timestamp":"2026-08-31T19:11:42.210350Z","level":"info","event":"  -> balance_sheet.investments","logger":"task.stdout"}
{"timestamp":"2026-08-31T19:11:42.210387Z","level":"info","event":"  -> balance_sheet.equity","logger":"task.stdout"}
{"timestamp":"2026-08-31T19:11:42.210424Z","level":"info","event":"","logger":"task.stdout"}
{"timestamp":"2026-08-31T19:11:42.210463Z","level":"info","event":" IncomeLossFromEquityMethodInvestments","logger":"task.stdout"}
{"timestamp":"2026-08-31T19:11:42.210501Z","level":"info","event":"  -> income_statement.investment_income","logger":"task.stdout"}
{"timestamp":"2026-08-31T19:11:42.210538Z","level":"info","event":"  -> balance_sheet.investment_securities","logger":"task.stdout"}
{"timestamp":"2026-08-31T19:11:42.210575Z","level":"info","event":"  -> balance_sheet.investments","logger":"task.stdout"}
{"timestamp":"2026-08-31T19:11:42.210612Z","level":"info","event":"","logger":"task.stdout"}
{"timestamp":"2026-08-31T19:11:42.210649Z","level":"info","event":" AmortizationOfIntangibleAssets","logger":"task.stdout"}
{"timestamp":"2026-08-31T19:11:42.210689Z","level":"info","event":"  -> income_statement.depreciation_and_amortization","logger":"task.stdout"}
{"timestamp":"2026-08-31T19:11:42.210727Z","level":"info","event":"  -> balance_sheet.total_assets","logger":"task.stdout"}
{"timestamp":"2026-08-31T19:11:42.210769Z","level":"info","event":"","logger":"task.stdout"}
{"timestamp":"2026-08-31T19:11:42.210808Z","level":"info","event":" FiniteLivedIntangibleAssetsAmortizationExpenseNextTwelveMonths","logger":"task.stdout"}
{"timestamp":"2026-08-31T19:11:42.210845Z","level":"info","event":"  -> income_statement.depreciation_and_amortization","logger":"task.stdout"}
{"timestamp":"2026-08-31T19:11:42.210881Z","level":"info","event":"  -> balance_sheet.total_assets","logger":"task.stdout"}
{"timestamp":"2026-08-31T19:11:42.210918Z","level":"info","event":"","logger":"task.stdout"}
{"timestamp":"2026-08-31T19:11:42.210956Z","level":"info","event":" FiniteLivedIntangibleAssetsAmortizationExpenseRemainderOfFiscalYear","logger":"task.stdout"}
{"timestamp":"2026-08-31T19:11:42.210997Z","level":"info","event":"  -> income_statement.depreciation_and_amortization","logger":"task.stdout"}
{"timestamp":"2026-08-31T19:11:42.211046Z","level":"info","event":"  -> balance_sheet.total_assets","logger":"task.stdout"}
{"timestamp":"2026-08-31T19:11:42.211086Z","level":"info","event":"","logger":"task.stdout"}
{"timestamp":"2026-08-31T19:11:42.211125Z","level":"info","event":" FiniteLivedIntangibleAssetsAmortizationExpenseYearFive","logger":"task.stdout"}
{"timestamp":"2026-08-31T19:11:42.211172Z","level":"info","event":"  -> income_statement.depreciation_and_amortization","logger":"task.stdout"}
{"timestamp":"2026-08-31T19:11:42.211213Z","level":"info","event":"  -> balance_sheet.total_assets","logger":"task.stdout"}
{"timestamp":"2026-08-31T19:11:42.211251Z","level":"info","event":"","logger":"task.stdout"}
{"timestamp":"2026-08-31T19:11:42.211393Z","level":"info","event":" FiniteLivedIntangibleAssetsAmortizationExpenseYearFour","logger":"task.stdout"}
{"timestamp":"2026-08-31T19:11:42.211446Z","level":"info","event":"  -> income_statement.depreciation_and_amortization","logger":"task.stdout"}
{"timestamp":"2026-08-31T19:11:42.211490Z","level":"info","event":"  -> balance_sheet.total_assets","logger":"task.stdout"}
{"timestamp":"2026-08-31T19:11:42.211530Z","level":"info","event":"","logger":"task.stdout"}
{"timestamp":"2026-08-31T19:11:42.211570Z","level":"info","event":" FiniteLivedIntangibleAssetsAmortizationExpenseYearThree","logger":"task.stdout"}
{"timestamp":"2026-08-31T19:11:42.211616Z","level":"info","event":"  -> income_statement.depreciation_and_amortization","logger":"task.stdout"}
{"timestamp":"2026-08-31T19:11:42.211655Z","level":"info","event":"  -> balance_sheet.total_assets","logger":"task.stdout"}
{"timestamp":"2026-08-31T19:11:42.211693Z","level":"info","event":"","logger":"task.stdout"}
{"timestamp":"2026-08-31T19:11:42.211731Z","level":"info","event":" FiniteLivedIntangibleAssetsAmortizationExpenseYearTwo","logger":"task.stdout"}
{"timestamp":"2026-08-31T19:11:42.211848Z","level":"info","event":"  -> income_statement.depreciation_and_amortization","logger":"task.stdout"}
{"timestamp":"2026-08-31T19:11:42.211957Z","level":"info","event":"  -> balance_sheet.total_assets","logger":"task.stdout"}
{"timestamp":"2026-08-31T19:11:42.212004Z","level":"info","event":"","logger":"task.stdout"}
{"timestamp":"2026-08-31T19:11:42.212049Z","level":"info","event":" NetIncomeLossAttributableToNoncontrollingInterest","logger":"task.stdout"}
{"timestamp":"2026-08-31T19:11:42.212169Z","level":"info","event":"  -> income_statement.net_income","logger":"task.stdout"}
{"timestamp":"2026-08-31T19:11:42.212219Z","level":"info","event":"  -> balance_sheet.equity","logger":"task.stdout"}
{"timestamp":"2026-08-31T19:11:42.212260Z","level":"info","event":"","logger":"task.stdout"}
{"timestamp":"2026-08-31T19:11:42.212304Z","level":"info","event":" OtherComprehensiveIncomeLossNetOfTax","logger":"task.stdout"}
{"timestamp":"2026-08-31T19:11:42.212345Z","level":"info","event":"  -> income_statement.net_income","logger":"task.stdout"}
{"timestamp":"2026-08-31T19:11:42.212384Z","level":"info","event":"  -> income_statement.other_income_expense","logger":"task.stdout"}
{"timestamp":"2026-08-31T19:11:42.212426Z","level":"info","event":"  -> income_statement.comprehensive_income","logger":"task.stdout"}
{"timestamp":"2026-08-31T19:11:42.212508Z","level":"info","event":"","logger":"task.stdout"}
{"timestamp":"2026-08-31T19:11:42.212549Z","level":"info","event":" OtherComprehensiveIncomeLossNetOfTaxPortionAttributableToParent","logger":"task.stdout"}
{"timestamp":"2026-08-31T19:11:42.212597Z","level":"info","event":"  -> income_statement.net_income","logger":"task.stdout"}
{"timestamp":"2026-08-31T19:11:42.212636Z","level":"info","event":"  -> income_statement.other_income_expense","logger":"task.stdout"}
{"timestamp":"2026-08-31T19:11:42.212674Z","level":"info","event":"  -> income_statement.comprehensive_income","logger":"task.stdout"}
{"timestamp":"2026-08-31T19:11:42.212715Z","level":"info","event":"","logger":"task.stdout"}
{"timestamp":"2026-08-31T19:11:42.212774Z","level":"info","event":" OtherComprehensiveIncomeLossReclassificationAdjustmentForSaleOfSecuritiesIncludedInNetIncomeBeforeTax","logger":"task.stdout"}
{"timestamp":"2026-08-31T19:11:42.212829Z","level":"info","event":"  -> income_statement.net_income","logger":"task.stdout"}
{"timestamp":"2026-08-31T19:11:42.212867Z","level":"info","event":"  -> income_statement.other_income_expense","logger":"task.stdout"}
{"timestamp":"2026-08-31T19:11:42.212909Z","level":"info","event":"  -> income_statement.comprehensive_income","logger":"task.stdout"}
{"timestamp":"2026-08-31T19:11:42.212948Z","level":"info","event":"","logger":"task.stdout"}
{"timestamp":"2026-08-31T19:11:42.212987Z","level":"info","event":" OtherComprehensiveIncomeLossReclassificationAdjustmentForSaleOfSecuritiesIncludedInNetIncomeNetOfTax","logger":"task.stdout"}
{"timestamp":"2026-08-31T19:11:42.213027Z","level":"info","event":"  -> income_statement.net_income","logger":"task.stdout"}
{"timestamp":"2026-08-31T19:11:42.213067Z","level":"info","event":"  -> income_statement.other_income_expense","logger":"task.stdout"}
{"timestamp":"2026-08-31T19:11:42.213107Z","level":"info","event":"  -> income_statement.comprehensive_income","logger":"task.stdout"}
{"timestamp":"2026-08-31T19:11:42.213145Z","level":"info","event":"","logger":"task.stdout"}
{"timestamp":"2026-08-31T19:11:42.213184Z","level":"info","event":" OtherComprehensiveIncomeLossReclassificationAdjustmentForSaleOfSecuritiesIncludedInNetIncomeTax","logger":"task.stdout"}
{"timestamp":"2026-08-31T19:11:42.213223Z","level":"info","event":"  -> income_statement.net_income","logger":"task.stdout"}
{"timestamp":"2026-08-31T19:11:42.213263Z","level":"info","event":"  -> income_statement.other_income_expense","logger":"task.stdout"}
{"timestamp":"2026-08-31T19:11:42.213302Z","level":"info","event":"  -> income_statement.comprehensive_income","logger":"task.stdout"}
{"timestamp":"2026-08-31T19:11:42.213342Z","level":"info","event":"","logger":"task.stdout"}
{"timestamp":"2026-08-31T19:11:42.213382Z","level":"info","event":" OtherComprehensiveIncomeLossReclassificationAdjustmentFromAOCIForSaleOfSecuritiesNetOfTax","logger":"task.stdout"}
{"timestamp":"2026-08-31T19:11:42.213421Z","level":"info","event":"  -> income_statement.net_income","logger":"task.stdout"}
{"timestamp":"2026-08-31T19:11:42.213459Z","level":"info","event":"  -> income_statement.other_income_expense","logger":"task.stdout"}
{"timestamp":"2026-08-31T19:11:42.213499Z","level":"info","event":"  -> income_statement.comprehensive_income","logger":"task.stdout"}
{"timestamp":"2026-08-31T19:11:42.213578Z","level":"info","event":"","logger":"task.stdout"}
{"timestamp":"2026-08-31T19:11:42.213622Z","level":"info","event":" OtherComprehensiveIncomeUnrealizedHoldingGainLossOnSecuritiesArisingDuringPeriodNetOfTax","logger":"task.stdout"}
{"timestamp":"2026-08-31T19:11:42.213661Z","level":"info","event":"  -> income_statement.net_income","logger":"task.stdout"}
{"timestamp":"2026-08-31T19:11:42.213752Z","level":"info","event":"  -> income_statement.other_income_expense","logger":"task.stdout"}
{"timestamp":"2026-08-31T19:11:42.213792Z","level":"info","event":"  -> income_statement.comprehensive_income","logger":"task.stdout"}
{"timestamp":"2026-08-31T19:11:42.213830Z","level":"info","event":"","logger":"task.stdout"}
{"timestamp":"2026-08-31T19:11:42.213868Z","level":"info","event":" IncomeLossFromContinuingOperationsBeforeIncomeTaxesExtraordinaryItemsNoncontrollingInterest","logger":"task.stdout"}
{"timestamp":"2026-08-31T19:11:42.213905Z","level":"info","event":"  -> income_statement.income_before_tax","logger":"task.stdout"}
{"timestamp":"2026-08-31T19:11:42.213944Z","level":"info","event":"  -> balance_sheet.equity","logger":"task.stdout"}
{"timestamp":"2026-08-31T19:11:42.213983Z","level":"info","event":"","logger":"task.stdout"}
{"timestamp":"2026-08-31T19:11:42.214022Z","level":"info","event":" DeferredTaxLiabilitiesOtherComprehensiveIncome","logger":"task.stdout"}
{"timestamp":"2026-08-31T19:11:42.214104Z","level":"info","event":"  -> income_statement.other_income_expense","logger":"task.stdout"}
{"timestamp":"2026-08-31T19:11:42.214320Z","level":"info","event":"  -> balance_sheet.deferred_tax_liabilities","logger":"task.stdout"}
{"timestamp":"2026-08-31T19:11:42.214370Z","level":"info","event":"  -> balance_sheet.total_liabilities","logger":"task.stdout"}
{"timestamp":"2026-08-31T19:11:42.214417Z","level":"info","event":"","logger":"task.stdout"}
{"timestamp":"2026-08-31T19:11:42.214461Z","level":"info","event":" GainLossOnSaleOfInvestments","logger":"task.stdout"}
{"timestamp":"2026-08-31T19:11:42.214501Z","level":"info","event":"  -> income_statement.other_income_expense","logger":"task.stdout"}
{"timestamp":"2026-08-31T19:11:42.214541Z","level":"info","event":"  -> balance_sheet.investments","logger":"task.stdout"}
{"timestamp":"2026-08-31T19:11:42.214579Z","level":"info","event":"","logger":"task.stdout"}
{"timestamp":"2026-08-31T19:11:42.214615Z","level":"info","event":" OtherComprehensiveIncomeReclassificationAdjustmentForSaleOfSecuritiesIncludedInNetIncomeBeforeTax","logger":"task.stdout"}
{"timestamp":"2026-08-31T19:11:42.214657Z","level":"info","event":"  -> income_statement.other_income_expense","logger":"task.stdout"}
{"timestamp":"2026-08-31T19:11:42.214695Z","level":"info","event":"  -> income_statement.comprehensive_income","logger":"task.stdout"}
{"timestamp":"2026-08-31T19:11:42.214737Z","level":"info","event":"","logger":"task.stdout"}
{"timestamp":"2026-08-31T19:11:42.214775Z","level":"info","event":" OtherComprehensiveIncomeReclassificationAdjustmentForSaleOfSecuritiesIncludedInNetIncomeNetOfTax","logger":"task.stdout"}
{"timestamp":"2026-08-31T19:11:42.214813Z","level":"info","event":"  -> income_statement.other_income_expense","logger":"task.stdout"}
{"timestamp":"2026-08-31T19:11:42.214850Z","level":"info","event":"  -> income_statement.comprehensive_income","logger":"task.stdout"}
{"timestamp":"2026-08-31T19:11:42.214887Z","level":"info","event":"","logger":"task.stdout"}
{"timestamp":"2026-08-31T19:11:42.214925Z","level":"info","event":" OtherComprehensiveIncomeReclassificationAdjustmentForSaleOfSecuritiesIncludedInNetIncomeTax","logger":"task.stdout"}
{"timestamp":"2026-08-31T19:11:42.214964Z","level":"info","event":"  -> income_statement.other_income_expense","logger":"task.stdout"}
{"timestamp":"2026-08-31T19:11:42.215003Z","level":"info","event":"  -> income_statement.comprehensive_income","logger":"task.stdout"}
{"timestamp":"2026-08-31T19:11:42.215042Z","level":"info","event":"","logger":"task.stdout"}
{"timestamp":"2026-08-31T19:11:42.215079Z","level":"info","event":" OtherComprehensiveIncomeAvailableforsaleSecuritiesAdjustmentNetOfTaxPortionAttributableToParent","logger":"task.stdout"}
{"timestamp":"2026-08-31T19:11:42.215117Z","level":"info","event":"  -> income_statement.other_income_expense","logger":"task.stdout"}
{"timestamp":"2026-08-31T19:11:42.215155Z","level":"info","event":"  -> income_statement.comprehensive_income","logger":"task.stdout"}
{"timestamp":"2026-08-31T19:11:42.215194Z","level":"info","event":"","logger":"task.stdout"}
{"timestamp":"2026-08-31T19:11:42.215232Z","level":"info","event":" AvailableForSaleDebtSecuritiesAccumulatedGrossUnrealizedGainBeforeTax","logger":"task.stdout"}
{"timestamp":"2026-08-31T19:11:42.215269Z","level":"info","event":"  -> income_statement.investment_gains_losses","logger":"task.stdout"}
{"timestamp":"2026-08-31T19:11:42.215305Z","level":"info","event":"  -> balance_sheet.investment_securities","logger":"task.stdout"}
{"timestamp":"2026-08-31T19:11:42.215344Z","level":"info","event":"","logger":"task.stdout"}
{"timestamp":"2026-08-31T19:11:42.215381Z","level":"info","event":" ComprehensiveIncomeNetOfTaxAttributableToNoncontrollingInterest","logger":"task.stdout"}
{"timestamp":"2026-08-31T19:11:42.215418Z","level":"info","event":"  -> income_statement.comprehensive_income","logger":"task.stdout"}
{"timestamp":"2026-08-31T19:11:42.215456Z","level":"info","event":"  -> balance_sheet.equity","logger":"task.stdout"}
{"timestamp":"2026-08-31T19:11:42.215493Z","level":"info","event":"","logger":"task.stdout"}
{"timestamp":"2026-08-31T19:11:42.215538Z","level":"info","event":" ComprehensiveIncomeNetOfTaxIncludingPortionAttributableToNoncontrollingInterest","logger":"task.stdout"}
{"timestamp":"2026-08-31T19:11:42.215577Z","level":"info","event":"  -> income_statement.comprehensive_income","logger":"task.stdout"}
{"timestamp":"2026-08-31T19:11:42.215616Z","level":"info","event":"  -> balance_sheet.equity","logger":"task.stdout"}
{"timestamp":"2026-08-31T19:11:42.215654Z","level":"info","event":"","logger":"task.stdout"}
{"timestamp":"2026-08-31T19:11:42.215693Z","level":"info","event":" CashCashEquivalentsRestrictedCashAndRestrictedCashEquivalentsPeriodIncreaseDecreaseExcludingExchangeRateEffect","logger":"task.stdout"}
{"timestamp":"2026-08-31T19:11:42.215734Z","level":"info","event":"  -> balance_sheet.cash_and_cash_equivalents","logger":"task.stdout"}
{"timestamp":"2026-08-31T19:11:42.215775Z","level":"info","event":"  -> cash_flow.cash_change","logger":"task.stdout"}
{"timestamp":"2026-08-31T19:11:42.215815Z","level":"info","event":"","logger":"task.stdout"}
{"timestamp":"2026-08-31T19:11:42.215853Z","level":"info","event":" CashCashEquivalentsRestrictedCashAndRestrictedCashEquivalentsPeriodIncreaseDecreaseIncludingExchangeRateEffect","logger":"task.stdout"}
{"timestamp":"2026-08-31T19:11:42.215890Z","level":"info","event":"  -> balance_sheet.cash_and_cash_equivalents","logger":"task.stdout"}
{"timestamp":"2026-08-31T19:11:42.215929Z","level":"info","event":"  -> cash_flow.cash_change","logger":"task.stdout"}
{"timestamp":"2026-08-31T19:11:42.215969Z","level":"info","event":"","logger":"task.stdout"}
{"timestamp":"2026-08-31T19:11:42.216006Z","level":"info","event":" ProceedsFromRepaymentsOfBankOverdrafts","logger":"task.stdout"}
{"timestamp":"2026-08-31T19:11:42.216043Z","level":"info","event":"  -> balance_sheet.cash_and_cash_equivalents","logger":"task.stdout"}
{"timestamp":"2026-08-31T19:11:42.216082Z","level":"info","event":"  -> cash_flow.other_financing_activity","logger":"task.stdout"}
{"timestamp":"2026-08-31T19:11:42.216122Z","level":"info","event":"","logger":"task.stdout"}
{"timestamp":"2026-08-31T19:11:42.216161Z","level":"info","event":" AvailableForSaleSecuritiesDebtSecuritiesCurrent","logger":"task.stdout"}
{"timestamp":"2026-08-31T19:11:42.216200Z","level":"info","event":"  -> balance_sheet.investment_securities","logger":"task.stdout"}
{"timestamp":"2026-08-31T19:11:42.216239Z","level":"info","event":"  -> balance_sheet.debt","logger":"task.stdout"}
{"timestamp":"2026-08-31T19:11:42.216276Z","level":"info","event":"","logger":"task.stdout"}
{"timestamp":"2026-08-31T19:11:42.216313Z","level":"info","event":" EquityMethodInvestments","logger":"task.stdout"}
{"timestamp":"2026-08-31T19:11:42.216352Z","level":"info","event":"  -> balance_sheet.investment_securities","logger":"task.stdout"}
{"timestamp":"2026-08-31T19:11:42.216390Z","level":"info","event":"  -> balance_sheet.investments","logger":"task.stdout"}
{"timestamp":"2026-08-31T19:11:42.216427Z","level":"info","event":"","logger":"task.stdout"}
{"timestamp":"2026-08-31T19:11:42.216466Z","level":"info","event":" PaymentsToAcquireAvailableForSaleSecurities","logger":"task.stdout"}
{"timestamp":"2026-08-31T19:11:42.216502Z","level":"info","event":"  -> balance_sheet.investment_securities","logger":"task.stdout"}
{"timestamp":"2026-08-31T19:11:42.216539Z","level":"info","event":"  -> cash_flow.investment_purchases","logger":"task.stdout"}
{"timestamp":"2026-08-31T19:11:42.216578Z","level":"info","event":"","logger":"task.stdout"}
{"timestamp":"2026-08-31T19:11:42.216616Z","level":"info","event":" PaymentsToAcquireAvailableForSaleSecuritiesDebt","logger":"task.stdout"}
{"timestamp":"2026-08-31T19:11:42.216654Z","level":"info","event":"  -> balance_sheet.investment_securities","logger":"task.stdout"}
{"timestamp":"2026-08-31T19:11:42.216691Z","level":"info","event":"  -> cash_flow.investment_purchases","logger":"task.stdout"}
{"timestamp":"2026-08-31T19:11:42.216728Z","level":"info","event":"","logger":"task.stdout"}
{"timestamp":"2026-08-31T19:11:42.216827Z","level":"info","event":" PaymentsToAcquireEquityMethodInvestments","logger":"task.stdout"}
{"timestamp":"2026-08-31T19:11:42.216884Z","level":"info","event":"  -> balance_sheet.investment_securities","logger":"task.stdout"}
{"timestamp":"2026-08-31T19:11:42.216929Z","level":"info","event":"  -> balance_sheet.investments","logger":"task.stdout"}
{"timestamp":"2026-08-31T19:11:42.216970Z","level":"info","event":"","logger":"task.stdout"}
{"timestamp":"2026-08-31T19:11:42.217012Z","level":"info","event":" ProceedsFromSaleOfAvailableForSaleSecurities","logger":"task.stdout"}
{"timestamp":"2026-08-31T19:11:42.217049Z","level":"info","event":"  -> balance_sheet.investment_securities","logger":"task.stdout"}
{"timestamp":"2026-08-31T19:11:42.217087Z","level":"info","event":"  -> cash_flow.investment_sales","logger":"task.stdout"}
{"timestamp":"2026-08-31T19:11:42.217127Z","level":"info","event":"","logger":"task.stdout"}
{"timestamp":"2026-08-31T19:11:42.217166Z","level":"info","event":" ProceedsFromSaleOfAvailableForSaleSecuritiesDebt","logger":"task.stdout"}
{"timestamp":"2026-08-31T19:11:42.217206Z","level":"info","event":"  -> balance_sheet.investment_securities","logger":"task.stdout"}
{"timestamp":"2026-08-31T19:11:42.217244Z","level":"info","event":"  -> cash_flow.investment_sales","logger":"task.stdout"}
{"timestamp":"2026-08-31T19:11:42.217281Z","level":"info","event":"","logger":"task.stdout"}
{"timestamp":"2026-08-31T19:11:42.217320Z","level":"info","event":" AssetsCurrent","logger":"task.stdout"}
{"timestamp":"2026-08-31T19:11:42.217359Z","level":"info","event":"  -> balance_sheet.total_assets","logger":"task.stdout"}
{"timestamp":"2026-08-31T19:11:42.217397Z","level":"info","event":"  -> balance_sheet.current_assets","logger":"task.stdout"}
{"timestamp":"2026-08-31T19:11:42.217434Z","level":"info","event":"","logger":"task.stdout"}
{"timestamp":"2026-08-31T19:11:42.217471Z","level":"info","event":" AssetsOfDisposalGroupIncludingDiscontinuedOperationCurrent","logger":"task.stdout"}
{"timestamp":"2026-08-31T19:11:42.217510Z","level":"info","event":"  -> balance_sheet.total_assets","logger":"task.stdout"}
{"timestamp":"2026-08-31T19:11:42.217549Z","level":"info","event":"  -> balance_sheet.current_assets","logger":"task.stdout"}
{"timestamp":"2026-08-31T19:11:42.217586Z","level":"info","event":"","logger":"task.stdout"}
{"timestamp":"2026-08-31T19:11:42.217623Z","level":"info","event":" DeferredTaxAssetsCapitalLossCarryforwards","logger":"task.stdout"}
{"timestamp":"2026-08-31T19:11:42.217661Z","level":"info","event":"  -> balance_sheet.total_assets","logger":"task.stdout"}
{"timestamp":"2026-08-31T19:11:42.217700Z","level":"info","event":"  -> balance_sheet.deferred_tax_assets","logger":"task.stdout"}
{"timestamp":"2026-08-31T19:11:42.217739Z","level":"info","event":"","logger":"task.stdout"}
{"timestamp":"2026-08-31T19:11:42.217778Z","level":"info","event":" DeferredTaxAssetsGross","logger":"task.stdout"}
{"timestamp":"2026-08-31T19:11:42.217816Z","level":"info","event":"  -> balance_sheet.total_assets","logger":"task.stdout"}
{"timestamp":"2026-08-31T19:11:42.217856Z","level":"info","event":"  -> balance_sheet.deferred_tax_assets","logger":"task.stdout"}
{"timestamp":"2026-08-31T19:11:42.217896Z","level":"info","event":"","logger":"task.stdout"}
{"timestamp":"2026-08-31T19:11:42.217936Z","level":"info","event":" DeferredTaxAssetsInvestments","logger":"task.stdout"}
{"timestamp":"2026-08-31T19:11:42.217975Z","level":"info","event":"  -> balance_sheet.total_assets","logger":"task.stdout"}
{"timestamp":"2026-08-31T19:11:42.218014Z","level":"info","event":"  -> balance_sheet.deferred_tax_assets","logger":"task.stdout"}
{"timestamp":"2026-08-31T19:11:42.218052Z","level":"info","event":"  -> balance_sheet.investments","logger":"task.stdout"}
{"timestamp":"2026-08-31T19:11:42.218091Z","level":"info","event":"","logger":"task.stdout"}
{"timestamp":"2026-08-31T19:11:42.218130Z","level":"info","event":" DeferredTaxAssetsLiabilitiesNet","logger":"task.stdout"}
{"timestamp":"2026-08-31T19:11:42.218167Z","level":"info","event":"  -> balance_sheet.total_assets","logger":"task.stdout"}
{"timestamp":"2026-08-31T19:11:42.218212Z","level":"info","event":"  -> balance_sheet.deferred_tax_assets","logger":"task.stdout"}
{"timestamp":"2026-08-31T19:11:42.218249Z","level":"info","event":"  -> balance_sheet.deferred_tax_liabilities","logger":"task.stdout"}
{"timestamp":"2026-08-31T19:11:42.218286Z","level":"info","event":"  -> balance_sheet.total_liabilities","logger":"task.stdout"}
{"timestamp":"2026-08-31T19:11:42.218323Z","level":"info","event":"","logger":"task.stdout"}
{"timestamp":"2026-08-31T19:11:42.218360Z","level":"info","event":" DeferredTaxAssetsLiabilitiesNetCurrent","logger":"task.stdout"}
{"timestamp":"2026-08-31T19:11:42.218397Z","level":"info","event":"  -> balance_sheet.total_assets","logger":"task.stdout"}
{"timestamp":"2026-08-31T19:11:42.218435Z","level":"info","event":"  -> balance_sheet.current_assets","logger":"task.stdout"}
{"timestamp":"2026-08-31T19:11:42.218472Z","level":"info","event":"  -> balance_sheet.deferred_tax_assets","logger":"task.stdout"}
{"timestamp":"2026-08-31T19:11:42.218508Z","level":"info","event":"  -> balance_sheet.deferred_tax_liabilities","logger":"task.stdout"}
{"timestamp":"2026-08-31T19:11:42.218548Z","level":"info","event":"  -> balance_sheet.total_liabilities","logger":"task.stdout"}
{"timestamp":"2026-08-31T19:11:42.218584Z","level":"info","event":"  -> balance_sheet.current_liabilities","logger":"task.stdout"}
{"timestamp":"2026-08-31T19:11:42.218623Z","level":"info","event":"","logger":"task.stdout"}
{"timestamp":"2026-08-31T19:11:42.218662Z","level":"info","event":" DeferredTaxAssetsLiabilitiesNetNoncurrent","logger":"task.stdout"}
{"timestamp":"2026-08-31T19:11:42.218700Z","level":"info","event":"  -> balance_sheet.total_assets","logger":"task.stdout"}
{"timestamp":"2026-08-31T19:11:42.218737Z","level":"info","event":"  -> balance_sheet.deferred_tax_assets","logger":"task.stdout"}
{"timestamp":"2026-08-31T19:11:42.218774Z","level":"info","event":"  -> balance_sheet.deferred_tax_liabilities","logger":"task.stdout"}
{"timestamp":"2026-08-31T19:11:42.218811Z","level":"info","event":"  -> balance_sheet.total_liabilities","logger":"task.stdout"}
{"timestamp":"2026-08-31T19:11:42.218848Z","level":"info","event":"","logger":"task.stdout"}
{"timestamp":"2026-08-31T19:11:42.218885Z","level":"info","event":" DeferredTaxAssetsNet","logger":"task.stdout"}
{"timestamp":"2026-08-31T19:11:42.218923Z","level":"info","event":"  -> balance_sheet.total_assets","logger":"task.stdout"}
{"timestamp":"2026-08-31T19:11:42.218960Z","level":"info","event":"  -> balance_sheet.deferred_tax_assets","logger":"task.stdout"}
{"timestamp":"2026-08-31T19:11:42.218997Z","level":"info","event":"","logger":"task.stdout"}
{"timestamp":"2026-08-31T19:11:42.219034Z","level":"info","event":" DeferredTaxAssetsOperatingLossCarryforwards","logger":"task.stdout"}
{"timestamp":"2026-08-31T19:11:42.219071Z","level":"info","event":"  -> balance_sheet.total_assets","logger":"task.stdout"}
{"timestamp":"2026-08-31T19:11:42.219108Z","level":"info","event":"  -> balance_sheet.deferred_tax_assets","logger":"task.stdout"}
{"timestamp":"2026-08-31T19:11:42.219145Z","level":"info","event":"  -> balance_sheet.tax_assets_and_liabilities","logger":"task.stdout"}
{"timestamp":"2026-08-31T19:11:42.219182Z","level":"info","event":"","logger":"task.stdout"}
{"timestamp":"2026-08-31T19:11:42.219228Z","level":"info","event":" DeferredTaxAssetsOther","logger":"task.stdout"}
{"timestamp":"2026-08-31T19:11:42.219265Z","level":"info","event":"  -> balance_sheet.total_assets","logger":"task.stdout"}
{"timestamp":"2026-08-31T19:11:42.219301Z","level":"info","event":"  -> balance_sheet.deferred_tax_assets","logger":"task.stdout"}
{"timestamp":"2026-08-31T19:11:42.219338Z","level":"info","event":"","logger":"task.stdout"}
{"timestamp":"2026-08-31T19:11:42.219375Z","level":"info","event":" DeferredTaxAssetsTaxDeferredExpenseCompensationAndBenefitsEmployeeBenefits","logger":"task.stdout"}
{"timestamp":"2026-08-31T19:11:42.219412Z","level":"info","event":"  -> balance_sheet.total_assets","logger":"task.stdout"}
{"timestamp":"2026-08-31T19:11:42.219456Z","level":"info","event":"  -> balance_sheet.deferred_tax_assets","logger":"task.stdout"}
{"timestamp":"2026-08-31T19:11:42.219492Z","level":"info","event":"","logger":"task.stdout"}
{"timestamp":"2026-08-31T19:11:42.219529Z","level":"info","event":" DeferredTaxAssetsTaxDeferredExpenseReservesAndAccrualsAccruedLiabilities","logger":"task.stdout"}
{"timestamp":"2026-08-31T19:11:42.219567Z","level":"info","event":"  -> balance_sheet.total_assets","logger":"task.stdout"}
{"timestamp":"2026-08-31T19:11:42.219606Z","level":"info","event":"  -> balance_sheet.deferred_tax_assets","logger":"task.stdout"}
{"timestamp":"2026-08-31T19:11:42.219645Z","level":"info","event":"  -> balance_sheet.deferred_tax_liabilities","logger":"task.stdout"}
{"timestamp":"2026-08-31T19:11:42.219685Z","level":"info","event":"  -> balance_sheet.total_liabilities","logger":"task.stdout"}
{"timestamp":"2026-08-31T19:11:42.219727Z","level":"info","event":"","logger":"task.stdout"}
{"timestamp":"2026-08-31T19:11:42.219766Z","level":"info","event":" DeferredTaxAssetsTaxDeferredExpenseReservesAndAccrualsLossReserves","logger":"task.stdout"}
{"timestamp":"2026-08-31T19:11:42.219806Z","level":"info","event":"  -> balance_sheet.total_assets","logger":"task.stdout"}
{"timestamp":"2026-08-31T19:11:42.219846Z","level":"info","event":"  -> balance_sheet.deferred_tax_assets","logger":"task.stdout"}
{"timestamp":"2026-08-31T19:11:42.219885Z","level":"info","event":"","logger":"task.stdout"}
{"timestamp":"2026-08-31T19:11:42.219922Z","level":"info","event":" DeferredTaxAssetsTaxDeferredExpenseReservesAndAccrualsUnearnedPremiumsReserve","logger":"task.stdout"}
{"timestamp":"2026-08-31T19:11:42.219959Z","level":"info","event":"  -> balance_sheet.total_assets","logger":"task.stdout"}
{"timestamp":"2026-08-31T19:11:42.219996Z","level":"info","event":"  -> balance_sheet.unearned_premium_reserves","logger":"task.stdout"}
{"timestamp":"2026-08-31T19:11:42.220035Z","level":"info","event":"  -> balance_sheet.deferred_tax_assets","logger":"task.stdout"}
{"timestamp":"2026-08-31T19:11:42.220073Z","level":"info","event":"","logger":"task.stdout"}
{"timestamp":"2026-08-31T19:11:42.220111Z","level":"info","event":" DeferredTaxAssetsValuationAllowance","logger":"task.stdout"}
{"timestamp":"2026-08-31T19:11:42.220150Z","level":"info","event":"  -> balance_sheet.total_assets","logger":"task.stdout"}
{"timestamp":"2026-08-31T19:11:42.220188Z","level":"info","event":"  -> balance_sheet.deferred_tax_assets","logger":"task.stdout"}
{"timestamp":"2026-08-31T19:11:42.220227Z","level":"info","event":"","logger":"task.stdout"}
{"timestamp":"2026-08-31T19:11:42.220266Z","level":"info","event":" DeferredTaxAssetsValuationAllowanceCurrent","logger":"task.stdout"}
{"timestamp":"2026-08-31T19:11:42.220305Z","level":"info","event":"  -> balance_sheet.total_assets","logger":"task.stdout"}
{"timestamp":"2026-08-31T19:11:42.220342Z","level":"info","event":"  -> balance_sheet.current_assets","logger":"task.stdout"}
{"timestamp":"2026-08-31T19:11:42.220381Z","level":"info","event":"  -> balance_sheet.deferred_tax_assets","logger":"task.stdout"}
{"timestamp":"2026-08-31T19:11:42.220419Z","level":"info","event":"","logger":"task.stdout"}
{"timestamp":"2026-08-31T19:11:42.220456Z","level":"info","event":" IntangibleAssetsGrossExcludingGoodwill","logger":"task.stdout"}
{"timestamp":"2026-08-31T19:11:42.220495Z","level":"info","event":"  -> balance_sheet.total_assets","logger":"task.stdout"}
{"timestamp":"2026-08-31T19:11:42.220534Z","level":"info","event":"  -> balance_sheet.goodwill","logger":"task.stdout"}
{"timestamp":"2026-08-31T19:11:42.220570Z","level":"info","event":"","logger":"task.stdout"}
{"timestamp":"2026-08-31T19:11:42.220610Z","level":"info","event":" IntangibleAssetsNetExcludingGoodwill","logger":"task.stdout"}
{"timestamp":"2026-08-31T19:11:42.220649Z","level":"info","event":"  -> balance_sheet.total_assets","logger":"task.stdout"}
{"timestamp":"2026-08-31T19:11:42.220685Z","level":"info","event":"  -> balance_sheet.goodwill","logger":"task.stdout"}
{"timestamp":"2026-08-31T19:11:42.220727Z","level":"info","event":"","logger":"task.stdout"}
{"timestamp":"2026-08-31T19:11:42.220766Z","level":"info","event":" OtherAssetsCurrent","logger":"task.stdout"}
{"timestamp":"2026-08-31T19:11:42.220805Z","level":"info","event":"  -> balance_sheet.total_assets","logger":"task.stdout"}
{"timestamp":"2026-08-31T19:11:42.220841Z","level":"info","event":"  -> balance_sheet.current_assets","logger":"task.stdout"}
{"timestamp":"2026-08-31T19:11:42.220880Z","level":"info","event":"","logger":"task.stdout"}
{"timestamp":"2026-08-31T19:11:42.220920Z","level":"info","event":" DeferredTaxAssetsTaxDeferredExpenseCompensationAndBenefits","logger":"task.stdout"}
{"timestamp":"2026-08-31T19:11:42.220959Z","level":"info","event":"  -> balance_sheet.total_assets","logger":"task.stdout"}
{"timestamp":"2026-08-31T19:11:42.220998Z","level":"info","event":"  -> balance_sheet.deferred_tax_assets","logger":"task.stdout"}
{"timestamp":"2026-08-31T19:11:42.221037Z","level":"info","event":"","logger":"task.stdout"}
{"timestamp":"2026-08-31T19:11:42.221077Z","level":"info","event":" ImpairmentOfIntangibleAssetsIndefinitelivedExcludingGoodwill","logger":"task.stdout"}
{"timestamp":"2026-08-31T19:11:42.221114Z","level":"info","event":"  -> balance_sheet.total_assets","logger":"task.stdout"}
{"timestamp":"2026-08-31T19:11:42.221150Z","level":"info","event":"  -> balance_sheet.goodwill","logger":"task.stdout"}
{"timestamp":"2026-08-31T19:11:42.221188Z","level":"info","event":"","logger":"task.stdout"}
{"timestamp":"2026-08-31T19:11:42.221226Z","level":"info","event":" DeferredIncomeTaxLiabilities","logger":"task.stdout"}
{"timestamp":"2026-08-31T19:11:42.221263Z","level":"info","event":"  -> balance_sheet.deferred_tax_liabilities","logger":"task.stdout"}
{"timestamp":"2026-08-31T19:11:42.221301Z","level":"info","event":"  -> balance_sheet.total_liabilities","logger":"task.stdout"}
{"timestamp":"2026-08-31T19:11:42.221341Z","level":"info","event":"","logger":"task.stdout"}
{"timestamp":"2026-08-31T19:11:42.221378Z","level":"info","event":" DeferredTaxLiabilities","logger":"task.stdout"}
{"timestamp":"2026-08-31T19:11:42.221413Z","level":"info","event":"  -> balance_sheet.deferred_tax_liabilities","logger":"task.stdout"}
{"timestamp":"2026-08-31T19:11:42.221450Z","level":"info","event":"  -> balance_sheet.total_liabilities","logger":"task.stdout"}
{"timestamp":"2026-08-31T19:11:42.221488Z","level":"info","event":"","logger":"task.stdout"}
{"timestamp":"2026-08-31T19:11:42.221531Z","level":"info","event":" DeferredTaxLiabilitiesCurrent","logger":"task.stdout"}
{"timestamp":"2026-08-31T19:11:42.221568Z","level":"info","event":"  -> balance_sheet.deferred_tax_liabilities","logger":"task.stdout"}
{"timestamp":"2026-08-31T19:11:42.221605Z","level":"info","event":"  -> balance_sheet.total_liabilities","logger":"task.stdout"}
{"timestamp":"2026-08-31T19:11:42.221642Z","level":"info","event":"  -> balance_sheet.current_liabilities","logger":"task.stdout"}
{"timestamp":"2026-08-31T19:11:42.221680Z","level":"info","event":"","logger":"task.stdout"}
{"timestamp":"2026-08-31T19:11:42.221719Z","level":"info","event":" DeferredTaxLiabilitiesDeferredExpenseDeferredPolicyAcquisitionCost","logger":"task.stdout"}
{"timestamp":"2026-08-31T19:11:42.221757Z","level":"info","event":"  -> balance_sheet.deferred_tax_liabilities","logger":"task.stdout"}
{"timestamp":"2026-08-31T19:11:42.221795Z","level":"info","event":"  -> balance_sheet.total_liabilities","logger":"task.stdout"}
{"timestamp":"2026-08-31T19:11:42.221830Z","level":"info","event":"","logger":"task.stdout"}
{"timestamp":"2026-08-31T19:11:42.221869Z","level":"info","event":" DeferredTaxLiabilitiesInvestments","logger":"task.stdout"}
{"timestamp":"2026-08-31T19:11:42.221909Z","level":"info","event":"  -> balance_sheet.deferred_tax_liabilities","logger":"task.stdout"}
{"timestamp":"2026-08-31T19:11:42.221949Z","level":"info","event":"  -> balance_sheet.total_liabilities","logger":"task.stdout"}
{"timestamp":"2026-08-31T19:11:42.221987Z","level":"info","event":"  -> balance_sheet.investments","logger":"task.stdout"}
{"timestamp":"2026-08-31T19:11:42.222031Z","level":"info","event":"","logger":"task.stdout"}
{"timestamp":"2026-08-31T19:11:42.222067Z","level":"info","event":" DeferredTaxLiabilitiesOther","logger":"task.stdout"}
{"timestamp":"2026-08-31T19:11:42.222184Z","level":"info","event":"  -> balance_sheet.deferred_tax_liabilities","logger":"task.stdout"}
{"timestamp":"2026-08-31T19:11:42.222263Z","level":"info","event":"  -> balance_sheet.total_liabilities","logger":"task.stdout"}
{"timestamp":"2026-08-31T19:11:42.222304Z","level":"info","event":"","logger":"task.stdout"}
{"timestamp":"2026-08-31T19:11:42.222342Z","level":"info","event":" DeferredTaxLiabilitiesPrepaidExpenses","logger":"task.stdout"}
{"timestamp":"2026-08-31T19:11:42.222395Z","level":"info","event":"  -> balance_sheet.deferred_tax_liabilities","logger":"task.stdout"}
{"timestamp":"2026-08-31T19:11:42.222460Z","level":"info","event":"  -> balance_sheet.total_liabilities","logger":"task.stdout"}
{"timestamp":"2026-08-31T19:11:42.222495Z","level":"info","event":"","logger":"task.stdout"}
{"timestamp":"2026-08-31T19:11:42.222530Z","level":"info","event":" AccountsPayableAndAccruedLiabilitiesCurrent","logger":"task.stdout"}
{"timestamp":"2026-08-31T19:11:42.222565Z","level":"info","event":"  -> balance_sheet.total_liabilities","logger":"task.stdout"}
{"timestamp":"2026-08-31T19:11:42.222623Z","level":"info","event":"  -> balance_sheet.current_liabilities","logger":"task.stdout"}
{"timestamp":"2026-08-31T19:11:42.222681Z","level":"info","event":"","logger":"task.stdout"}
{"timestamp":"2026-08-31T19:11:42.222716Z","level":"info","event":" LiabilitiesAndStockholdersEquity","logger":"task.stdout"}
{"timestamp":"2026-08-31T19:11:42.222750Z","level":"info","event":"  -> balance_sheet.total_liabilities","logger":"task.stdout"}
{"timestamp":"2026-08-31T19:11:42.222828Z","level":"info","event":"  -> balance_sheet.stockholders_equity","logger":"task.stdout"}
{"timestamp":"2026-08-31T19:11:42.222879Z","level":"info","event":"","logger":"task.stdout"}
{"timestamp":"2026-08-31T19:11:42.222922Z","level":"info","event":" LiabilitiesCurrent","logger":"task.stdout"}
{"timestamp":"2026-08-31T19:11:42.222963Z","level":"info","event":"  -> balance_sheet.total_liabilities","logger":"task.stdout"}
{"timestamp":"2026-08-31T19:11:42.223002Z","level":"info","event":"  -> balance_sheet.current_liabilities","logger":"task.stdout"}
{"timestamp":"2026-08-31T19:11:42.223041Z","level":"info","event":"","logger":"task.stdout"}
{"timestamp":"2026-08-31T19:11:42.223080Z","level":"info","event":" LiabilitiesOfDisposalGroupIncludingDiscontinuedOperationCurrent","logger":"task.stdout"}
{"timestamp":"2026-08-31T19:11:42.223118Z","level":"info","event":"  -> balance_sheet.total_liabilities","logger":"task.stdout"}
{"timestamp":"2026-08-31T19:11:42.223157Z","level":"info","event":"  -> balance_sheet.current_liabilities","logger":"task.stdout"}
{"timestamp":"2026-08-31T19:11:42.223194Z","level":"info","event":"","logger":"task.stdout"}
{"timestamp":"2026-08-31T19:11:42.223232Z","level":"info","event":" ProceedsFromIssuanceOfSeniorLongTermDebt","logger":"task.stdout"}
{"timestamp":"2026-08-31T19:11:42.223270Z","level":"info","event":"  -> balance_sheet.debt","logger":"task.stdout"}
{"timestamp":"2026-08-31T19:11:42.223307Z","level":"info","event":"  -> cash_flow.debt_issued","logger":"task.stdout"}
{"timestamp":"2026-08-31T19:11:42.223345Z","level":"info","event":"","logger":"task.stdout"}
{"timestamp":"2026-08-31T19:11:42.223383Z","level":"info","event":" RepaymentsOfLongTermDebt","logger":"task.stdout"}
{"timestamp":"2026-08-31T19:11:42.223419Z","level":"info","event":"  -> balance_sheet.debt","logger":"task.stdout"}
{"timestamp":"2026-08-31T19:11:42.223501Z","level":"info","event":"  -> cash_flow.debt_repayment","logger":"task.stdout"}
{"timestamp":"2026-08-31T19:11:42.223549Z","level":"info","event":"","logger":"task.stdout"}
{"timestamp":"2026-08-31T19:11:42.223591Z","level":"info","event":" ProceedsFromIssuanceOfLongTermDebt","logger":"task.stdout"}
{"timestamp":"2026-08-31T19:11:42.223638Z","level":"info","event":"  -> balance_sheet.debt","logger":"task.stdout"}
{"timestamp":"2026-08-31T19:11:42.223677Z","level":"info","event":"  -> cash_flow.debt_issued","logger":"task.stdout"}
{"timestamp":"2026-08-31T19:11:42.223716Z","level":"info","event":"","logger":"task.stdout"}
{"timestamp":"2026-08-31T19:11:42.223754Z","level":"info","event":" LesseeOperatingLeaseLiabilityPaymentsDue","logger":"task.stdout"}
{"timestamp":"2026-08-31T19:11:42.223792Z","level":"info","event":"  -> balance_sheet.lease_liabilities","logger":"task.stdout"}
{"timestamp":"2026-08-31T19:11:42.223831Z","level":"info","event":"  -> cash_flow.lease_payments","logger":"task.stdout"}
{"timestamp":"2026-08-31T19:11:42.223870Z","level":"info","event":"","logger":"task.stdout"}
{"timestamp":"2026-08-31T19:11:42.223908Z","level":"info","event":" LesseeOperatingLeaseLiabilityPaymentsDueAfterYearFive","logger":"task.stdout"}
{"timestamp":"2026-08-31T19:11:42.223946Z","level":"info","event":"  -> balance_sheet.lease_liabilities","logger":"task.stdout"}
{"timestamp":"2026-08-31T19:11:42.223984Z","level":"info","event":"  -> cash_flow.lease_payments","logger":"task.stdout"}
{"timestamp":"2026-08-31T19:11:42.224021Z","level":"info","event":"","logger":"task.stdout"}
{"timestamp":"2026-08-31T19:11:42.224060Z","level":"info","event":" LesseeOperatingLeaseLiabilityPaymentsDueNextTwelveMonths","logger":"task.stdout"}
{"timestamp":"2026-08-31T19:11:42.224098Z","level":"info","event":"  -> balance_sheet.lease_liabilities","logger":"task.stdout"}
{"timestamp":"2026-08-31T19:11:42.224136Z","level":"info","event":"  -> cash_flow.lease_payments","logger":"task.stdout"}
{"timestamp":"2026-08-31T19:11:42.224173Z","level":"info","event":"","logger":"task.stdout"}
{"timestamp":"2026-08-31T19:11:42.224211Z","level":"info","event":" LesseeOperatingLeaseLiabilityPaymentsDueYearFive","logger":"task.stdout"}
{"timestamp":"2026-08-31T19:11:42.224249Z","level":"info","event":"  -> balance_sheet.lease_liabilities","logger":"task.stdout"}
{"timestamp":"2026-08-31T19:11:42.224286Z","level":"info","event":"  -> cash_flow.lease_payments","logger":"task.stdout"}
{"timestamp":"2026-08-31T19:11:42.224323Z","level":"info","event":"","logger":"task.stdout"}
{"timestamp":"2026-08-31T19:11:42.224360Z","level":"info","event":" LesseeOperatingLeaseLiabilityPaymentsDueYearFour","logger":"task.stdout"}
{"timestamp":"2026-08-31T19:11:42.224398Z","level":"info","event":"  -> balance_sheet.lease_liabilities","logger":"task.stdout"}
{"timestamp":"2026-08-31T19:11:42.224435Z","level":"info","event":"  -> cash_flow.lease_payments","logger":"task.stdout"}
{"timestamp":"2026-08-31T19:11:42.224472Z","level":"info","event":"","logger":"task.stdout"}
{"timestamp":"2026-08-31T19:11:42.224510Z","level":"info","event":" LesseeOperatingLeaseLiabilityPaymentsDueYearThree","logger":"task.stdout"}
{"timestamp":"2026-08-31T19:11:42.224548Z","level":"info","event":"  -> balance_sheet.lease_liabilities","logger":"task.stdout"}
{"timestamp":"2026-08-31T19:11:42.224584Z","level":"info","event":"  -> cash_flow.lease_payments","logger":"task.stdout"}
{"timestamp":"2026-08-31T19:11:42.224622Z","level":"info","event":"","logger":"task.stdout"}
{"timestamp":"2026-08-31T19:11:42.224659Z","level":"info","event":" LesseeOperatingLeaseLiabilityPaymentsDueYearTwo","logger":"task.stdout"}
{"timestamp":"2026-08-31T19:11:42.224696Z","level":"info","event":"  -> balance_sheet.lease_liabilities","logger":"task.stdout"}
{"timestamp":"2026-08-31T19:11:42.224733Z","level":"info","event":"  -> cash_flow.lease_payments","logger":"task.stdout"}
{"timestamp":"2026-08-31T19:11:42.224771Z","level":"info","event":"","logger":"task.stdout"}
{"timestamp":"2026-08-31T19:11:42.224808Z","level":"info","event":" LesseeOperatingLeaseLiabilityPaymentsRemainderOfFiscalYear","logger":"task.stdout"}
{"timestamp":"2026-08-31T19:11:42.224845Z","level":"info","event":"  -> balance_sheet.lease_liabilities","logger":"task.stdout"}
{"timestamp":"2026-08-31T19:11:42.224882Z","level":"info","event":"  -> cash_flow.lease_payments","logger":"task.stdout"}
{"timestamp":"2026-08-31T19:11:42.224927Z","level":"info","event":"","logger":"task.stdout"}
{"timestamp":"2026-08-31T19:11:42.224965Z","level":"info","event":" StockholdersEquityIncludingPortionAttributableToNoncontrollingInterest","logger":"task.stdout"}
{"timestamp":"2026-08-31T19:11:42.225002Z","level":"info","event":"  -> balance_sheet.stockholders_equity","logger":"task.stdout"}
{"timestamp":"2026-08-31T19:11:42.225040Z","level":"info","event":"  -> balance_sheet.equity","logger":"task.stdout"}
{"timestamp":"2026-08-31T19:11:42.225077Z","level":"info","event":"","logger":"task.stdout"}
{"timestamp":"2026-08-31T19:11:42.225113Z","level":"info","event":" TreasuryStockValueAcquiredCostMethod","logger":"task.stdout"}
{"timestamp":"2026-08-31T19:11:42.225151Z","level":"info","event":"  -> balance_sheet.equity","logger":"task.stdout"}
{"timestamp":"2026-08-31T19:11:42.225188Z","level":"info","event":"  -> cash_flow.stock_activity","logger":"task.stdout"}
{"timestamp":"2026-08-31T19:11:42.242421Z","level":"info","event":"","logger":"task.stdout"}
{"timestamp":"2026-08-31T19:11:42.242522Z","level":"info","event":"========== QUALITY REPORT ==========","logger":"task.stdout"}
{"timestamp":"2026-08-31T19:11:42.242563Z","level":"info","event":"Total XBRL tags: 568","logger":"task.stdout"}
{"timestamp":"2026-08-31T19:11:42.242600Z","level":"info","event":"Mapped tags: 441","logger":"task.stdout"}
{"timestamp":"2026-08-31T19:11:42.242637Z","level":"info","event":"Ignored: 122","logger":"task.stdout"}
{"timestamp":"2026-08-31T19:11:42.242672Z","level":"info","event":"Unmapped candidates: 0","logger":"task.stdout"}
{"timestamp":"2026-08-31T19:11:42.242705Z","level":"info","event":"Not classified: 2","logger":"task.stdout"}
{"timestamp":"2026-08-31T19:11:42.242740Z","level":"info","event":"","logger":"task.stdout"}
{"timestamp":"2026-08-31T19:11:42.242775Z","level":"info","event":"Saved mapping to config/generated_mapping.py","logger":"task.stdout"}
{"timestamp":"2026-08-31T19:11:42.246152Z","level":"info","event":"Mapping completed: config/generated_mapping.py","logger":"task.stdout"}
{"timestamp":"2026-08-31T19:11:42.246189Z","level":"info","event":"Done. Returned value was: config/generated_mapping.py","ti_id":"01a05932-2fe4-7f0a-b173-57d6a6b612ea","map_index":-1,"task_id":"generate_mapping","try_number":1,"dag_id":"xbrl_financial_pipeline","run_id":"manual__2026-08-31T19:00:56.400736+00:00","logger":"airflow.task.operators.airflow.providers.standard.decorators.python._PythonDecoratedOperator","filename":"python.py","lineno":233}
{"timestamp":"2026-08-31T19:11:42.246376Z","level":"info","event":"::group::Post Execute","ti_id":"01a05932-2fe4-7f0a-b173-57d6a6b612ea","map_index":-1,"task_id":"generate_mapping","try_number":1,"dag_id":"xbrl_financial_pipeline","run_id":"manual__2026-08-31T19:00:56.400736+00:00","logger":"task","filename":"task_runner.py","lineno":1577}
{"timestamp":"2026-08-31T19:11:42.246544Z","level":"info","event":"Pushing xcom","ti":"RuntimeTaskInstance(id=UUID('01a05932-2fe4-7f0a-b173-57d6a6b612ea'), task_id='generate_mapping', dag_id='xbrl_financial_pipeline', run_id='manual__2026-08-31T19:00:56.400736+00:00', try_number=1, dag_version_id=UUID('019ff14f-3c85-735c-96c3-eff9969d0e15'), map_index=-1, hostname='macbook-pro-irina.local', context_carrier={'traceparent': '00-fa0d3078001a582e5bd99dd7c98a67d8-1740567245c59095-00'}, queue='default', task=<Task(_PythonDecoratedOperator): generate_mapping>, bundle_instance=LocalDagBundle(name=dags-folder), max_tries=0, start_date=datetime.datetime(2026, 8, 31, 19, 11, 39, 960932, tzinfo=datetime.timezone.utc), end_date=None, state=<TaskInstanceState.RUNNING: 'running'>, is_mapped=False, rendered_map_index=None, sentry_integration='')","ti_id":"01a05932-2fe4-7f0a-b173-57d6a6b612ea","map_index":-1,"task_id":"generate_mapping","try_number":1,"dag_id":"xbrl_financial_pipeline","run_id":"manual__2026-08-31T19:00:56.400736+00:00","logger":"task","filename":"task_runner.py","lineno":2171}
{"timestamp":"2026-08-31T19:11:42.297451Z","level":"info","event":"::endgroup::","ti_id":"01a05932-2fe4-7f0a-b173-57d6a6b612ea","map_index":-1,"task_id":"generate_mapping","try_number":1,"dag_id":"xbrl_financial_pipeline","run_id":"manual__2026-08-31T19:00:56.400736+00:00","logger":"task","filename":"task_runner.py","lineno":2270}
