{"timestamp":"2026-08-11T14:27:55.873209Z","level":"info","event":"2026-08-11T14:27:55.872962Z [info     ] ::group::Pre Execute           [task] loc=task_runner.py:2303","logger":"task.stdout"}
{"timestamp":"2026-08-11T14:27:56.092696Z","level":"info","event":"DAG bundles loaded: dags-folder","try_number":1,"run_id":"manual__2026-08-11T14:27:35.754562+00:00","task_id":"transform","map_index":-1,"dag_id":"xbrl_financial_pipeline","ti_id":"019ff138-bedb-7aa6-bf32-46341da1defa","logger":"airflow.dag_processing.bundles.manager.DagBundlesManager","filename":"manager.py","lineno":271}
{"timestamp":"2026-08-11T14:27:56.093069Z","level":"info","event":"Filling up the DagBag from /Users/irinafendley/Projects/ETLFinancial/airflow_config/dags/auto_pipeline.py","try_number":1,"run_id":"manual__2026-08-11T14:27:35.754562+00:00","task_id":"transform","map_index":-1,"dag_id":"xbrl_financial_pipeline","ti_id":"019ff138-bedb-7aa6-bf32-46341da1defa","logger":"airflow.dag_processing.dagbag.BundleDagBag","filename":"dagbag.py","lineno":460}
{"timestamp":"2026-08-11T14:27:56.108872Z","level":"info","event":"Worker startup parse complete","bundle_name":"dags-folder","bundle_version":null,"dag_file":"auto_pipeline.py","dag_id":"xbrl_financial_pipeline","bundle_prepare_ms":0,"dag_file_parse_ms":15,"try_number":1,"run_id":"manual__2026-08-11T14:27:35.754562+00:00","task_id":"transform","map_index":-1,"ti_id":"019ff138-bedb-7aa6-bf32-46341da1defa","logger":"task","filename":"task_runner.py","lineno":1062}
{"timestamp":"2026-08-11T14:27:56.196928Z","level":"info","event":"::endgroup::","try_number":1,"run_id":"manual__2026-08-11T14:27:35.754562+00:00","task_id":"transform","map_index":-1,"dag_id":"xbrl_financial_pipeline","ti_id":"019ff138-bedb-7aa6-bf32-46341da1defa","logger":"task","filename":"task_runner.py","lineno":2107}
{"timestamp":"2026-08-11T14:27:56.571687Z","level":"info","event":"","logger":"task.stdout"}
{"timestamp":"2026-08-11T14:27:56.571834Z","level":"info","event":"========== RULE DUPLICATES ==========","logger":"task.stdout"}
{"timestamp":"2026-08-11T14:27:56.571882Z","level":"info","event":"Tags defined in multiple rules: 0","logger":"task.stdout"}
{"timestamp":"2026-08-11T14:27:56.590201Z","level":"info","event":"Using raw file: data/raw/humana_2026_08_11.json","logger":"task.stdout"}
{"timestamp":"2026-08-11T14:27:56.713427Z","level":"info","event":"","logger":"task.stdout"}
{"timestamp":"2026-08-11T14:27:56.713555Z","level":"info","event":"Saved 30739 rows to data/processed/humana_financial_metrics_2026_08_11.csv","logger":"task.stdout"}
{"timestamp":"2026-08-11T14:27:56.713727Z","level":"info","event":"","logger":"task.stdout"}
{"timestamp":"2026-08-11T14:27:56.713776Z","level":"info","event":"========== DATA QUALITY CHECKS ==========","logger":"task.stdout"}
{"timestamp":"2026-08-11T14:27:56.713813Z","level":"info","event":"Total rows: 30739","logger":"task.stdout"}
{"timestamp":"2026-08-11T14:27:56.715188Z","level":"info","event":"Unique metrics: 85","logger":"task.stdout"}
{"timestamp":"2026-08-11T14:27:56.730269Z","level":"info","event":"source_tag","logger":"task.stdout"}
{"timestamp":"2026-08-11T14:27:56.730389Z","level":"info","event":"AccountsPayableAndAccruedLiabilitiesCurrent                               2","logger":"task.stdout"}
{"timestamp":"2026-08-11T14:27:56.730434Z","level":"info","event":"AmortizationOfIntangibleAssets                                            2","logger":"task.stdout"}
{"timestamp":"2026-08-11T14:27:56.730475Z","level":"info","event":"AssetsCurrent                                                             2","logger":"task.stdout"}
{"timestamp":"2026-08-11T14:27:56.730611Z","level":"info","event":"AssetsOfDisposalGroupIncludingDiscontinuedOperationCurrent                2","logger":"task.stdout"}
{"timestamp":"2026-08-11T14:27:56.730711Z","level":"info","event":"AvailableForSaleDebtSecuritiesAccumulatedGrossUnrealizedGainBeforeTax     2","logger":"task.stdout"}
{"timestamp":"2026-08-11T14:27:56.730752Z","level":"info","event":"                                                                         ..","logger":"task.stdout"}
{"timestamp":"2026-08-11T14:27:56.730797Z","level":"info","event":"ProceedsFromSaleOfAvailableForSaleSecurities                              2","logger":"task.stdout"}
{"timestamp":"2026-08-11T14:27:56.730829Z","level":"info","event":"ProceedsFromSaleOfAvailableForSaleSecuritiesDebt                          2","logger":"task.stdout"}
{"timestamp":"2026-08-11T14:27:56.730860Z","level":"info","event":"RepaymentsOfLongTermDebt                                                  2","logger":"task.stdout"}
{"timestamp":"2026-08-11T14:27:56.730892Z","level":"info","event":"StockholdersEquityIncludingPortionAttributableToNoncontrollingInterest    2","logger":"task.stdout"}
{"timestamp":"2026-08-11T14:27:56.730921Z","level":"info","event":"TreasuryStockValueAcquiredCostMethod                                      2","logger":"task.stdout"}
{"timestamp":"2026-08-11T14:27:56.730953Z","level":"info","event":"Name: metric, Length: 88, dtype: int64","logger":"task.stdout"}
{"timestamp":"2026-08-11T14:27:56.730985Z","level":"info","event":"Duplicate rows: 0","logger":"task.stdout"}
{"timestamp":"2026-08-11T14:27:56.731016Z","level":"info","event":"","logger":"task.stdout"}
{"timestamp":"2026-08-11T14:27:56.731047Z","level":"info","event":"Missing values by column:","logger":"task.stdout"}
{"timestamp":"2026-08-11T14:27:56.737064Z","level":"info","event":"metric            0","logger":"task.stdout"}
{"timestamp":"2026-08-11T14:27:56.737142Z","level":"info","event":"source_tag        0","logger":"task.stdout"}
{"timestamp":"2026-08-11T14:27:56.737181Z","level":"info","event":"value             0","logger":"task.stdout"}
{"timestamp":"2026-08-11T14:27:56.737225Z","level":"info","event":"unit              0","logger":"task.stdout"}
{"timestamp":"2026-08-11T14:27:56.737258Z","level":"info","event":"start_date    11504","logger":"task.stdout"}
{"timestamp":"2026-08-11T14:27:56.737289Z","level":"info","event":"end_date          0","logger":"task.stdout"}
{"timestamp":"2026-08-11T14:27:56.737320Z","level":"info","event":"filed_date        0","logger":"task.stdout"}
{"timestamp":"2026-08-11T14:27:56.737351Z","level":"info","event":"form              0","logger":"task.stdout"}
{"timestamp":"2026-08-11T14:27:56.737382Z","level":"info","event":"dtype: int64","logger":"task.stdout"}
{"timestamp":"2026-08-11T14:27:56.741424Z","level":"info","event":"Transform completed: data/processed/humana_financial_metrics_2026_08_11.csv","logger":"task.stdout"}
{"timestamp":"2026-08-11T14:27:56.741464Z","level":"info","event":"Done. Returned value was: data/processed/humana_financial_metrics_2026_08_11.csv","try_number":1,"run_id":"manual__2026-08-11T14:27:35.754562+00:00","task_id":"transform","map_index":-1,"dag_id":"xbrl_financial_pipeline","ti_id":"019ff138-bedb-7aa6-bf32-46341da1defa","logger":"airflow.task.operators.airflow.providers.standard.decorators.python._PythonDecoratedOperator","filename":"python.py","lineno":233}
{"timestamp":"2026-08-11T14:27:56.741575Z","level":"info","event":"::group::Post Execute","try_number":1,"run_id":"manual__2026-08-11T14:27:35.754562+00:00","task_id":"transform","map_index":-1,"dag_id":"xbrl_financial_pipeline","ti_id":"019ff138-bedb-7aa6-bf32-46341da1defa","logger":"task","filename":"task_runner.py","lineno":1577}
{"timestamp":"2026-08-11T14:27:56.741649Z","level":"info","event":"Pushing xcom","ti":"RuntimeTaskInstance(id=UUID('019ff138-bedb-7aa6-bf32-46341da1defa'), task_id='transform', dag_id='xbrl_financial_pipeline', run_id='manual__2026-08-11T14:27:35.754562+00:00', try_number=1, dag_version_id=UUID('019ff136-2dab-7fd4-b6bc-0498ce3b7166'), map_index=-1, hostname='macbook-pro-irina.local', context_carrier={'traceparent': '00-7cd1c8347a062f7888db9811afffdf29-d01ec12bdbc6493f-00'}, queue='default', task=<Task(_PythonDecoratedOperator): transform>, bundle_instance=LocalDagBundle(name=dags-folder), max_tries=0, start_date=datetime.datetime(2026, 8, 11, 14, 27, 54, 445786, tzinfo=datetime.timezone.utc), end_date=None, state=<TaskInstanceState.RUNNING: 'running'>, is_mapped=False, rendered_map_index=None, sentry_integration='')","try_number":1,"run_id":"manual__2026-08-11T14:27:35.754562+00:00","task_id":"transform","map_index":-1,"dag_id":"xbrl_financial_pipeline","ti_id":"019ff138-bedb-7aa6-bf32-46341da1defa","logger":"task","filename":"task_runner.py","lineno":2171}
{"timestamp":"2026-08-11T14:27:56.752251Z","level":"info","event":"::endgroup::","try_number":1,"run_id":"manual__2026-08-11T14:27:35.754562+00:00","task_id":"transform","map_index":-1,"dag_id":"xbrl_financial_pipeline","ti_id":"019ff138-bedb-7aa6-bf32-46341da1defa","logger":"task","filename":"task_runner.py","lineno":2270}
