{"timestamp":"2026-08-31T19:11:44.069096Z","level":"info","event":"2026-08-31T19:11:44.068776Z [info     ] ::group::Pre Execute           [task] loc=task_runner.py:2303","logger":"task.stdout"}
{"timestamp":"2026-08-31T19:11:44.267409Z","level":"info","event":"DAG bundles loaded: dags-folder","try_number":1,"run_id":"manual__2026-08-31T18:42:07.118561+00:00","ti_id":"01a05920-f4a3-7c47-aaca-4f3a3672b6fb","map_index":-1,"task_id":"transform","dag_id":"xbrl_financial_pipeline","logger":"airflow.dag_processing.bundles.manager.DagBundlesManager","filename":"manager.py","lineno":271}
{"timestamp":"2026-08-31T19:11:44.267807Z","level":"info","event":"Filling up the DagBag from /Users/irinafendley/Projects/ETLFinancial/airflow_config/dags/auto_pipeline.py","try_number":1,"run_id":"manual__2026-08-31T18:42:07.118561+00:00","ti_id":"01a05920-f4a3-7c47-aaca-4f3a3672b6fb","map_index":-1,"task_id":"transform","dag_id":"xbrl_financial_pipeline","logger":"airflow.dag_processing.dagbag.BundleDagBag","filename":"dagbag.py","lineno":460}
{"timestamp":"2026-08-31T19:11:44.286619Z","level":"info","event":"Worker startup parse complete","bundle_name":"dags-folder","bundle_version":null,"dag_file":"auto_pipeline.py","dag_id":"xbrl_financial_pipeline","bundle_prepare_ms":0,"dag_file_parse_ms":18,"try_number":1,"run_id":"manual__2026-08-31T18:42:07.118561+00:00","ti_id":"01a05920-f4a3-7c47-aaca-4f3a3672b6fb","map_index":-1,"task_id":"transform","logger":"task","filename":"task_runner.py","lineno":1062}
{"timestamp":"2026-08-31T19:11:44.332436Z","level":"info","event":"::endgroup::","try_number":1,"run_id":"manual__2026-08-31T18:42:07.118561+00:00","ti_id":"01a05920-f4a3-7c47-aaca-4f3a3672b6fb","map_index":-1,"task_id":"transform","dag_id":"xbrl_financial_pipeline","logger":"task","filename":"task_runner.py","lineno":2107}
{"timestamp":"2026-08-31T19:11:44.624176Z","level":"info","event":"","logger":"task.stdout"}
{"timestamp":"2026-08-31T19:11:44.624536Z","level":"info","event":"========== RULE DUPLICATES ==========","logger":"task.stdout"}
{"timestamp":"2026-08-31T19:11:44.624594Z","level":"info","event":"Tags defined in multiple rules: 0","logger":"task.stdout"}
{"timestamp":"2026-08-31T19:11:44.646313Z","level":"info","event":"Using raw file: data/raw/humana_2026_08_31.json","logger":"task.stdout"}
{"timestamp":"2026-08-31T19:11:44.865202Z","level":"info","event":"","logger":"task.stdout"}
{"timestamp":"2026-08-31T19:11:44.865345Z","level":"info","event":"Saved 30739 rows to data/processed/humana_financial_metrics_2026_08_31.csv","logger":"task.stdout"}
{"timestamp":"2026-08-31T19:11:44.865397Z","level":"info","event":"","logger":"task.stdout"}
{"timestamp":"2026-08-31T19:11:44.865439Z","level":"info","event":"========== DATA QUALITY CHECKS ==========","logger":"task.stdout"}
{"timestamp":"2026-08-31T19:11:44.865508Z","level":"info","event":"Total rows: 30739","logger":"task.stdout"}
{"timestamp":"2026-08-31T19:11:44.866658Z","level":"info","event":"Unique metrics: 85","logger":"task.stdout"}
{"timestamp":"2026-08-31T19:11:44.890657Z","level":"info","event":"source_tag","logger":"task.stdout"}
{"timestamp":"2026-08-31T19:11:44.890792Z","level":"info","event":"AccountsPayableAndAccruedLiabilitiesCurrent                               2","logger":"task.stdout"}
{"timestamp":"2026-08-31T19:11:44.890839Z","level":"info","event":"AmortizationOfIntangibleAssets                                            2","logger":"task.stdout"}
{"timestamp":"2026-08-31T19:11:44.890879Z","level":"info","event":"AssetsCurrent                                                             2","logger":"task.stdout"}
{"timestamp":"2026-08-31T19:11:44.890919Z","level":"info","event":"AssetsOfDisposalGroupIncludingDiscontinuedOperationCurrent                2","logger":"task.stdout"}
{"timestamp":"2026-08-31T19:11:44.890956Z","level":"info","event":"AvailableForSaleDebtSecuritiesAccumulatedGrossUnrealizedGainBeforeTax     2","logger":"task.stdout"}
{"timestamp":"2026-08-31T19:11:44.890992Z","level":"info","event":"                                                                         ..","logger":"task.stdout"}
{"timestamp":"2026-08-31T19:11:44.891043Z","level":"info","event":"ProceedsFromSaleOfAvailableForSaleSecurities                              2","logger":"task.stdout"}
{"timestamp":"2026-08-31T19:11:44.891080Z","level":"info","event":"ProceedsFromSaleOfAvailableForSaleSecuritiesDebt                          2","logger":"task.stdout"}
{"timestamp":"2026-08-31T19:11:44.891114Z","level":"info","event":"RepaymentsOfLongTermDebt                                                  2","logger":"task.stdout"}
{"timestamp":"2026-08-31T19:11:44.891149Z","level":"info","event":"StockholdersEquityIncludingPortionAttributableToNoncontrollingInterest    2","logger":"task.stdout"}
{"timestamp":"2026-08-31T19:11:44.891183Z","level":"info","event":"TreasuryStockValueAcquiredCostMethod                                      2","logger":"task.stdout"}
{"timestamp":"2026-08-31T19:11:44.891218Z","level":"info","event":"Name: metric, Length: 88, dtype: int64","logger":"task.stdout"}
{"timestamp":"2026-08-31T19:11:44.891252Z","level":"info","event":"Duplicate rows: 0","logger":"task.stdout"}
{"timestamp":"2026-08-31T19:11:44.891287Z","level":"info","event":"","logger":"task.stdout"}
{"timestamp":"2026-08-31T19:11:44.891322Z","level":"info","event":"Missing values by column:","logger":"task.stdout"}
{"timestamp":"2026-08-31T19:11:44.899841Z","level":"info","event":"statement         0","logger":"task.stdout"}
{"timestamp":"2026-08-31T19:11:44.899970Z","level":"info","event":"metric            0","logger":"task.stdout"}
{"timestamp":"2026-08-31T19:11:44.900012Z","level":"info","event":"source_tag        0","logger":"task.stdout"}
{"timestamp":"2026-08-31T19:11:44.900053Z","level":"info","event":"value             0","logger":"task.stdout"}
{"timestamp":"2026-08-31T19:11:44.900091Z","level":"info","event":"unit              0","logger":"task.stdout"}
{"timestamp":"2026-08-31T19:11:44.900126Z","level":"info","event":"start_date    11504","logger":"task.stdout"}
{"timestamp":"2026-08-31T19:11:44.900161Z","level":"info","event":"end_date          0","logger":"task.stdout"}
{"timestamp":"2026-08-31T19:11:44.900197Z","level":"info","event":"filed_date        0","logger":"task.stdout"}
{"timestamp":"2026-08-31T19:11:44.900232Z","level":"info","event":"form              0","logger":"task.stdout"}
{"timestamp":"2026-08-31T19:11:44.900266Z","level":"info","event":"dtype: int64","logger":"task.stdout"}
{"timestamp":"2026-08-31T19:11:44.905237Z","level":"info","event":"Transform completed: data/processed/humana_financial_metrics_2026_08_31.csv","logger":"task.stdout"}
{"timestamp":"2026-08-31T19:11:44.905243Z","level":"info","event":"Done. Returned value was: data/processed/humana_financial_metrics_2026_08_31.csv","try_number":1,"run_id":"manual__2026-08-31T18:42:07.118561+00:00","ti_id":"01a05920-f4a3-7c47-aaca-4f3a3672b6fb","map_index":-1,"task_id":"transform","dag_id":"xbrl_financial_pipeline","logger":"airflow.task.operators.airflow.providers.standard.decorators.python._PythonDecoratedOperator","filename":"python.py","lineno":233}
{"timestamp":"2026-08-31T19:11:44.905344Z","level":"info","event":"::group::Post Execute","try_number":1,"run_id":"manual__2026-08-31T18:42:07.118561+00:00","ti_id":"01a05920-f4a3-7c47-aaca-4f3a3672b6fb","map_index":-1,"task_id":"transform","dag_id":"xbrl_financial_pipeline","logger":"task","filename":"task_runner.py","lineno":1577}
{"timestamp":"2026-08-31T19:11:44.905437Z","level":"info","event":"Pushing xcom","ti":"RuntimeTaskInstance(id=UUID('01a05920-f4a3-7c47-aaca-4f3a3672b6fb'), task_id='transform', dag_id='xbrl_financial_pipeline', run_id='manual__2026-08-31T18:42:07.118561+00:00', try_number=1, dag_version_id=UUID('019ff14f-3c85-735c-96c3-eff9969d0e15'), map_index=-1, hostname='macbook-pro-irina.local', context_carrier={'traceparent': '00-91a52d4dc8336951e5505153225faddf-03be5fca929bc011-00'}, queue='default', task=<Task(_PythonDecoratedOperator): transform>, bundle_instance=LocalDagBundle(name=dags-folder), max_tries=0, start_date=datetime.datetime(2026, 8, 31, 19, 11, 43, 125197, tzinfo=datetime.timezone.utc), end_date=None, state=<TaskInstanceState.RUNNING: 'running'>, is_mapped=False, rendered_map_index=None, sentry_integration='')","try_number":1,"run_id":"manual__2026-08-31T18:42:07.118561+00:00","ti_id":"01a05920-f4a3-7c47-aaca-4f3a3672b6fb","map_index":-1,"task_id":"transform","dag_id":"xbrl_financial_pipeline","logger":"task","filename":"task_runner.py","lineno":2171}
{"timestamp":"2026-08-31T19:11:44.976460Z","level":"info","event":"::endgroup::","try_number":1,"run_id":"manual__2026-08-31T18:42:07.118561+00:00","ti_id":"01a05920-f4a3-7c47-aaca-4f3a3672b6fb","map_index":-1,"task_id":"transform","dag_id":"xbrl_financial_pipeline","logger":"task","filename":"task_runner.py","lineno":2270}
