{"timestamp":"2026-08-10T18:45:47.464426Z","level":"info","event":"2026-08-10T18:45:47.462159Z [info     ] ::group::Pre Execute           [task] loc=task_runner.py:2303","logger":"task.stdout"}
{"timestamp":"2026-08-10T18:45:47.978328Z","level":"info","event":"DAG bundles loaded: dags-folder","map_index":-1,"run_id":"scheduled__2026-08-06T08:00:00+00:00","dag_id":"xbrl_financial_pipeline","task_id":"transform","try_number":1,"ti_id":"019fe1bf-679f-783e-a3eb-6fa89dff57ba","logger":"airflow.dag_processing.bundles.manager.DagBundlesManager","filename":"manager.py","lineno":271}
{"timestamp":"2026-08-10T18:45:47.978709Z","level":"info","event":"Filling up the DagBag from /Users/irinafendley/Projects/ETLFinancial/airflow_config/dags/auto_pipeline.py","map_index":-1,"run_id":"scheduled__2026-08-06T08:00:00+00:00","dag_id":"xbrl_financial_pipeline","task_id":"transform","try_number":1,"ti_id":"019fe1bf-679f-783e-a3eb-6fa89dff57ba","logger":"airflow.dag_processing.dagbag.BundleDagBag","filename":"dagbag.py","lineno":460}
{"timestamp":"2026-08-10T18:45:48.007231Z","level":"info","event":"Worker startup parse complete","bundle_name":"dags-folder","bundle_version":null,"dag_file":"auto_pipeline.py","dag_id":"xbrl_financial_pipeline","bundle_prepare_ms":0,"dag_file_parse_ms":28,"map_index":-1,"run_id":"scheduled__2026-08-06T08:00:00+00:00","task_id":"transform","try_number":1,"ti_id":"019fe1bf-679f-783e-a3eb-6fa89dff57ba","logger":"task","filename":"task_runner.py","lineno":1062}
{"timestamp":"2026-08-10T18:45:48.160147Z","level":"info","event":"::endgroup::","map_index":-1,"run_id":"scheduled__2026-08-06T08:00:00+00:00","dag_id":"xbrl_financial_pipeline","task_id":"transform","try_number":1,"ti_id":"019fe1bf-679f-783e-a3eb-6fa89dff57ba","logger":"task","filename":"task_runner.py","lineno":2107}
{"timestamp":"2026-08-10T18:45:48.793123Z","level":"info","event":"","logger":"task.stdout"}
{"timestamp":"2026-08-10T18:45:48.793569Z","level":"info","event":"========== RULE DUPLICATES ==========","logger":"task.stdout"}
{"timestamp":"2026-08-10T18:45:48.793694Z","level":"info","event":"Tags defined in multiple rules: 0","logger":"task.stdout"}
{"timestamp":"2026-08-10T18:45:48.793922Z","level":"info","event":"Using raw file: data/raw/humana_2026_08_10.json","logger":"task.stdout"}
{"timestamp":"2026-08-10T18:45:49.047668Z","level":"info","event":"","logger":"task.stdout"}
{"timestamp":"2026-08-10T18:45:49.048063Z","level":"info","event":"Saved 30739 rows to data/processed/humana_financial_metrics_2026_08_10.csv","logger":"task.stdout"}
{"timestamp":"2026-08-10T18:45:49.048637Z","level":"info","event":"","logger":"task.stdout"}
{"timestamp":"2026-08-10T18:45:49.048861Z","level":"info","event":"========== DATA QUALITY CHECKS ==========","logger":"task.stdout"}
{"timestamp":"2026-08-10T18:45:49.048956Z","level":"info","event":"Total rows: 30739","logger":"task.stdout"}
{"timestamp":"2026-08-10T18:45:49.050069Z","level":"info","event":"Unique metrics: 85","logger":"task.stdout"}
{"timestamp":"2026-08-10T18:45:49.092465Z","level":"info","event":"source_tag","logger":"task.stdout"}
{"timestamp":"2026-08-10T18:45:49.092784Z","level":"info","event":"AccountsPayableAndAccruedLiabilitiesCurrent                               2","logger":"task.stdout"}
{"timestamp":"2026-08-10T18:45:49.092912Z","level":"info","event":"AmortizationOfIntangibleAssets                                            2","logger":"task.stdout"}
{"timestamp":"2026-08-10T18:45:49.093025Z","level":"info","event":"AssetsCurrent                                                             2","logger":"task.stdout"}
{"timestamp":"2026-08-10T18:45:49.093136Z","level":"info","event":"AssetsOfDisposalGroupIncludingDiscontinuedOperationCurrent                2","logger":"task.stdout"}
{"timestamp":"2026-08-10T18:45:49.093248Z","level":"info","event":"AvailableForSaleDebtSecuritiesAccumulatedGrossUnrealizedGainBeforeTax     2","logger":"task.stdout"}
{"timestamp":"2026-08-10T18:45:49.093357Z","level":"info","event":"                                                                         ..","logger":"task.stdout"}
{"timestamp":"2026-08-10T18:45:49.093504Z","level":"info","event":"ProceedsFromSaleOfAvailableForSaleSecurities                              2","logger":"task.stdout"}
{"timestamp":"2026-08-10T18:45:49.093611Z","level":"info","event":"ProceedsFromSaleOfAvailableForSaleSecuritiesDebt                          2","logger":"task.stdout"}
{"timestamp":"2026-08-10T18:45:49.093731Z","level":"info","event":"RepaymentsOfLongTermDebt                                                  2","logger":"task.stdout"}
{"timestamp":"2026-08-10T18:45:49.093837Z","level":"info","event":"StockholdersEquityIncludingPortionAttributableToNoncontrollingInterest    2","logger":"task.stdout"}
{"timestamp":"2026-08-10T18:45:49.093942Z","level":"info","event":"TreasuryStockValueAcquiredCostMethod                                      2","logger":"task.stdout"}
{"timestamp":"2026-08-10T18:45:49.094057Z","level":"info","event":"Name: metric, Length: 88, dtype: int64","logger":"task.stdout"}
{"timestamp":"2026-08-10T18:45:49.094173Z","level":"info","event":"Duplicate rows: 0","logger":"task.stdout"}
{"timestamp":"2026-08-10T18:45:49.094280Z","level":"info","event":"","logger":"task.stdout"}
{"timestamp":"2026-08-10T18:45:49.094386Z","level":"info","event":"Missing values by column:","logger":"task.stdout"}
{"timestamp":"2026-08-10T18:45:49.130558Z","level":"info","event":"metric            0","logger":"task.stdout"}
{"timestamp":"2026-08-10T18:45:49.131557Z","level":"info","event":"source_tag        0","logger":"task.stdout"}
{"timestamp":"2026-08-10T18:45:49.131707Z","level":"info","event":"value             0","logger":"task.stdout"}
{"timestamp":"2026-08-10T18:45:49.131835Z","level":"info","event":"unit              0","logger":"task.stdout"}
{"timestamp":"2026-08-10T18:45:49.131957Z","level":"info","event":"start_date    11504","logger":"task.stdout"}
{"timestamp":"2026-08-10T18:45:49.132132Z","level":"info","event":"end_date          0","logger":"task.stdout"}
{"timestamp":"2026-08-10T18:45:49.132240Z","level":"info","event":"filed_date        0","logger":"task.stdout"}
{"timestamp":"2026-08-10T18:45:49.132344Z","level":"info","event":"form              0","logger":"task.stdout"}
{"timestamp":"2026-08-10T18:45:49.132524Z","level":"info","event":"dtype: int64","logger":"task.stdout"}
{"timestamp":"2026-08-10T18:45:49.138640Z","level":"info","event":"Transform completed: data/processed/humana_financial_metrics_2026_08_10.csv","logger":"task.stdout"}
{"timestamp":"2026-08-10T18:45:49.136448Z","level":"info","event":"Done. Returned value was: data/processed/humana_financial_metrics_2026_08_10.csv","map_index":-1,"run_id":"scheduled__2026-08-06T08:00:00+00:00","dag_id":"xbrl_financial_pipeline","task_id":"transform","try_number":1,"ti_id":"019fe1bf-679f-783e-a3eb-6fa89dff57ba","logger":"airflow.task.operators.airflow.providers.standard.decorators.python._PythonDecoratedOperator","filename":"python.py","lineno":233}
{"timestamp":"2026-08-10T18:45:49.136645Z","level":"info","event":"::group::Post Execute","map_index":-1,"run_id":"scheduled__2026-08-06T08:00:00+00:00","dag_id":"xbrl_financial_pipeline","task_id":"transform","try_number":1,"ti_id":"019fe1bf-679f-783e-a3eb-6fa89dff57ba","logger":"task","filename":"task_runner.py","lineno":1577}
{"timestamp":"2026-08-10T18:45:49.136762Z","level":"info","event":"Pushing xcom","ti":"RuntimeTaskInstance(id=UUID('019fe1bf-679f-783e-a3eb-6fa89dff57ba'), task_id='transform', dag_id='xbrl_financial_pipeline', run_id='scheduled__2026-08-06T08:00:00+00:00', try_number=1, dag_version_id=UUID('019fde09-400f-788e-b358-8a2b6522175c'), map_index=-1, hostname='macbook-pro-irina.local', context_carrier={'traceparent': '00-f43fe33342dff08601641e719dfd8c41-ac45bbecdc552b89-00'}, queue='default', task=<Task(_PythonDecoratedOperator): transform>, bundle_instance=LocalDagBundle(name=dags-folder), max_tries=0, start_date=datetime.datetime(2026, 8, 10, 18, 45, 44, 276656, tzinfo=datetime.timezone.utc), end_date=None, state=<TaskInstanceState.RUNNING: 'running'>, is_mapped=False, rendered_map_index=None, sentry_integration='')","map_index":-1,"run_id":"scheduled__2026-08-06T08:00:00+00:00","dag_id":"xbrl_financial_pipeline","task_id":"transform","try_number":1,"ti_id":"019fe1bf-679f-783e-a3eb-6fa89dff57ba","logger":"task","filename":"task_runner.py","lineno":2171}
{"timestamp":"2026-08-10T18:45:49.275823Z","level":"info","event":"::endgroup::","map_index":-1,"run_id":"scheduled__2026-08-06T08:00:00+00:00","dag_id":"xbrl_financial_pipeline","task_id":"transform","try_number":1,"ti_id":"019fe1bf-679f-783e-a3eb-6fa89dff57ba","logger":"task","filename":"task_runner.py","lineno":2270}
