{"timestamp":"2026-08-11T14:28:15.932129Z","level":"info","event":"2026-08-11T14:28:15.931779Z [info     ] ::group::Pre Execute           [task] loc=task_runner.py:2303","logger":"task.stdout"}
{"timestamp":"2026-08-11T14:28:16.146890Z","level":"info","event":"DAG bundles loaded: dags-folder","map_index":-1,"try_number":1,"ti_id":"019ff139-3932-7c25-896d-9b46025c2ccd","task_id":"transform","run_id":"manual__2026-08-11T14:28:07.071091+00:00","dag_id":"xbrl_financial_pipeline","logger":"airflow.dag_processing.bundles.manager.DagBundlesManager","filename":"manager.py","lineno":271}
{"timestamp":"2026-08-11T14:28:16.147216Z","level":"info","event":"Filling up the DagBag from /Users/irinafendley/Projects/ETLFinancial/airflow_config/dags/auto_pipeline.py","map_index":-1,"try_number":1,"ti_id":"019ff139-3932-7c25-896d-9b46025c2ccd","task_id":"transform","run_id":"manual__2026-08-11T14:28:07.071091+00:00","dag_id":"xbrl_financial_pipeline","logger":"airflow.dag_processing.dagbag.BundleDagBag","filename":"dagbag.py","lineno":460}
{"timestamp":"2026-08-11T14:28:16.166478Z","level":"info","event":"Worker startup parse complete","bundle_name":"dags-folder","bundle_version":null,"dag_file":"auto_pipeline.py","dag_id":"xbrl_financial_pipeline","bundle_prepare_ms":0,"dag_file_parse_ms":19,"map_index":-1,"try_number":1,"ti_id":"019ff139-3932-7c25-896d-9b46025c2ccd","task_id":"transform","run_id":"manual__2026-08-11T14:28:07.071091+00:00","logger":"task","filename":"task_runner.py","lineno":1062}
{"timestamp":"2026-08-11T14:28:16.267833Z","level":"info","event":"::endgroup::","map_index":-1,"try_number":1,"ti_id":"019ff139-3932-7c25-896d-9b46025c2ccd","task_id":"transform","run_id":"manual__2026-08-11T14:28:07.071091+00:00","dag_id":"xbrl_financial_pipeline","logger":"task","filename":"task_runner.py","lineno":2107}
{"timestamp":"2026-08-11T14:28:16.541514Z","level":"info","event":"","logger":"task.stdout"}
{"timestamp":"2026-08-11T14:28:16.541864Z","level":"info","event":"========== RULE DUPLICATES ==========","logger":"task.stdout"}
{"timestamp":"2026-08-11T14:28:16.541995Z","level":"info","event":"Tags defined in multiple rules: 0","logger":"task.stdout"}
{"timestamp":"2026-08-11T14:28:16.553570Z","level":"info","event":"Using raw file: data/raw/humana_2026_08_11.json","logger":"task.stdout"}
{"timestamp":"2026-08-11T14:28:16.677995Z","level":"info","event":"","logger":"task.stdout"}
{"timestamp":"2026-08-11T14:28:16.678128Z","level":"info","event":"Saved 30739 rows to data/processed/humana_financial_metrics_2026_08_11.csv","logger":"task.stdout"}
{"timestamp":"2026-08-11T14:28:16.678170Z","level":"info","event":"","logger":"task.stdout"}
{"timestamp":"2026-08-11T14:28:16.678206Z","level":"info","event":"========== DATA QUALITY CHECKS ==========","logger":"task.stdout"}
{"timestamp":"2026-08-11T14:28:16.678242Z","level":"info","event":"Total rows: 30739","logger":"task.stdout"}
{"timestamp":"2026-08-11T14:28:16.684125Z","level":"info","event":"Unique metrics: 85","logger":"task.stdout"}
{"timestamp":"2026-08-11T14:28:16.701864Z","level":"info","event":"source_tag","logger":"task.stdout"}
{"timestamp":"2026-08-11T14:28:16.701987Z","level":"info","event":"AccountsPayableAndAccruedLiabilitiesCurrent                               2","logger":"task.stdout"}
{"timestamp":"2026-08-11T14:28:16.702033Z","level":"info","event":"AmortizationOfIntangibleAssets                                            2","logger":"task.stdout"}
{"timestamp":"2026-08-11T14:28:16.702070Z","level":"info","event":"AssetsCurrent                                                             2","logger":"task.stdout"}
{"timestamp":"2026-08-11T14:28:16.702106Z","level":"info","event":"AssetsOfDisposalGroupIncludingDiscontinuedOperationCurrent                2","logger":"task.stdout"}
{"timestamp":"2026-08-11T14:28:16.702138Z","level":"info","event":"AvailableForSaleDebtSecuritiesAccumulatedGrossUnrealizedGainBeforeTax     2","logger":"task.stdout"}
{"timestamp":"2026-08-11T14:28:16.702173Z","level":"info","event":"                                                                         ..","logger":"task.stdout"}
{"timestamp":"2026-08-11T14:28:16.702216Z","level":"info","event":"ProceedsFromSaleOfAvailableForSaleSecurities                              2","logger":"task.stdout"}
{"timestamp":"2026-08-11T14:28:16.702249Z","level":"info","event":"ProceedsFromSaleOfAvailableForSaleSecuritiesDebt                          2","logger":"task.stdout"}
{"timestamp":"2026-08-11T14:28:16.702281Z","level":"info","event":"RepaymentsOfLongTermDebt                                                  2","logger":"task.stdout"}
{"timestamp":"2026-08-11T14:28:16.702313Z","level":"info","event":"StockholdersEquityIncludingPortionAttributableToNoncontrollingInterest    2","logger":"task.stdout"}
{"timestamp":"2026-08-11T14:28:16.702345Z","level":"info","event":"TreasuryStockValueAcquiredCostMethod                                      2","logger":"task.stdout"}
{"timestamp":"2026-08-11T14:28:16.702377Z","level":"info","event":"Name: metric, Length: 88, dtype: int64","logger":"task.stdout"}
{"timestamp":"2026-08-11T14:28:16.702409Z","level":"info","event":"Duplicate rows: 0","logger":"task.stdout"}
{"timestamp":"2026-08-11T14:28:16.702442Z","level":"info","event":"","logger":"task.stdout"}
{"timestamp":"2026-08-11T14:28:16.702474Z","level":"info","event":"Missing values by column:","logger":"task.stdout"}
{"timestamp":"2026-08-11T14:28:16.708240Z","level":"info","event":"metric            0","logger":"task.stdout"}
{"timestamp":"2026-08-11T14:28:16.708336Z","level":"info","event":"source_tag        0","logger":"task.stdout"}
{"timestamp":"2026-08-11T14:28:16.708378Z","level":"info","event":"value             0","logger":"task.stdout"}
{"timestamp":"2026-08-11T14:28:16.708415Z","level":"info","event":"unit              0","logger":"task.stdout"}
{"timestamp":"2026-08-11T14:28:16.708450Z","level":"info","event":"start_date    11504","logger":"task.stdout"}
{"timestamp":"2026-08-11T14:28:16.708484Z","level":"info","event":"end_date          0","logger":"task.stdout"}
{"timestamp":"2026-08-11T14:28:16.708517Z","level":"info","event":"filed_date        0","logger":"task.stdout"}
{"timestamp":"2026-08-11T14:28:16.708549Z","level":"info","event":"form              0","logger":"task.stdout"}
{"timestamp":"2026-08-11T14:28:16.708583Z","level":"info","event":"dtype: int64","logger":"task.stdout"}
{"timestamp":"2026-08-11T14:28:16.713231Z","level":"info","event":"Transform completed: data/processed/humana_financial_metrics_2026_08_11.csv","logger":"task.stdout"}
{"timestamp":"2026-08-11T14:28:16.713231Z","level":"info","event":"Done. Returned value was: data/processed/humana_financial_metrics_2026_08_11.csv","map_index":-1,"try_number":1,"ti_id":"019ff139-3932-7c25-896d-9b46025c2ccd","task_id":"transform","run_id":"manual__2026-08-11T14:28:07.071091+00:00","dag_id":"xbrl_financial_pipeline","logger":"airflow.task.operators.airflow.providers.standard.decorators.python._PythonDecoratedOperator","filename":"python.py","lineno":233}
{"timestamp":"2026-08-11T14:28:16.713345Z","level":"info","event":"::group::Post Execute","map_index":-1,"try_number":1,"ti_id":"019ff139-3932-7c25-896d-9b46025c2ccd","task_id":"transform","run_id":"manual__2026-08-11T14:28:07.071091+00:00","dag_id":"xbrl_financial_pipeline","logger":"task","filename":"task_runner.py","lineno":1577}
{"timestamp":"2026-08-11T14:28:16.713433Z","level":"info","event":"Pushing xcom","ti":"RuntimeTaskInstance(id=UUID('019ff139-3932-7c25-896d-9b46025c2ccd'), task_id='transform', dag_id='xbrl_financial_pipeline', run_id='manual__2026-08-11T14:28:07.071091+00:00', try_number=1, dag_version_id=UUID('019ff136-2dab-7fd4-b6bc-0498ce3b7166'), map_index=-1, hostname='macbook-pro-irina.local', context_carrier={'traceparent': '00-a10897457f1138b691f3a9cf758fa2f1-291d39408fcaa25c-00'}, queue='default', task=<Task(_PythonDecoratedOperator): transform>, bundle_instance=LocalDagBundle(name=dags-folder), max_tries=0, start_date=datetime.datetime(2026, 8, 11, 14, 28, 14, 463285, tzinfo=datetime.timezone.utc), end_date=None, state=<TaskInstanceState.RUNNING: 'running'>, is_mapped=False, rendered_map_index=None, sentry_integration='')","map_index":-1,"try_number":1,"ti_id":"019ff139-3932-7c25-896d-9b46025c2ccd","task_id":"transform","run_id":"manual__2026-08-11T14:28:07.071091+00:00","dag_id":"xbrl_financial_pipeline","logger":"task","filename":"task_runner.py","lineno":2171}
{"timestamp":"2026-08-11T14:28:16.724291Z","level":"info","event":"::endgroup::","map_index":-1,"try_number":1,"ti_id":"019ff139-3932-7c25-896d-9b46025c2ccd","task_id":"transform","run_id":"manual__2026-08-11T14:28:07.071091+00:00","dag_id":"xbrl_financial_pipeline","logger":"task","filename":"task_runner.py","lineno":2270}
