{"timestamp":"2026-08-10T18:45:44.914556Z","level":"info","event":"2026-08-10T18:45:44.914013Z [info     ] ::group::Pre Execute           [task] loc=task_runner.py:2303","logger":"task.stdout"}
{"timestamp":"2026-08-10T18:45:45.172054Z","level":"info","event":"DAG bundles loaded: dags-folder","try_number":1,"task_id":"transform","ti_id":"019fddee-0e81-7f04-955c-628c75d3a922","dag_id":"xbrl_financial_pipeline","run_id":"manual__2026-08-07T20:33:13.831603+00:00","map_index":-1,"logger":"airflow.dag_processing.bundles.manager.DagBundlesManager","filename":"manager.py","lineno":271}
{"timestamp":"2026-08-10T18:45:45.172527Z","level":"info","event":"Filling up the DagBag from /Users/irinafendley/Projects/ETLFinancial/airflow_config/dags/auto_pipeline.py","try_number":1,"task_id":"transform","ti_id":"019fddee-0e81-7f04-955c-628c75d3a922","dag_id":"xbrl_financial_pipeline","run_id":"manual__2026-08-07T20:33:13.831603+00:00","map_index":-1,"logger":"airflow.dag_processing.dagbag.BundleDagBag","filename":"dagbag.py","lineno":460}
{"timestamp":"2026-08-10T18:45:45.189729Z","level":"info","event":"Worker startup parse complete","bundle_name":"dags-folder","bundle_version":null,"dag_file":"auto_pipeline.py","dag_id":"xbrl_financial_pipeline","bundle_prepare_ms":0,"dag_file_parse_ms":17,"try_number":1,"task_id":"transform","ti_id":"019fddee-0e81-7f04-955c-628c75d3a922","run_id":"manual__2026-08-07T20:33:13.831603+00:00","map_index":-1,"logger":"task","filename":"task_runner.py","lineno":1062}
{"timestamp":"2026-08-10T18:45:45.850021Z","level":"info","event":"::endgroup::","try_number":1,"task_id":"transform","ti_id":"019fddee-0e81-7f04-955c-628c75d3a922","dag_id":"xbrl_financial_pipeline","run_id":"manual__2026-08-07T20:33:13.831603+00:00","map_index":-1,"logger":"task","filename":"task_runner.py","lineno":2107}
{"timestamp":"2026-08-10T18:45:46.351975Z","level":"info","event":"","logger":"task.stdout"}
{"timestamp":"2026-08-10T18:45:46.352626Z","level":"info","event":"========== RULE DUPLICATES ==========","logger":"task.stdout"}
{"timestamp":"2026-08-10T18:45:46.352831Z","level":"info","event":"Tags defined in multiple rules: 0","logger":"task.stdout"}
{"timestamp":"2026-08-10T18:45:46.352957Z","level":"info","event":"Using raw file: data/raw/humana_2026_08_10.json","logger":"task.stdout"}
{"timestamp":"2026-08-10T18:45:46.585598Z","level":"info","event":"","logger":"task.stdout"}
{"timestamp":"2026-08-10T18:45:46.585727Z","level":"info","event":"Saved 30739 rows to data/processed/humana_financial_metrics_2026_08_10.csv","logger":"task.stdout"}
{"timestamp":"2026-08-10T18:45:46.585774Z","level":"info","event":"","logger":"task.stdout"}
{"timestamp":"2026-08-10T18:45:46.585814Z","level":"info","event":"========== DATA QUALITY CHECKS ==========","logger":"task.stdout"}
{"timestamp":"2026-08-10T18:45:46.585852Z","level":"info","event":"Total rows: 30739","logger":"task.stdout"}
{"timestamp":"2026-08-10T18:45:46.589405Z","level":"info","event":"Unique metrics: 85","logger":"task.stdout"}
{"timestamp":"2026-08-10T18:45:46.622504Z","level":"info","event":"source_tag","logger":"task.stdout"}
{"timestamp":"2026-08-10T18:45:46.623843Z","level":"info","event":"AccountsPayableAndAccruedLiabilitiesCurrent                               2","logger":"task.stdout"}
{"timestamp":"2026-08-10T18:45:46.623980Z","level":"info","event":"AmortizationOfIntangibleAssets                                            2","logger":"task.stdout"}
{"timestamp":"2026-08-10T18:45:46.625565Z","level":"info","event":"AssetsCurrent                                                             2","logger":"task.stdout"}
{"timestamp":"2026-08-10T18:45:46.625660Z","level":"info","event":"AssetsOfDisposalGroupIncludingDiscontinuedOperationCurrent                2","logger":"task.stdout"}
{"timestamp":"2026-08-10T18:45:46.625701Z","level":"info","event":"AvailableForSaleDebtSecuritiesAccumulatedGrossUnrealizedGainBeforeTax     2","logger":"task.stdout"}
{"timestamp":"2026-08-10T18:45:46.625739Z","level":"info","event":"                                                                         ..","logger":"task.stdout"}
{"timestamp":"2026-08-10T18:45:46.625791Z","level":"info","event":"ProceedsFromSaleOfAvailableForSaleSecurities                              2","logger":"task.stdout"}
{"timestamp":"2026-08-10T18:45:46.625825Z","level":"info","event":"ProceedsFromSaleOfAvailableForSaleSecuritiesDebt                          2","logger":"task.stdout"}
{"timestamp":"2026-08-10T18:45:46.625857Z","level":"info","event":"RepaymentsOfLongTermDebt                                                  2","logger":"task.stdout"}
{"timestamp":"2026-08-10T18:45:46.625889Z","level":"info","event":"StockholdersEquityIncludingPortionAttributableToNoncontrollingInterest    2","logger":"task.stdout"}
{"timestamp":"2026-08-10T18:45:46.625919Z","level":"info","event":"TreasuryStockValueAcquiredCostMethod                                      2","logger":"task.stdout"}
{"timestamp":"2026-08-10T18:45:46.625949Z","level":"info","event":"Name: metric, Length: 88, dtype: int64","logger":"task.stdout"}
{"timestamp":"2026-08-10T18:45:46.625983Z","level":"info","event":"Duplicate rows: 0","logger":"task.stdout"}
{"timestamp":"2026-08-10T18:45:46.626017Z","level":"info","event":"","logger":"task.stdout"}
{"timestamp":"2026-08-10T18:45:46.626048Z","level":"info","event":"Missing values by column:","logger":"task.stdout"}
{"timestamp":"2026-08-10T18:45:46.626661Z","level":"info","event":"metric            0","logger":"task.stdout"}
{"timestamp":"2026-08-10T18:45:46.626721Z","level":"info","event":"source_tag        0","logger":"task.stdout"}
{"timestamp":"2026-08-10T18:45:46.626755Z","level":"info","event":"value             0","logger":"task.stdout"}
{"timestamp":"2026-08-10T18:45:46.626787Z","level":"info","event":"unit              0","logger":"task.stdout"}
{"timestamp":"2026-08-10T18:45:46.626818Z","level":"info","event":"start_date    11504","logger":"task.stdout"}
{"timestamp":"2026-08-10T18:45:46.626848Z","level":"info","event":"end_date          0","logger":"task.stdout"}
{"timestamp":"2026-08-10T18:45:46.626878Z","level":"info","event":"filed_date        0","logger":"task.stdout"}
{"timestamp":"2026-08-10T18:45:46.626908Z","level":"info","event":"form              0","logger":"task.stdout"}
{"timestamp":"2026-08-10T18:45:46.626939Z","level":"info","event":"dtype: int64","logger":"task.stdout"}
{"timestamp":"2026-08-10T18:45:46.641876Z","level":"info","event":"Transform completed: data/processed/humana_financial_metrics_2026_08_10.csv","logger":"task.stdout"}
{"timestamp":"2026-08-10T18:45:46.639261Z","level":"info","event":"Done. Returned value was: data/processed/humana_financial_metrics_2026_08_10.csv","try_number":1,"task_id":"transform","ti_id":"019fddee-0e81-7f04-955c-628c75d3a922","dag_id":"xbrl_financial_pipeline","run_id":"manual__2026-08-07T20:33:13.831603+00:00","map_index":-1,"logger":"airflow.task.operators.airflow.providers.standard.decorators.python._PythonDecoratedOperator","filename":"python.py","lineno":233}
{"timestamp":"2026-08-10T18:45:46.639401Z","level":"info","event":"::group::Post Execute","try_number":1,"task_id":"transform","ti_id":"019fddee-0e81-7f04-955c-628c75d3a922","dag_id":"xbrl_financial_pipeline","run_id":"manual__2026-08-07T20:33:13.831603+00:00","map_index":-1,"logger":"task","filename":"task_runner.py","lineno":1577}
{"timestamp":"2026-08-10T18:45:46.639563Z","level":"info","event":"Pushing xcom","ti":"RuntimeTaskInstance(id=UUID('019fddee-0e81-7f04-955c-628c75d3a922'), task_id='transform', dag_id='xbrl_financial_pipeline', run_id='manual__2026-08-07T20:33:13.831603+00:00', try_number=1, dag_version_id=UUID('019fdcc9-3fe6-74fe-8b61-a6f0a5bdaf81'), map_index=-1, hostname='macbook-pro-irina.local', context_carrier={'traceparent': '00-85c64ba29dc93e87ebfc47f39fde7a89-a10c322c17781185-00'}, queue='default', task=<Task(_PythonDecoratedOperator): transform>, bundle_instance=LocalDagBundle(name=dags-folder), max_tries=0, start_date=datetime.datetime(2026, 8, 10, 18, 45, 42, 7199, tzinfo=datetime.timezone.utc), end_date=None, state=<TaskInstanceState.RUNNING: 'running'>, is_mapped=False, rendered_map_index=None, sentry_integration='')","try_number":1,"task_id":"transform","ti_id":"019fddee-0e81-7f04-955c-628c75d3a922","dag_id":"xbrl_financial_pipeline","run_id":"manual__2026-08-07T20:33:13.831603+00:00","map_index":-1,"logger":"task","filename":"task_runner.py","lineno":2171}
{"timestamp":"2026-08-10T18:45:46.733987Z","level":"info","event":"::endgroup::","try_number":1,"task_id":"transform","ti_id":"019fddee-0e81-7f04-955c-628c75d3a922","dag_id":"xbrl_financial_pipeline","run_id":"manual__2026-08-07T20:33:13.831603+00:00","map_index":-1,"logger":"task","filename":"task_runner.py","lineno":2270}
