{"timestamp":"2026-08-31T18:21:21.075529Z","level":"info","event":"2026-08-31T18:21:21.075331Z [info     ] ::group::Pre Execute           [task] loc=task_runner.py:2303","logger":"task.stdout"}
{"timestamp":"2026-08-31T18:21:21.247714Z","level":"info","event":"DAG bundles loaded: dags-folder","task_id":"transform","ti_id":"01a0590d-cd62-747e-a449-894663dc2961","map_index":-1,"run_id":"scheduled__2026-08-27T08:00:00+00:00","dag_id":"xbrl_financial_pipeline","try_number":1,"logger":"airflow.dag_processing.bundles.manager.DagBundlesManager","filename":"manager.py","lineno":271}
{"timestamp":"2026-08-31T18:21:21.248169Z","level":"info","event":"Filling up the DagBag from /Users/irinafendley/Projects/ETLFinancial/airflow_config/dags/auto_pipeline.py","task_id":"transform","ti_id":"01a0590d-cd62-747e-a449-894663dc2961","map_index":-1,"run_id":"scheduled__2026-08-27T08:00:00+00:00","dag_id":"xbrl_financial_pipeline","try_number":1,"logger":"airflow.dag_processing.dagbag.BundleDagBag","filename":"dagbag.py","lineno":460}
{"timestamp":"2026-08-31T18:21:21.264523Z","level":"info","event":"Worker startup parse complete","bundle_name":"dags-folder","bundle_version":null,"dag_file":"auto_pipeline.py","dag_id":"xbrl_financial_pipeline","bundle_prepare_ms":0,"dag_file_parse_ms":16,"task_id":"transform","ti_id":"01a0590d-cd62-747e-a449-894663dc2961","map_index":-1,"run_id":"scheduled__2026-08-27T08:00:00+00:00","try_number":1,"logger":"task","filename":"task_runner.py","lineno":1062}
{"timestamp":"2026-08-31T18:21:21.288038Z","level":"info","event":"::endgroup::","task_id":"transform","ti_id":"01a0590d-cd62-747e-a449-894663dc2961","map_index":-1,"run_id":"scheduled__2026-08-27T08:00:00+00:00","dag_id":"xbrl_financial_pipeline","try_number":1,"logger":"task","filename":"task_runner.py","lineno":2107}
{"timestamp":"2026-08-31T18:21:21.512419Z","level":"info","event":"","logger":"task.stdout"}
{"timestamp":"2026-08-31T18:21:21.512676Z","level":"info","event":"========== RULE DUPLICATES ==========","logger":"task.stdout"}
{"timestamp":"2026-08-31T18:21:21.512925Z","level":"info","event":"Tags defined in multiple rules: 0","logger":"task.stdout"}
{"timestamp":"2026-08-31T18:21:21.528629Z","level":"info","event":"Using raw file: data/raw/humana_2026_08_31.json","logger":"task.stdout"}
{"timestamp":"2026-08-31T18:21:21.713216Z","level":"info","event":"","logger":"task.stdout"}
{"timestamp":"2026-08-31T18:21:21.713366Z","level":"info","event":"Saved 30739 rows to data/processed/humana_financial_metrics_2026_08_31.csv","logger":"task.stdout"}
{"timestamp":"2026-08-31T18:21:21.713559Z","level":"info","event":"","logger":"task.stdout"}
{"timestamp":"2026-08-31T18:21:21.713643Z","level":"info","event":"========== DATA QUALITY CHECKS ==========","logger":"task.stdout"}
{"timestamp":"2026-08-31T18:21:21.713692Z","level":"info","event":"Total rows: 30739","logger":"task.stdout"}
{"timestamp":"2026-08-31T18:21:21.719904Z","level":"info","event":"Unique metrics: 85","logger":"task.stdout"}
{"timestamp":"2026-08-31T18:21:21.744866Z","level":"info","event":"source_tag","logger":"task.stdout"}
{"timestamp":"2026-08-31T18:21:21.744989Z","level":"info","event":"AccountsPayableAndAccruedLiabilitiesCurrent                               2","logger":"task.stdout"}
{"timestamp":"2026-08-31T18:21:21.745038Z","level":"info","event":"AmortizationOfIntangibleAssets                                            2","logger":"task.stdout"}
{"timestamp":"2026-08-31T18:21:21.745082Z","level":"info","event":"AssetsCurrent                                                             2","logger":"task.stdout"}
{"timestamp":"2026-08-31T18:21:21.745125Z","level":"info","event":"AssetsOfDisposalGroupIncludingDiscontinuedOperationCurrent                2","logger":"task.stdout"}
{"timestamp":"2026-08-31T18:21:21.745167Z","level":"info","event":"AvailableForSaleDebtSecuritiesAccumulatedGrossUnrealizedGainBeforeTax     2","logger":"task.stdout"}
{"timestamp":"2026-08-31T18:21:21.745205Z","level":"info","event":"                                                                         ..","logger":"task.stdout"}
{"timestamp":"2026-08-31T18:21:21.745253Z","level":"info","event":"ProceedsFromSaleOfAvailableForSaleSecurities                              2","logger":"task.stdout"}
{"timestamp":"2026-08-31T18:21:21.745292Z","level":"info","event":"ProceedsFromSaleOfAvailableForSaleSecuritiesDebt                          2","logger":"task.stdout"}
{"timestamp":"2026-08-31T18:21:21.745328Z","level":"info","event":"RepaymentsOfLongTermDebt                                                  2","logger":"task.stdout"}
{"timestamp":"2026-08-31T18:21:21.745363Z","level":"info","event":"StockholdersEquityIncludingPortionAttributableToNoncontrollingInterest    2","logger":"task.stdout"}
{"timestamp":"2026-08-31T18:21:21.745399Z","level":"info","event":"TreasuryStockValueAcquiredCostMethod                                      2","logger":"task.stdout"}
{"timestamp":"2026-08-31T18:21:21.745434Z","level":"info","event":"Name: metric, Length: 88, dtype: int64","logger":"task.stdout"}
{"timestamp":"2026-08-31T18:21:21.745470Z","level":"info","event":"Duplicate rows: 0","logger":"task.stdout"}
{"timestamp":"2026-08-31T18:21:21.745510Z","level":"info","event":"","logger":"task.stdout"}
{"timestamp":"2026-08-31T18:21:21.745549Z","level":"info","event":"Missing values by column:","logger":"task.stdout"}
{"timestamp":"2026-08-31T18:21:21.754040Z","level":"info","event":"statement         0","logger":"task.stdout"}
{"timestamp":"2026-08-31T18:21:21.754177Z","level":"info","event":"metric            0","logger":"task.stdout"}
{"timestamp":"2026-08-31T18:21:21.754302Z","level":"info","event":"source_tag        0","logger":"task.stdout"}
{"timestamp":"2026-08-31T18:21:21.754458Z","level":"info","event":"value             0","logger":"task.stdout"}
{"timestamp":"2026-08-31T18:21:21.754535Z","level":"info","event":"unit              0","logger":"task.stdout"}
{"timestamp":"2026-08-31T18:21:21.754576Z","level":"info","event":"start_date    11504","logger":"task.stdout"}
{"timestamp":"2026-08-31T18:21:21.754615Z","level":"info","event":"end_date          0","logger":"task.stdout"}
{"timestamp":"2026-08-31T18:21:21.754654Z","level":"info","event":"filed_date        0","logger":"task.stdout"}
{"timestamp":"2026-08-31T18:21:21.754691Z","level":"info","event":"form              0","logger":"task.stdout"}
{"timestamp":"2026-08-31T18:21:21.754731Z","level":"info","event":"dtype: int64","logger":"task.stdout"}
{"timestamp":"2026-08-31T18:21:21.759957Z","level":"info","event":"Transform completed: data/processed/humana_financial_metrics_2026_08_31.csv","logger":"task.stdout"}
{"timestamp":"2026-08-31T18:21:21.759976Z","level":"info","event":"Done. Returned value was: data/processed/humana_financial_metrics_2026_08_31.csv","task_id":"transform","ti_id":"01a0590d-cd62-747e-a449-894663dc2961","map_index":-1,"run_id":"scheduled__2026-08-27T08:00:00+00:00","dag_id":"xbrl_financial_pipeline","try_number":1,"logger":"airflow.task.operators.airflow.providers.standard.decorators.python._PythonDecoratedOperator","filename":"python.py","lineno":233}
{"timestamp":"2026-08-31T18:21:21.760055Z","level":"info","event":"::group::Post Execute","task_id":"transform","ti_id":"01a0590d-cd62-747e-a449-894663dc2961","map_index":-1,"run_id":"scheduled__2026-08-27T08:00:00+00:00","dag_id":"xbrl_financial_pipeline","try_number":1,"logger":"task","filename":"task_runner.py","lineno":1577}
{"timestamp":"2026-08-31T18:21:21.760135Z","level":"info","event":"Pushing xcom","ti":"RuntimeTaskInstance(id=UUID('01a0590d-cd62-747e-a449-894663dc2961'), task_id='transform', dag_id='xbrl_financial_pipeline', run_id='scheduled__2026-08-27T08:00:00+00:00', try_number=1, dag_version_id=UUID('019ff14f-3c85-735c-96c3-eff9969d0e15'), map_index=-1, hostname='macbook-pro-irina.local', context_carrier={'traceparent': '00-0d177b97522d57d83405b5ec4e91efb3-c3fc53ba15708a10-00'}, queue='default', task=<Task(_PythonDecoratedOperator): transform>, bundle_instance=LocalDagBundle(name=dags-folder), max_tries=0, start_date=datetime.datetime(2026, 8, 31, 18, 21, 20, 319573, tzinfo=datetime.timezone.utc), end_date=None, state=<TaskInstanceState.RUNNING: 'running'>, is_mapped=False, rendered_map_index=None, sentry_integration='')","task_id":"transform","ti_id":"01a0590d-cd62-747e-a449-894663dc2961","map_index":-1,"run_id":"scheduled__2026-08-27T08:00:00+00:00","dag_id":"xbrl_financial_pipeline","try_number":1,"logger":"task","filename":"task_runner.py","lineno":2171}
{"timestamp":"2026-08-31T18:21:21.779956Z","level":"info","event":"::endgroup::","task_id":"transform","ti_id":"01a0590d-cd62-747e-a449-894663dc2961","map_index":-1,"run_id":"scheduled__2026-08-27T08:00:00+00:00","dag_id":"xbrl_financial_pipeline","try_number":1,"logger":"task","filename":"task_runner.py","lineno":2270}
