{"timestamp":"2026-08-10T18:48:33.141043Z","level":"info","event":"2026-08-10T18:48:33.140702Z [info     ] ::group::Pre Execute           [task] loc=task_runner.py:2303","logger":"task.stdout"}
{"timestamp":"2026-08-10T18:48:33.370925Z","level":"info","event":"DAG bundles loaded: dags-folder","run_id":"manual__2026-08-10T18:48:26.374637+00:00","map_index":-1,"dag_id":"xbrl_financial_pipeline","task_id":"transform","try_number":1,"ti_id":"019fed01-3219-7bee-a1f6-ac41ada287a7","logger":"airflow.dag_processing.bundles.manager.DagBundlesManager","filename":"manager.py","lineno":271}
{"timestamp":"2026-08-10T18:48:33.371269Z","level":"info","event":"Filling up the DagBag from /Users/irinafendley/Projects/ETLFinancial/airflow_config/dags/auto_pipeline.py","run_id":"manual__2026-08-10T18:48:26.374637+00:00","map_index":-1,"dag_id":"xbrl_financial_pipeline","task_id":"transform","try_number":1,"ti_id":"019fed01-3219-7bee-a1f6-ac41ada287a7","logger":"airflow.dag_processing.dagbag.BundleDagBag","filename":"dagbag.py","lineno":460}
{"timestamp":"2026-08-10T18:48:33.386705Z","level":"info","event":"Worker startup parse complete","bundle_name":"dags-folder","bundle_version":null,"dag_file":"auto_pipeline.py","dag_id":"xbrl_financial_pipeline","bundle_prepare_ms":0,"dag_file_parse_ms":15,"run_id":"manual__2026-08-10T18:48:26.374637+00:00","map_index":-1,"task_id":"transform","try_number":1,"ti_id":"019fed01-3219-7bee-a1f6-ac41ada287a7","logger":"task","filename":"task_runner.py","lineno":1062}
{"timestamp":"2026-08-10T18:48:33.403437Z","level":"info","event":"::endgroup::","run_id":"manual__2026-08-10T18:48:26.374637+00:00","map_index":-1,"dag_id":"xbrl_financial_pipeline","task_id":"transform","try_number":1,"ti_id":"019fed01-3219-7bee-a1f6-ac41ada287a7","logger":"task","filename":"task_runner.py","lineno":2107}
{"timestamp":"2026-08-10T18:48:33.690062Z","level":"info","event":"","logger":"task.stdout"}
{"timestamp":"2026-08-10T18:48:33.690198Z","level":"info","event":"========== RULE DUPLICATES ==========","logger":"task.stdout"}
{"timestamp":"2026-08-10T18:48:33.690246Z","level":"info","event":"Tags defined in multiple rules: 0","logger":"task.stdout"}
{"timestamp":"2026-08-10T18:48:33.690965Z","level":"info","event":"Using raw file: data/raw/humana_2026_08_10.json","logger":"task.stdout"}
{"timestamp":"2026-08-10T18:48:33.823622Z","level":"info","event":"","logger":"task.stdout"}
{"timestamp":"2026-08-10T18:48:33.823745Z","level":"info","event":"Saved 30739 rows to data/processed/humana_financial_metrics_2026_08_10.csv","logger":"task.stdout"}
{"timestamp":"2026-08-10T18:48:33.823787Z","level":"info","event":"","logger":"task.stdout"}
{"timestamp":"2026-08-10T18:48:33.823824Z","level":"info","event":"========== DATA QUALITY CHECKS ==========","logger":"task.stdout"}
{"timestamp":"2026-08-10T18:48:33.823858Z","level":"info","event":"Total rows: 30739","logger":"task.stdout"}
{"timestamp":"2026-08-10T18:48:33.829278Z","level":"info","event":"Unique metrics: 85","logger":"task.stdout"}
{"timestamp":"2026-08-10T18:48:33.849106Z","level":"info","event":"source_tag","logger":"task.stdout"}
{"timestamp":"2026-08-10T18:48:33.849225Z","level":"info","event":"AccountsPayableAndAccruedLiabilitiesCurrent                               2","logger":"task.stdout"}
{"timestamp":"2026-08-10T18:48:33.849278Z","level":"info","event":"AmortizationOfIntangibleAssets                                            2","logger":"task.stdout"}
{"timestamp":"2026-08-10T18:48:33.849326Z","level":"info","event":"AssetsCurrent                                                             2","logger":"task.stdout"}
{"timestamp":"2026-08-10T18:48:33.849361Z","level":"info","event":"AssetsOfDisposalGroupIncludingDiscontinuedOperationCurrent                2","logger":"task.stdout"}
{"timestamp":"2026-08-10T18:48:33.849397Z","level":"info","event":"AvailableForSaleDebtSecuritiesAccumulatedGrossUnrealizedGainBeforeTax     2","logger":"task.stdout"}
{"timestamp":"2026-08-10T18:48:33.849437Z","level":"info","event":"                                                                         ..","logger":"task.stdout"}
{"timestamp":"2026-08-10T18:48:33.849483Z","level":"info","event":"ProceedsFromSaleOfAvailableForSaleSecurities                              2","logger":"task.stdout"}
{"timestamp":"2026-08-10T18:48:33.849516Z","level":"info","event":"ProceedsFromSaleOfAvailableForSaleSecuritiesDebt                          2","logger":"task.stdout"}
{"timestamp":"2026-08-10T18:48:33.849547Z","level":"info","event":"RepaymentsOfLongTermDebt                                                  2","logger":"task.stdout"}
{"timestamp":"2026-08-10T18:48:33.849578Z","level":"info","event":"StockholdersEquityIncludingPortionAttributableToNoncontrollingInterest    2","logger":"task.stdout"}
{"timestamp":"2026-08-10T18:48:33.849608Z","level":"info","event":"TreasuryStockValueAcquiredCostMethod                                      2","logger":"task.stdout"}
{"timestamp":"2026-08-10T18:48:33.849639Z","level":"info","event":"Name: metric, Length: 88, dtype: int64","logger":"task.stdout"}
{"timestamp":"2026-08-10T18:48:33.849669Z","level":"info","event":"Duplicate rows: 0","logger":"task.stdout"}
{"timestamp":"2026-08-10T18:48:33.849703Z","level":"info","event":"","logger":"task.stdout"}
{"timestamp":"2026-08-10T18:48:33.849741Z","level":"info","event":"Missing values by column:","logger":"task.stdout"}
{"timestamp":"2026-08-10T18:48:33.857632Z","level":"info","event":"metric            0","logger":"task.stdout"}
{"timestamp":"2026-08-10T18:48:33.857765Z","level":"info","event":"source_tag        0","logger":"task.stdout"}
{"timestamp":"2026-08-10T18:48:33.857808Z","level":"info","event":"value             0","logger":"task.stdout"}
{"timestamp":"2026-08-10T18:48:33.857843Z","level":"info","event":"unit              0","logger":"task.stdout"}
{"timestamp":"2026-08-10T18:48:33.857876Z","level":"info","event":"start_date    11504","logger":"task.stdout"}
{"timestamp":"2026-08-10T18:48:33.857922Z","level":"info","event":"end_date          0","logger":"task.stdout"}
{"timestamp":"2026-08-10T18:48:33.857959Z","level":"info","event":"filed_date        0","logger":"task.stdout"}
{"timestamp":"2026-08-10T18:48:33.857991Z","level":"info","event":"form              0","logger":"task.stdout"}
{"timestamp":"2026-08-10T18:48:33.858022Z","level":"info","event":"dtype: int64","logger":"task.stdout"}
{"timestamp":"2026-08-10T18:48:33.862482Z","level":"info","event":"Transform completed: data/processed/humana_financial_metrics_2026_08_10.csv","logger":"task.stdout"}
{"timestamp":"2026-08-10T18:48:33.862536Z","level":"info","event":"Done. Returned value was: data/processed/humana_financial_metrics_2026_08_10.csv","run_id":"manual__2026-08-10T18:48:26.374637+00:00","map_index":-1,"dag_id":"xbrl_financial_pipeline","task_id":"transform","try_number":1,"ti_id":"019fed01-3219-7bee-a1f6-ac41ada287a7","logger":"airflow.task.operators.airflow.providers.standard.decorators.python._PythonDecoratedOperator","filename":"python.py","lineno":233}
{"timestamp":"2026-08-10T18:48:33.862660Z","level":"info","event":"::group::Post Execute","run_id":"manual__2026-08-10T18:48:26.374637+00:00","map_index":-1,"dag_id":"xbrl_financial_pipeline","task_id":"transform","try_number":1,"ti_id":"019fed01-3219-7bee-a1f6-ac41ada287a7","logger":"task","filename":"task_runner.py","lineno":1577}
{"timestamp":"2026-08-10T18:48:33.862745Z","level":"info","event":"Pushing xcom","ti":"RuntimeTaskInstance(id=UUID('019fed01-3219-7bee-a1f6-ac41ada287a7'), task_id='transform', dag_id='xbrl_financial_pipeline', run_id='manual__2026-08-10T18:48:26.374637+00:00', try_number=1, dag_version_id=UUID('019fde09-400f-788e-b358-8a2b6522175c'), map_index=-1, hostname='macbook-pro-irina.local', context_carrier={'traceparent': '00-a2d48f41b61d154b48d8018f038ac425-6b7054030bc4b5c7-00'}, queue='default', task=<Task(_PythonDecoratedOperator): transform>, bundle_instance=LocalDagBundle(name=dags-folder), max_tries=0, start_date=datetime.datetime(2026, 8, 10, 18, 48, 31, 556491, tzinfo=datetime.timezone.utc), end_date=None, state=<TaskInstanceState.RUNNING: 'running'>, is_mapped=False, rendered_map_index=None, sentry_integration='')","run_id":"manual__2026-08-10T18:48:26.374637+00:00","map_index":-1,"dag_id":"xbrl_financial_pipeline","task_id":"transform","try_number":1,"ti_id":"019fed01-3219-7bee-a1f6-ac41ada287a7","logger":"task","filename":"task_runner.py","lineno":2171}
{"timestamp":"2026-08-10T18:48:33.878845Z","level":"info","event":"::endgroup::","run_id":"manual__2026-08-10T18:48:26.374637+00:00","map_index":-1,"dag_id":"xbrl_financial_pipeline","task_id":"transform","try_number":1,"ti_id":"019fed01-3219-7bee-a1f6-ac41ada287a7","logger":"task","filename":"task_runner.py","lineno":2270}
