{"timestamp":"2026-08-31T18:21:17.981603Z","level":"info","event":"2026-08-31T18:21:17.981370Z [info     ] ::group::Pre Execute           [task] loc=task_runner.py:2303","logger":"task.stdout"}
{"timestamp":"2026-08-31T18:21:18.146205Z","level":"info","event":"DAG bundles loaded: dags-folder","run_id":"scheduled__2026-08-27T08:00:00+00:00","ti_id":"01a0590d-cd61-74f1-ba8b-c7892352a5d0","task_id":"generate_mapping","try_number":1,"dag_id":"xbrl_financial_pipeline","map_index":-1,"logger":"airflow.dag_processing.bundles.manager.DagBundlesManager","filename":"manager.py","lineno":271}
{"timestamp":"2026-08-31T18:21:18.146652Z","level":"info","event":"Filling up the DagBag from /Users/irinafendley/Projects/ETLFinancial/airflow_config/dags/auto_pipeline.py","run_id":"scheduled__2026-08-27T08:00:00+00:00","ti_id":"01a0590d-cd61-74f1-ba8b-c7892352a5d0","task_id":"generate_mapping","try_number":1,"dag_id":"xbrl_financial_pipeline","map_index":-1,"logger":"airflow.dag_processing.dagbag.BundleDagBag","filename":"dagbag.py","lineno":460}
{"timestamp":"2026-08-31T18:21:18.163593Z","level":"info","event":"Worker startup parse complete","bundle_name":"dags-folder","bundle_version":null,"dag_file":"auto_pipeline.py","dag_id":"xbrl_financial_pipeline","bundle_prepare_ms":0,"dag_file_parse_ms":16,"run_id":"scheduled__2026-08-27T08:00:00+00:00","ti_id":"01a0590d-cd61-74f1-ba8b-c7892352a5d0","task_id":"generate_mapping","try_number":1,"map_index":-1,"logger":"task","filename":"task_runner.py","lineno":1062}
{"timestamp":"2026-08-31T18:21:18.191619Z","level":"info","event":"::endgroup::","run_id":"scheduled__2026-08-27T08:00:00+00:00","ti_id":"01a0590d-cd61-74f1-ba8b-c7892352a5d0","task_id":"generate_mapping","try_number":1,"dag_id":"xbrl_financial_pipeline","map_index":-1,"logger":"task","filename":"task_runner.py","lineno":2107}
{"timestamp":"2026-08-31T18:21:18.193328Z","level":"info","event":"","logger":"task.stdout"}
{"timestamp":"2026-08-31T18:21:18.193407Z","level":"info","event":"========== RULE DUPLICATES ==========","logger":"task.stdout"}
{"timestamp":"2026-08-31T18:21:18.193460Z","level":"info","event":"Tags defined in multiple rules: 0","logger":"task.stdout"}
{"timestamp":"2026-08-31T18:21:18.193568Z","level":"info","event":"Generating mapping from: data/raw/humana_2026_08_31.json","logger":"task.stdout"}
{"timestamp":"2026-08-31T18:21:19.286647Z","level":"info","event":"","logger":"task.stdout"}
{"timestamp":"2026-08-31T18:21:19.286838Z","level":"info","event":"========== MAPPING DUPLICATES ==========","logger":"task.stdout"}
{"timestamp":"2026-08-31T18:21:19.286891Z","level":"info","event":"Tags mapped to multiple metrics: 88","logger":"task.stdout"}
{"timestamp":"2026-08-31T18:21:19.286933Z","level":"info","event":"","logger":"task.stdout"}
{"timestamp":"2026-08-31T18:21:19.286973Z","level":"info","event":" LiabilityForUnpaidClaimsAndClaimsAdjustmentExpenseIncurredClaims","logger":"task.stdout"}
{"timestamp":"2026-08-31T18:21:19.287012Z","level":"info","event":"  -> income_statement.medical_benefits_and_claims_expense","logger":"task.stdout"}
{"timestamp":"2026-08-31T18:21:19.287048Z","level":"info","event":"  -> balance_sheet.insurance_claim_reserves","logger":"task.stdout"}
{"timestamp":"2026-08-31T18:21:19.287084Z","level":"info","event":"","logger":"task.stdout"}
{"timestamp":"2026-08-31T18:21:19.287119Z","level":"info","event":" LiabilityForUnpaidClaimsAndClaimsAdjustmentExpenseIncurredClaims1","logger":"task.stdout"}
{"timestamp":"2026-08-31T18:21:19.287154Z","level":"info","event":"  -> income_statement.medical_benefits_and_claims_expense","logger":"task.stdout"}
{"timestamp":"2026-08-31T18:21:19.287188Z","level":"info","event":"  -> balance_sheet.insurance_claim_reserves","logger":"task.stdout"}
{"timestamp":"2026-08-31T18:21:19.287225Z","level":"info","event":"","logger":"task.stdout"}
{"timestamp":"2026-08-31T18:21:19.287263Z","level":"info","event":" LiabilityForUnpaidClaimsAndClaimsAdjustmentExpenseIncurredClaimsCurrentYear","logger":"task.stdout"}
{"timestamp":"2026-08-31T18:21:19.287306Z","level":"info","event":"  -> income_statement.medical_benefits_and_claims_expense","logger":"task.stdout"}
{"timestamp":"2026-08-31T18:21:19.287354Z","level":"info","event":"  -> balance_sheet.insurance_claim_reserves","logger":"task.stdout"}
{"timestamp":"2026-08-31T18:21:19.287391Z","level":"info","event":"","logger":"task.stdout"}
{"timestamp":"2026-08-31T18:21:19.287429Z","level":"info","event":" LiabilityForUnpaidClaimsAndClaimsAdjustmentExpenseIncurredClaimsPriorYears","logger":"task.stdout"}
{"timestamp":"2026-08-31T18:21:19.287465Z","level":"info","event":"  -> income_statement.medical_benefits_and_claims_expense","logger":"task.stdout"}
{"timestamp":"2026-08-31T18:21:19.287502Z","level":"info","event":"  -> balance_sheet.insurance_claim_reserves","logger":"task.stdout"}
{"timestamp":"2026-08-31T18:21:19.287539Z","level":"info","event":"","logger":"task.stdout"}
{"timestamp":"2026-08-31T18:21:19.287574Z","level":"info","event":" LiabilityForUnpaidClaimsAndClaimsAdjustmentExpenseIncurredButNotReportedIBNRClaimsAmount","logger":"task.stdout"}
{"timestamp":"2026-08-31T18:21:19.287610Z","level":"info","event":"  -> income_statement.medical_benefits_and_claims_expense","logger":"task.stdout"}
{"timestamp":"2026-08-31T18:21:19.287649Z","level":"info","event":"  -> balance_sheet.insurance_claim_reserves","logger":"task.stdout"}
{"timestamp":"2026-08-31T18:21:19.287684Z","level":"info","event":"","logger":"task.stdout"}
{"timestamp":"2026-08-31T18:21:19.287718Z","level":"info","event":" IncomeLossFromContinuingOperationsBeforeIncomeTaxesMinorityInterestAndIncomeLossFromEquityMethodInvestments","logger":"task.stdout"}
{"timestamp":"2026-08-31T18:21:19.287756Z","level":"info","event":"  -> income_statement.investment_income","logger":"task.stdout"}
{"timestamp":"2026-08-31T18:21:19.287792Z","level":"info","event":"  -> balance_sheet.investment_securities","logger":"task.stdout"}
{"timestamp":"2026-08-31T18:21:19.287828Z","level":"info","event":"  -> balance_sheet.investments","logger":"task.stdout"}
{"timestamp":"2026-08-31T18:21:19.287865Z","level":"info","event":"  -> balance_sheet.equity","logger":"task.stdout"}
{"timestamp":"2026-08-31T18:21:19.287901Z","level":"info","event":"","logger":"task.stdout"}
{"timestamp":"2026-08-31T18:21:19.287935Z","level":"info","event":" IncomeLossFromEquityMethodInvestments","logger":"task.stdout"}
{"timestamp":"2026-08-31T18:21:19.287970Z","level":"info","event":"  -> income_statement.investment_income","logger":"task.stdout"}
{"timestamp":"2026-08-31T18:21:19.288003Z","level":"info","event":"  -> balance_sheet.investment_securities","logger":"task.stdout"}
{"timestamp":"2026-08-31T18:21:19.288039Z","level":"info","event":"  -> balance_sheet.investments","logger":"task.stdout"}
{"timestamp":"2026-08-31T18:21:19.288079Z","level":"info","event":"","logger":"task.stdout"}
{"timestamp":"2026-08-31T18:21:19.288114Z","level":"info","event":" AmortizationOfIntangibleAssets","logger":"task.stdout"}
{"timestamp":"2026-08-31T18:21:19.288154Z","level":"info","event":"  -> income_statement.depreciation_and_amortization","logger":"task.stdout"}
{"timestamp":"2026-08-31T18:21:19.288192Z","level":"info","event":"  -> balance_sheet.total_assets","logger":"task.stdout"}
{"timestamp":"2026-08-31T18:21:19.288227Z","level":"info","event":"","logger":"task.stdout"}
{"timestamp":"2026-08-31T18:21:19.288263Z","level":"info","event":" FiniteLivedIntangibleAssetsAmortizationExpenseNextTwelveMonths","logger":"task.stdout"}
{"timestamp":"2026-08-31T18:21:19.288304Z","level":"info","event":"  -> income_statement.depreciation_and_amortization","logger":"task.stdout"}
{"timestamp":"2026-08-31T18:21:19.288341Z","level":"info","event":"  -> balance_sheet.total_assets","logger":"task.stdout"}
{"timestamp":"2026-08-31T18:21:19.288377Z","level":"info","event":"","logger":"task.stdout"}
{"timestamp":"2026-08-31T18:21:19.288412Z","level":"info","event":" FiniteLivedIntangibleAssetsAmortizationExpenseRemainderOfFiscalYear","logger":"task.stdout"}
{"timestamp":"2026-08-31T18:21:19.288448Z","level":"info","event":"  -> income_statement.depreciation_and_amortization","logger":"task.stdout"}
{"timestamp":"2026-08-31T18:21:19.288488Z","level":"info","event":"  -> balance_sheet.total_assets","logger":"task.stdout"}
{"timestamp":"2026-08-31T18:21:19.288523Z","level":"info","event":"","logger":"task.stdout"}
{"timestamp":"2026-08-31T18:21:19.288560Z","level":"info","event":" FiniteLivedIntangibleAssetsAmortizationExpenseYearFive","logger":"task.stdout"}
{"timestamp":"2026-08-31T18:21:19.288596Z","level":"info","event":"  -> income_statement.depreciation_and_amortization","logger":"task.stdout"}
{"timestamp":"2026-08-31T18:21:19.288632Z","level":"info","event":"  -> balance_sheet.total_assets","logger":"task.stdout"}
{"timestamp":"2026-08-31T18:21:19.288666Z","level":"info","event":"","logger":"task.stdout"}
{"timestamp":"2026-08-31T18:21:19.288701Z","level":"info","event":" FiniteLivedIntangibleAssetsAmortizationExpenseYearFour","logger":"task.stdout"}
{"timestamp":"2026-08-31T18:21:19.288736Z","level":"info","event":"  -> income_statement.depreciation_and_amortization","logger":"task.stdout"}
{"timestamp":"2026-08-31T18:21:19.288771Z","level":"info","event":"  -> balance_sheet.total_assets","logger":"task.stdout"}
{"timestamp":"2026-08-31T18:21:19.288804Z","level":"info","event":"","logger":"task.stdout"}
{"timestamp":"2026-08-31T18:21:19.288951Z","level":"info","event":" FiniteLivedIntangibleAssetsAmortizationExpenseYearThree","logger":"task.stdout"}
{"timestamp":"2026-08-31T18:21:19.289044Z","level":"info","event":"  -> income_statement.depreciation_and_amortization","logger":"task.stdout"}
{"timestamp":"2026-08-31T18:21:19.289082Z","level":"info","event":"  -> balance_sheet.total_assets","logger":"task.stdout"}
{"timestamp":"2026-08-31T18:21:19.289166Z","level":"info","event":"","logger":"task.stdout"}
{"timestamp":"2026-08-31T18:21:19.289202Z","level":"info","event":" FiniteLivedIntangibleAssetsAmortizationExpenseYearTwo","logger":"task.stdout"}
{"timestamp":"2026-08-31T18:21:19.289237Z","level":"info","event":"  -> income_statement.depreciation_and_amortization","logger":"task.stdout"}
{"timestamp":"2026-08-31T18:21:19.289271Z","level":"info","event":"  -> balance_sheet.total_assets","logger":"task.stdout"}
{"timestamp":"2026-08-31T18:21:19.289412Z","level":"info","event":"","logger":"task.stdout"}
{"timestamp":"2026-08-31T18:21:19.289526Z","level":"info","event":" NetIncomeLossAttributableToNoncontrollingInterest","logger":"task.stdout"}
{"timestamp":"2026-08-31T18:21:19.289595Z","level":"info","event":"  -> income_statement.net_income","logger":"task.stdout"}
{"timestamp":"2026-08-31T18:21:19.289631Z","level":"info","event":"  -> balance_sheet.equity","logger":"task.stdout"}
{"timestamp":"2026-08-31T18:21:19.289668Z","level":"info","event":"","logger":"task.stdout"}
{"timestamp":"2026-08-31T18:21:19.289707Z","level":"info","event":" OtherComprehensiveIncomeLossNetOfTax","logger":"task.stdout"}
{"timestamp":"2026-08-31T18:21:19.289742Z","level":"info","event":"  -> income_statement.net_income","logger":"task.stdout"}
{"timestamp":"2026-08-31T18:21:19.289775Z","level":"info","event":"  -> income_statement.other_income_expense","logger":"task.stdout"}
{"timestamp":"2026-08-31T18:21:19.289808Z","level":"info","event":"  -> income_statement.comprehensive_income","logger":"task.stdout"}
{"timestamp":"2026-08-31T18:21:19.289843Z","level":"info","event":"","logger":"task.stdout"}
{"timestamp":"2026-08-31T18:21:19.289879Z","level":"info","event":" OtherComprehensiveIncomeLossNetOfTaxPortionAttributableToParent","logger":"task.stdout"}
{"timestamp":"2026-08-31T18:21:19.289913Z","level":"info","event":"  -> income_statement.net_income","logger":"task.stdout"}
{"timestamp":"2026-08-31T18:21:19.289946Z","level":"info","event":"  -> income_statement.other_income_expense","logger":"task.stdout"}
{"timestamp":"2026-08-31T18:21:19.289979Z","level":"info","event":"  -> income_statement.comprehensive_income","logger":"task.stdout"}
{"timestamp":"2026-08-31T18:21:19.290012Z","level":"info","event":"","logger":"task.stdout"}
{"timestamp":"2026-08-31T18:21:19.290045Z","level":"info","event":" OtherComprehensiveIncomeLossReclassificationAdjustmentForSaleOfSecuritiesIncludedInNetIncomeBeforeTax","logger":"task.stdout"}
{"timestamp":"2026-08-31T18:21:19.290086Z","level":"info","event":"  -> income_statement.net_income","logger":"task.stdout"}
{"timestamp":"2026-08-31T18:21:19.290119Z","level":"info","event":"  -> income_statement.other_income_expense","logger":"task.stdout"}
{"timestamp":"2026-08-31T18:21:19.290152Z","level":"info","event":"  -> income_statement.comprehensive_income","logger":"task.stdout"}
{"timestamp":"2026-08-31T18:21:19.290185Z","level":"info","event":"","logger":"task.stdout"}
{"timestamp":"2026-08-31T18:21:19.290218Z","level":"info","event":" OtherComprehensiveIncomeLossReclassificationAdjustmentForSaleOfSecuritiesIncludedInNetIncomeNetOfTax","logger":"task.stdout"}
{"timestamp":"2026-08-31T18:21:19.290253Z","level":"info","event":"  -> income_statement.net_income","logger":"task.stdout"}
{"timestamp":"2026-08-31T18:21:19.290287Z","level":"info","event":"  -> income_statement.other_income_expense","logger":"task.stdout"}
{"timestamp":"2026-08-31T18:21:19.290320Z","level":"info","event":"  -> income_statement.comprehensive_income","logger":"task.stdout"}
{"timestamp":"2026-08-31T18:21:19.290352Z","level":"info","event":"","logger":"task.stdout"}
{"timestamp":"2026-08-31T18:21:19.290387Z","level":"info","event":" OtherComprehensiveIncomeLossReclassificationAdjustmentForSaleOfSecuritiesIncludedInNetIncomeTax","logger":"task.stdout"}
{"timestamp":"2026-08-31T18:21:19.290421Z","level":"info","event":"  -> income_statement.net_income","logger":"task.stdout"}
{"timestamp":"2026-08-31T18:21:19.290453Z","level":"info","event":"  -> income_statement.other_income_expense","logger":"task.stdout"}
{"timestamp":"2026-08-31T18:21:19.290486Z","level":"info","event":"  -> income_statement.comprehensive_income","logger":"task.stdout"}
{"timestamp":"2026-08-31T18:21:19.290519Z","level":"info","event":"","logger":"task.stdout"}
{"timestamp":"2026-08-31T18:21:19.290554Z","level":"info","event":" OtherComprehensiveIncomeLossReclassificationAdjustmentFromAOCIForSaleOfSecuritiesNetOfTax","logger":"task.stdout"}
{"timestamp":"2026-08-31T18:21:19.290593Z","level":"info","event":"  -> income_statement.net_income","logger":"task.stdout"}
{"timestamp":"2026-08-31T18:21:19.290628Z","level":"info","event":"  -> income_statement.other_income_expense","logger":"task.stdout"}
{"timestamp":"2026-08-31T18:21:19.290661Z","level":"info","event":"  -> income_statement.comprehensive_income","logger":"task.stdout"}
{"timestamp":"2026-08-31T18:21:19.290694Z","level":"info","event":"","logger":"task.stdout"}
{"timestamp":"2026-08-31T18:21:19.290732Z","level":"info","event":" OtherComprehensiveIncomeUnrealizedHoldingGainLossOnSecuritiesArisingDuringPeriodNetOfTax","logger":"task.stdout"}
{"timestamp":"2026-08-31T18:21:19.290767Z","level":"info","event":"  -> income_statement.net_income","logger":"task.stdout"}
{"timestamp":"2026-08-31T18:21:19.290802Z","level":"info","event":"  -> income_statement.other_income_expense","logger":"task.stdout"}
{"timestamp":"2026-08-31T18:21:19.290835Z","level":"info","event":"  -> income_statement.comprehensive_income","logger":"task.stdout"}
{"timestamp":"2026-08-31T18:21:19.290928Z","level":"info","event":"","logger":"task.stdout"}
{"timestamp":"2026-08-31T18:21:19.290978Z","level":"info","event":" IncomeLossFromContinuingOperationsBeforeIncomeTaxesExtraordinaryItemsNoncontrollingInterest","logger":"task.stdout"}
{"timestamp":"2026-08-31T18:21:19.291020Z","level":"info","event":"  -> income_statement.income_before_tax","logger":"task.stdout"}
{"timestamp":"2026-08-31T18:21:19.291059Z","level":"info","event":"  -> balance_sheet.equity","logger":"task.stdout"}
{"timestamp":"2026-08-31T18:21:19.291100Z","level":"info","event":"","logger":"task.stdout"}
{"timestamp":"2026-08-31T18:21:19.291139Z","level":"info","event":" DeferredTaxLiabilitiesOtherComprehensiveIncome","logger":"task.stdout"}
{"timestamp":"2026-08-31T18:21:19.291176Z","level":"info","event":"  -> income_statement.other_income_expense","logger":"task.stdout"}
{"timestamp":"2026-08-31T18:21:19.291220Z","level":"info","event":"  -> balance_sheet.deferred_tax_liabilities","logger":"task.stdout"}
{"timestamp":"2026-08-31T18:21:19.291255Z","level":"info","event":"  -> balance_sheet.total_liabilities","logger":"task.stdout"}
{"timestamp":"2026-08-31T18:21:19.291290Z","level":"info","event":"","logger":"task.stdout"}
{"timestamp":"2026-08-31T18:21:19.291328Z","level":"info","event":" GainLossOnSaleOfInvestments","logger":"task.stdout"}
{"timestamp":"2026-08-31T18:21:19.291367Z","level":"info","event":"  -> income_statement.other_income_expense","logger":"task.stdout"}
{"timestamp":"2026-08-31T18:21:19.291404Z","level":"info","event":"  -> balance_sheet.investments","logger":"task.stdout"}
{"timestamp":"2026-08-31T18:21:19.291441Z","level":"info","event":"","logger":"task.stdout"}
{"timestamp":"2026-08-31T18:21:19.291480Z","level":"info","event":" OtherComprehensiveIncomeReclassificationAdjustmentForSaleOfSecuritiesIncludedInNetIncomeBeforeTax","logger":"task.stdout"}
{"timestamp":"2026-08-31T18:21:19.291519Z","level":"info","event":"  -> income_statement.other_income_expense","logger":"task.stdout"}
{"timestamp":"2026-08-31T18:21:19.291556Z","level":"info","event":"  -> income_statement.comprehensive_income","logger":"task.stdout"}
{"timestamp":"2026-08-31T18:21:19.291593Z","level":"info","event":"","logger":"task.stdout"}
{"timestamp":"2026-08-31T18:21:19.291629Z","level":"info","event":" OtherComprehensiveIncomeReclassificationAdjustmentForSaleOfSecuritiesIncludedInNetIncomeNetOfTax","logger":"task.stdout"}
{"timestamp":"2026-08-31T18:21:19.291666Z","level":"info","event":"  -> income_statement.other_income_expense","logger":"task.stdout"}
{"timestamp":"2026-08-31T18:21:19.291702Z","level":"info","event":"  -> income_statement.comprehensive_income","logger":"task.stdout"}
{"timestamp":"2026-08-31T18:21:19.291738Z","level":"info","event":"","logger":"task.stdout"}
{"timestamp":"2026-08-31T18:21:19.291774Z","level":"info","event":" OtherComprehensiveIncomeReclassificationAdjustmentForSaleOfSecuritiesIncludedInNetIncomeTax","logger":"task.stdout"}
{"timestamp":"2026-08-31T18:21:19.291812Z","level":"info","event":"  -> income_statement.other_income_expense","logger":"task.stdout"}
{"timestamp":"2026-08-31T18:21:19.291848Z","level":"info","event":"  -> income_statement.comprehensive_income","logger":"task.stdout"}
{"timestamp":"2026-08-31T18:21:19.291885Z","level":"info","event":"","logger":"task.stdout"}
{"timestamp":"2026-08-31T18:21:19.291921Z","level":"info","event":" OtherComprehensiveIncomeAvailableforsaleSecuritiesAdjustmentNetOfTaxPortionAttributableToParent","logger":"task.stdout"}
{"timestamp":"2026-08-31T18:21:19.291957Z","level":"info","event":"  -> income_statement.other_income_expense","logger":"task.stdout"}
{"timestamp":"2026-08-31T18:21:19.291998Z","level":"info","event":"  -> income_statement.comprehensive_income","logger":"task.stdout"}
{"timestamp":"2026-08-31T18:21:19.292034Z","level":"info","event":"","logger":"task.stdout"}
{"timestamp":"2026-08-31T18:21:19.292068Z","level":"info","event":" AvailableForSaleDebtSecuritiesAccumulatedGrossUnrealizedGainBeforeTax","logger":"task.stdout"}
{"timestamp":"2026-08-31T18:21:19.292103Z","level":"info","event":"  -> income_statement.investment_gains_losses","logger":"task.stdout"}
{"timestamp":"2026-08-31T18:21:19.292137Z","level":"info","event":"  -> balance_sheet.investment_securities","logger":"task.stdout"}
{"timestamp":"2026-08-31T18:21:19.292171Z","level":"info","event":"","logger":"task.stdout"}
{"timestamp":"2026-08-31T18:21:19.292205Z","level":"info","event":" ComprehensiveIncomeNetOfTaxAttributableToNoncontrollingInterest","logger":"task.stdout"}
{"timestamp":"2026-08-31T18:21:19.292238Z","level":"info","event":"  -> income_statement.comprehensive_income","logger":"task.stdout"}
{"timestamp":"2026-08-31T18:21:19.292275Z","level":"info","event":"  -> balance_sheet.equity","logger":"task.stdout"}
{"timestamp":"2026-08-31T18:21:19.292311Z","level":"info","event":"","logger":"task.stdout"}
{"timestamp":"2026-08-31T18:21:19.292353Z","level":"info","event":" ComprehensiveIncomeNetOfTaxIncludingPortionAttributableToNoncontrollingInterest","logger":"task.stdout"}
{"timestamp":"2026-08-31T18:21:19.292392Z","level":"info","event":"  -> income_statement.comprehensive_income","logger":"task.stdout"}
{"timestamp":"2026-08-31T18:21:19.292428Z","level":"info","event":"  -> balance_sheet.equity","logger":"task.stdout"}
{"timestamp":"2026-08-31T18:21:19.292464Z","level":"info","event":"","logger":"task.stdout"}
{"timestamp":"2026-08-31T18:21:19.292504Z","level":"info","event":" CashCashEquivalentsRestrictedCashAndRestrictedCashEquivalentsPeriodIncreaseDecreaseExcludingExchangeRateEffect","logger":"task.stdout"}
{"timestamp":"2026-08-31T18:21:19.292541Z","level":"info","event":"  -> balance_sheet.cash_and_cash_equivalents","logger":"task.stdout"}
{"timestamp":"2026-08-31T18:21:19.292581Z","level":"info","event":"  -> cash_flow.cash_change","logger":"task.stdout"}
{"timestamp":"2026-08-31T18:21:19.292617Z","level":"info","event":"","logger":"task.stdout"}
{"timestamp":"2026-08-31T18:21:19.292653Z","level":"info","event":" CashCashEquivalentsRestrictedCashAndRestrictedCashEquivalentsPeriodIncreaseDecreaseIncludingExchangeRateEffect","logger":"task.stdout"}
{"timestamp":"2026-08-31T18:21:19.292689Z","level":"info","event":"  -> balance_sheet.cash_and_cash_equivalents","logger":"task.stdout"}
{"timestamp":"2026-08-31T18:21:19.292727Z","level":"info","event":"  -> cash_flow.cash_change","logger":"task.stdout"}
{"timestamp":"2026-08-31T18:21:19.292763Z","level":"info","event":"","logger":"task.stdout"}
{"timestamp":"2026-08-31T18:21:19.292799Z","level":"info","event":" ProceedsFromRepaymentsOfBankOverdrafts","logger":"task.stdout"}
{"timestamp":"2026-08-31T18:21:19.292835Z","level":"info","event":"  -> balance_sheet.cash_and_cash_equivalents","logger":"task.stdout"}
{"timestamp":"2026-08-31T18:21:19.292871Z","level":"info","event":"  -> cash_flow.other_financing_activity","logger":"task.stdout"}
{"timestamp":"2026-08-31T18:21:19.292905Z","level":"info","event":"","logger":"task.stdout"}
{"timestamp":"2026-08-31T18:21:19.292939Z","level":"info","event":" AvailableForSaleSecuritiesDebtSecuritiesCurrent","logger":"task.stdout"}
{"timestamp":"2026-08-31T18:21:19.292973Z","level":"info","event":"  -> balance_sheet.investment_securities","logger":"task.stdout"}
{"timestamp":"2026-08-31T18:21:19.293007Z","level":"info","event":"  -> balance_sheet.debt","logger":"task.stdout"}
{"timestamp":"2026-08-31T18:21:19.293042Z","level":"info","event":"","logger":"task.stdout"}
{"timestamp":"2026-08-31T18:21:19.293078Z","level":"info","event":" EquityMethodInvestments","logger":"task.stdout"}
{"timestamp":"2026-08-31T18:21:19.293112Z","level":"info","event":"  -> balance_sheet.investment_securities","logger":"task.stdout"}
{"timestamp":"2026-08-31T18:21:19.293146Z","level":"info","event":"  -> balance_sheet.investments","logger":"task.stdout"}
{"timestamp":"2026-08-31T18:21:19.293179Z","level":"info","event":"","logger":"task.stdout"}
{"timestamp":"2026-08-31T18:21:19.293213Z","level":"info","event":" PaymentsToAcquireAvailableForSaleSecurities","logger":"task.stdout"}
{"timestamp":"2026-08-31T18:21:19.293247Z","level":"info","event":"  -> balance_sheet.investment_securities","logger":"task.stdout"}
{"timestamp":"2026-08-31T18:21:19.293282Z","level":"info","event":"  -> cash_flow.investment_purchases","logger":"task.stdout"}
{"timestamp":"2026-08-31T18:21:19.293318Z","level":"info","event":"","logger":"task.stdout"}
{"timestamp":"2026-08-31T18:21:19.293353Z","level":"info","event":" PaymentsToAcquireAvailableForSaleSecuritiesDebt","logger":"task.stdout"}
{"timestamp":"2026-08-31T18:21:19.293388Z","level":"info","event":"  -> balance_sheet.investment_securities","logger":"task.stdout"}
{"timestamp":"2026-08-31T18:21:19.293490Z","level":"info","event":"  -> cash_flow.investment_purchases","logger":"task.stdout"}
{"timestamp":"2026-08-31T18:21:19.293580Z","level":"info","event":"","logger":"task.stdout"}
{"timestamp":"2026-08-31T18:21:19.293654Z","level":"info","event":" PaymentsToAcquireEquityMethodInvestments","logger":"task.stdout"}
{"timestamp":"2026-08-31T18:21:19.293727Z","level":"info","event":"  -> balance_sheet.investment_securities","logger":"task.stdout"}
{"timestamp":"2026-08-31T18:21:19.293788Z","level":"info","event":"  -> balance_sheet.investments","logger":"task.stdout"}
{"timestamp":"2026-08-31T18:21:19.293845Z","level":"info","event":"","logger":"task.stdout"}
{"timestamp":"2026-08-31T18:21:19.293904Z","level":"info","event":" ProceedsFromSaleOfAvailableForSaleSecurities","logger":"task.stdout"}
{"timestamp":"2026-08-31T18:21:19.293948Z","level":"info","event":"  -> balance_sheet.investment_securities","logger":"task.stdout"}
{"timestamp":"2026-08-31T18:21:19.294003Z","level":"info","event":"  -> cash_flow.investment_sales","logger":"task.stdout"}
{"timestamp":"2026-08-31T18:21:19.294046Z","level":"info","event":"","logger":"task.stdout"}
{"timestamp":"2026-08-31T18:21:19.294101Z","level":"info","event":" ProceedsFromSaleOfAvailableForSaleSecuritiesDebt","logger":"task.stdout"}
{"timestamp":"2026-08-31T18:21:19.294144Z","level":"info","event":"  -> balance_sheet.investment_securities","logger":"task.stdout"}
{"timestamp":"2026-08-31T18:21:19.294196Z","level":"info","event":"  -> cash_flow.investment_sales","logger":"task.stdout"}
{"timestamp":"2026-08-31T18:21:19.294236Z","level":"info","event":"","logger":"task.stdout"}
{"timestamp":"2026-08-31T18:21:19.294287Z","level":"info","event":" AssetsCurrent","logger":"task.stdout"}
{"timestamp":"2026-08-31T18:21:19.294327Z","level":"info","event":"  -> balance_sheet.total_assets","logger":"task.stdout"}
{"timestamp":"2026-08-31T18:21:19.294379Z","level":"info","event":"  -> balance_sheet.current_assets","logger":"task.stdout"}
{"timestamp":"2026-08-31T18:21:19.294418Z","level":"info","event":"","logger":"task.stdout"}
{"timestamp":"2026-08-31T18:21:19.294497Z","level":"info","event":" AssetsOfDisposalGroupIncludingDiscontinuedOperationCurrent","logger":"task.stdout"}
{"timestamp":"2026-08-31T18:21:19.294552Z","level":"info","event":"  -> balance_sheet.total_assets","logger":"task.stdout"}
{"timestamp":"2026-08-31T18:21:19.294616Z","level":"info","event":"  -> balance_sheet.current_assets","logger":"task.stdout"}
{"timestamp":"2026-08-31T18:21:19.294653Z","level":"info","event":"","logger":"task.stdout"}
{"timestamp":"2026-08-31T18:21:19.294689Z","level":"info","event":" DeferredTaxAssetsCapitalLossCarryforwards","logger":"task.stdout"}
{"timestamp":"2026-08-31T18:21:19.294725Z","level":"info","event":"  -> balance_sheet.total_assets","logger":"task.stdout"}
{"timestamp":"2026-08-31T18:21:19.294762Z","level":"info","event":"  -> balance_sheet.deferred_tax_assets","logger":"task.stdout"}
{"timestamp":"2026-08-31T18:21:19.294797Z","level":"info","event":"","logger":"task.stdout"}
{"timestamp":"2026-08-31T18:21:19.294833Z","level":"info","event":" DeferredTaxAssetsGross","logger":"task.stdout"}
{"timestamp":"2026-08-31T18:21:19.294868Z","level":"info","event":"  -> balance_sheet.total_assets","logger":"task.stdout"}
{"timestamp":"2026-08-31T18:21:19.294903Z","level":"info","event":"  -> balance_sheet.deferred_tax_assets","logger":"task.stdout"}
{"timestamp":"2026-08-31T18:21:19.294939Z","level":"info","event":"","logger":"task.stdout"}
{"timestamp":"2026-08-31T18:21:19.294977Z","level":"info","event":" DeferredTaxAssetsInvestments","logger":"task.stdout"}
{"timestamp":"2026-08-31T18:21:19.295014Z","level":"info","event":"  -> balance_sheet.total_assets","logger":"task.stdout"}
{"timestamp":"2026-08-31T18:21:19.295051Z","level":"info","event":"  -> balance_sheet.deferred_tax_assets","logger":"task.stdout"}
{"timestamp":"2026-08-31T18:21:19.295088Z","level":"info","event":"  -> balance_sheet.investments","logger":"task.stdout"}
{"timestamp":"2026-08-31T18:21:19.295125Z","level":"info","event":"","logger":"task.stdout"}
{"timestamp":"2026-08-31T18:21:19.295162Z","level":"info","event":" DeferredTaxAssetsLiabilitiesNet","logger":"task.stdout"}
{"timestamp":"2026-08-31T18:21:19.295199Z","level":"info","event":"  -> balance_sheet.total_assets","logger":"task.stdout"}
{"timestamp":"2026-08-31T18:21:19.295242Z","level":"info","event":"  -> balance_sheet.deferred_tax_assets","logger":"task.stdout"}
{"timestamp":"2026-08-31T18:21:19.295279Z","level":"info","event":"  -> balance_sheet.deferred_tax_liabilities","logger":"task.stdout"}
{"timestamp":"2026-08-31T18:21:19.295315Z","level":"info","event":"  -> balance_sheet.total_liabilities","logger":"task.stdout"}
{"timestamp":"2026-08-31T18:21:19.295352Z","level":"info","event":"","logger":"task.stdout"}
{"timestamp":"2026-08-31T18:21:19.295389Z","level":"info","event":" DeferredTaxAssetsLiabilitiesNetCurrent","logger":"task.stdout"}
{"timestamp":"2026-08-31T18:21:19.295425Z","level":"info","event":"  -> balance_sheet.total_assets","logger":"task.stdout"}
{"timestamp":"2026-08-31T18:21:19.295460Z","level":"info","event":"  -> balance_sheet.current_assets","logger":"task.stdout"}
{"timestamp":"2026-08-31T18:21:19.295495Z","level":"info","event":"  -> balance_sheet.deferred_tax_assets","logger":"task.stdout"}
{"timestamp":"2026-08-31T18:21:19.295529Z","level":"info","event":"  -> balance_sheet.deferred_tax_liabilities","logger":"task.stdout"}
{"timestamp":"2026-08-31T18:21:19.295567Z","level":"info","event":"  -> balance_sheet.total_liabilities","logger":"task.stdout"}
{"timestamp":"2026-08-31T18:21:19.295603Z","level":"info","event":"  -> balance_sheet.current_liabilities","logger":"task.stdout"}
{"timestamp":"2026-08-31T18:21:19.295640Z","level":"info","event":"","logger":"task.stdout"}
{"timestamp":"2026-08-31T18:21:19.295678Z","level":"info","event":" DeferredTaxAssetsLiabilitiesNetNoncurrent","logger":"task.stdout"}
{"timestamp":"2026-08-31T18:21:19.295715Z","level":"info","event":"  -> balance_sheet.total_assets","logger":"task.stdout"}
{"timestamp":"2026-08-31T18:21:19.295751Z","level":"info","event":"  -> balance_sheet.deferred_tax_assets","logger":"task.stdout"}
{"timestamp":"2026-08-31T18:21:19.295789Z","level":"info","event":"  -> balance_sheet.deferred_tax_liabilities","logger":"task.stdout"}
{"timestamp":"2026-08-31T18:21:19.295825Z","level":"info","event":"  -> balance_sheet.total_liabilities","logger":"task.stdout"}
{"timestamp":"2026-08-31T18:21:19.295862Z","level":"info","event":"","logger":"task.stdout"}
{"timestamp":"2026-08-31T18:21:19.295897Z","level":"info","event":" DeferredTaxAssetsNet","logger":"task.stdout"}
{"timestamp":"2026-08-31T18:21:19.295931Z","level":"info","event":"  -> balance_sheet.total_assets","logger":"task.stdout"}
{"timestamp":"2026-08-31T18:21:19.295968Z","level":"info","event":"  -> balance_sheet.deferred_tax_assets","logger":"task.stdout"}
{"timestamp":"2026-08-31T18:21:19.296005Z","level":"info","event":"","logger":"task.stdout"}
{"timestamp":"2026-08-31T18:21:19.296041Z","level":"info","event":" DeferredTaxAssetsOperatingLossCarryforwards","logger":"task.stdout"}
{"timestamp":"2026-08-31T18:21:19.296078Z","level":"info","event":"  -> balance_sheet.total_assets","logger":"task.stdout"}
{"timestamp":"2026-08-31T18:21:19.296116Z","level":"info","event":"  -> balance_sheet.deferred_tax_assets","logger":"task.stdout"}
{"timestamp":"2026-08-31T18:21:19.296152Z","level":"info","event":"  -> balance_sheet.tax_assets_and_liabilities","logger":"task.stdout"}
{"timestamp":"2026-08-31T18:21:19.296189Z","level":"info","event":"","logger":"task.stdout"}
{"timestamp":"2026-08-31T18:21:19.296226Z","level":"info","event":" DeferredTaxAssetsOther","logger":"task.stdout"}
{"timestamp":"2026-08-31T18:21:19.296263Z","level":"info","event":"  -> balance_sheet.total_assets","logger":"task.stdout"}
{"timestamp":"2026-08-31T18:21:19.296299Z","level":"info","event":"  -> balance_sheet.deferred_tax_assets","logger":"task.stdout"}
{"timestamp":"2026-08-31T18:21:19.296334Z","level":"info","event":"","logger":"task.stdout"}
{"timestamp":"2026-08-31T18:21:19.296369Z","level":"info","event":" DeferredTaxAssetsTaxDeferredExpenseCompensationAndBenefitsEmployeeBenefits","logger":"task.stdout"}
{"timestamp":"2026-08-31T18:21:19.296407Z","level":"info","event":"  -> balance_sheet.total_assets","logger":"task.stdout"}
{"timestamp":"2026-08-31T18:21:19.296450Z","level":"info","event":"  -> balance_sheet.deferred_tax_assets","logger":"task.stdout"}
{"timestamp":"2026-08-31T18:21:19.296487Z","level":"info","event":"","logger":"task.stdout"}
{"timestamp":"2026-08-31T18:21:19.296523Z","level":"info","event":" DeferredTaxAssetsTaxDeferredExpenseReservesAndAccrualsAccruedLiabilities","logger":"task.stdout"}
{"timestamp":"2026-08-31T18:21:19.296561Z","level":"info","event":"  -> balance_sheet.total_assets","logger":"task.stdout"}
{"timestamp":"2026-08-31T18:21:19.296598Z","level":"info","event":"  -> balance_sheet.deferred_tax_assets","logger":"task.stdout"}
{"timestamp":"2026-08-31T18:21:19.296633Z","level":"info","event":"  -> balance_sheet.deferred_tax_liabilities","logger":"task.stdout"}
{"timestamp":"2026-08-31T18:21:19.296734Z","level":"info","event":"  -> balance_sheet.total_liabilities","logger":"task.stdout"}
{"timestamp":"2026-08-31T18:21:19.296803Z","level":"info","event":"","logger":"task.stdout"}
{"timestamp":"2026-08-31T18:21:19.296848Z","level":"info","event":" DeferredTaxAssetsTaxDeferredExpenseReservesAndAccrualsLossReserves","logger":"task.stdout"}
{"timestamp":"2026-08-31T18:21:19.296889Z","level":"info","event":"  -> balance_sheet.total_assets","logger":"task.stdout"}
{"timestamp":"2026-08-31T18:21:19.297066Z","level":"info","event":"  -> balance_sheet.deferred_tax_assets","logger":"task.stdout"}
{"timestamp":"2026-08-31T18:21:19.297108Z","level":"info","event":"","logger":"task.stdout"}
{"timestamp":"2026-08-31T18:21:19.297146Z","level":"info","event":" DeferredTaxAssetsTaxDeferredExpenseReservesAndAccrualsUnearnedPremiumsReserve","logger":"task.stdout"}
{"timestamp":"2026-08-31T18:21:19.297187Z","level":"info","event":"  -> balance_sheet.total_assets","logger":"task.stdout"}
{"timestamp":"2026-08-31T18:21:19.297223Z","level":"info","event":"  -> balance_sheet.unearned_premium_reserves","logger":"task.stdout"}
{"timestamp":"2026-08-31T18:21:19.297259Z","level":"info","event":"  -> balance_sheet.deferred_tax_assets","logger":"task.stdout"}
{"timestamp":"2026-08-31T18:21:19.297296Z","level":"info","event":"","logger":"task.stdout"}
{"timestamp":"2026-08-31T18:21:19.297332Z","level":"info","event":" DeferredTaxAssetsValuationAllowance","logger":"task.stdout"}
{"timestamp":"2026-08-31T18:21:19.297369Z","level":"info","event":"  -> balance_sheet.total_assets","logger":"task.stdout"}
{"timestamp":"2026-08-31T18:21:19.297406Z","level":"info","event":"  -> balance_sheet.deferred_tax_assets","logger":"task.stdout"}
{"timestamp":"2026-08-31T18:21:19.297443Z","level":"info","event":"","logger":"task.stdout"}
{"timestamp":"2026-08-31T18:21:19.297479Z","level":"info","event":" DeferredTaxAssetsValuationAllowanceCurrent","logger":"task.stdout"}
{"timestamp":"2026-08-31T18:21:19.297514Z","level":"info","event":"  -> balance_sheet.total_assets","logger":"task.stdout"}
{"timestamp":"2026-08-31T18:21:19.297549Z","level":"info","event":"  -> balance_sheet.current_assets","logger":"task.stdout"}
{"timestamp":"2026-08-31T18:21:19.297584Z","level":"info","event":"  -> balance_sheet.deferred_tax_assets","logger":"task.stdout"}
{"timestamp":"2026-08-31T18:21:19.297618Z","level":"info","event":"","logger":"task.stdout"}
{"timestamp":"2026-08-31T18:21:19.297741Z","level":"info","event":" IntangibleAssetsGrossExcludingGoodwill","logger":"task.stdout"}
{"timestamp":"2026-08-31T18:21:19.297780Z","level":"info","event":"  -> balance_sheet.total_assets","logger":"task.stdout"}
{"timestamp":"2026-08-31T18:21:19.297818Z","level":"info","event":"  -> balance_sheet.goodwill","logger":"task.stdout"}
{"timestamp":"2026-08-31T18:21:19.297855Z","level":"info","event":"","logger":"task.stdout"}
{"timestamp":"2026-08-31T18:21:19.297892Z","level":"info","event":" IntangibleAssetsNetExcludingGoodwill","logger":"task.stdout"}
{"timestamp":"2026-08-31T18:21:19.297930Z","level":"info","event":"  -> balance_sheet.total_assets","logger":"task.stdout"}
{"timestamp":"2026-08-31T18:21:19.297966Z","level":"info","event":"  -> balance_sheet.goodwill","logger":"task.stdout"}
{"timestamp":"2026-08-31T18:21:19.298015Z","level":"info","event":"","logger":"task.stdout"}
{"timestamp":"2026-08-31T18:21:19.298052Z","level":"info","event":" OtherAssetsCurrent","logger":"task.stdout"}
{"timestamp":"2026-08-31T18:21:19.298151Z","level":"info","event":"  -> balance_sheet.total_assets","logger":"task.stdout"}
{"timestamp":"2026-08-31T18:21:19.298225Z","level":"info","event":"  -> balance_sheet.current_assets","logger":"task.stdout"}
{"timestamp":"2026-08-31T18:21:19.298267Z","level":"info","event":"","logger":"task.stdout"}
{"timestamp":"2026-08-31T18:21:19.298307Z","level":"info","event":" DeferredTaxAssetsTaxDeferredExpenseCompensationAndBenefits","logger":"task.stdout"}
{"timestamp":"2026-08-31T18:21:19.298346Z","level":"info","event":"  -> balance_sheet.total_assets","logger":"task.stdout"}
{"timestamp":"2026-08-31T18:21:19.298387Z","level":"info","event":"  -> balance_sheet.deferred_tax_assets","logger":"task.stdout"}
{"timestamp":"2026-08-31T18:21:19.298425Z","level":"info","event":"","logger":"task.stdout"}
{"timestamp":"2026-08-31T18:21:19.298463Z","level":"info","event":" ImpairmentOfIntangibleAssetsIndefinitelivedExcludingGoodwill","logger":"task.stdout"}
{"timestamp":"2026-08-31T18:21:19.298527Z","level":"info","event":"  -> balance_sheet.total_assets","logger":"task.stdout"}
{"timestamp":"2026-08-31T18:21:19.298572Z","level":"info","event":"  -> balance_sheet.goodwill","logger":"task.stdout"}
{"timestamp":"2026-08-31T18:21:19.298613Z","level":"info","event":"","logger":"task.stdout"}
{"timestamp":"2026-08-31T18:21:19.298664Z","level":"info","event":" DeferredIncomeTaxLiabilities","logger":"task.stdout"}
{"timestamp":"2026-08-31T18:21:19.298712Z","level":"info","event":"  -> balance_sheet.deferred_tax_liabilities","logger":"task.stdout"}
{"timestamp":"2026-08-31T18:21:19.298749Z","level":"info","event":"  -> balance_sheet.total_liabilities","logger":"task.stdout"}
{"timestamp":"2026-08-31T18:21:19.298786Z","level":"info","event":"","logger":"task.stdout"}
{"timestamp":"2026-08-31T18:21:19.298823Z","level":"info","event":" DeferredTaxLiabilities","logger":"task.stdout"}
{"timestamp":"2026-08-31T18:21:19.298860Z","level":"info","event":"  -> balance_sheet.deferred_tax_liabilities","logger":"task.stdout"}
{"timestamp":"2026-08-31T18:21:19.298898Z","level":"info","event":"  -> balance_sheet.total_liabilities","logger":"task.stdout"}
{"timestamp":"2026-08-31T18:21:19.298934Z","level":"info","event":"","logger":"task.stdout"}
{"timestamp":"2026-08-31T18:21:19.298987Z","level":"info","event":" DeferredTaxLiabilitiesCurrent","logger":"task.stdout"}
{"timestamp":"2026-08-31T18:21:19.299029Z","level":"info","event":"  -> balance_sheet.deferred_tax_liabilities","logger":"task.stdout"}
{"timestamp":"2026-08-31T18:21:19.299068Z","level":"info","event":"  -> balance_sheet.total_liabilities","logger":"task.stdout"}
{"timestamp":"2026-08-31T18:21:19.299115Z","level":"info","event":"  -> balance_sheet.current_liabilities","logger":"task.stdout"}
{"timestamp":"2026-08-31T18:21:19.299162Z","level":"info","event":"","logger":"task.stdout"}
{"timestamp":"2026-08-31T18:21:19.299199Z","level":"info","event":" DeferredTaxLiabilitiesDeferredExpenseDeferredPolicyAcquisitionCost","logger":"task.stdout"}
{"timestamp":"2026-08-31T18:21:19.299237Z","level":"info","event":"  -> balance_sheet.deferred_tax_liabilities","logger":"task.stdout"}
{"timestamp":"2026-08-31T18:21:19.299274Z","level":"info","event":"  -> balance_sheet.total_liabilities","logger":"task.stdout"}
{"timestamp":"2026-08-31T18:21:19.299321Z","level":"info","event":"","logger":"task.stdout"}
{"timestamp":"2026-08-31T18:21:19.299360Z","level":"info","event":" DeferredTaxLiabilitiesInvestments","logger":"task.stdout"}
{"timestamp":"2026-08-31T18:21:19.299398Z","level":"info","event":"  -> balance_sheet.deferred_tax_liabilities","logger":"task.stdout"}
{"timestamp":"2026-08-31T18:21:19.299435Z","level":"info","event":"  -> balance_sheet.total_liabilities","logger":"task.stdout"}
{"timestamp":"2026-08-31T18:21:19.299547Z","level":"info","event":"  -> balance_sheet.investments","logger":"task.stdout"}
{"timestamp":"2026-08-31T18:21:19.299596Z","level":"info","event":"","logger":"task.stdout"}
{"timestamp":"2026-08-31T18:21:19.299631Z","level":"info","event":" DeferredTaxLiabilitiesOther","logger":"task.stdout"}
{"timestamp":"2026-08-31T18:21:19.299668Z","level":"info","event":"  -> balance_sheet.deferred_tax_liabilities","logger":"task.stdout"}
{"timestamp":"2026-08-31T18:21:19.299705Z","level":"info","event":"  -> balance_sheet.total_liabilities","logger":"task.stdout"}
{"timestamp":"2026-08-31T18:21:19.299742Z","level":"info","event":"","logger":"task.stdout"}
{"timestamp":"2026-08-31T18:21:19.299777Z","level":"info","event":" DeferredTaxLiabilitiesPrepaidExpenses","logger":"task.stdout"}
{"timestamp":"2026-08-31T18:21:19.299812Z","level":"info","event":"  -> balance_sheet.deferred_tax_liabilities","logger":"task.stdout"}
{"timestamp":"2026-08-31T18:21:19.299849Z","level":"info","event":"  -> balance_sheet.total_liabilities","logger":"task.stdout"}
{"timestamp":"2026-08-31T18:21:19.299894Z","level":"info","event":"","logger":"task.stdout"}
{"timestamp":"2026-08-31T18:21:19.299937Z","level":"info","event":" AccountsPayableAndAccruedLiabilitiesCurrent","logger":"task.stdout"}
{"timestamp":"2026-08-31T18:21:19.299987Z","level":"info","event":"  -> balance_sheet.total_liabilities","logger":"task.stdout"}
{"timestamp":"2026-08-31T18:21:19.300021Z","level":"info","event":"  -> balance_sheet.current_liabilities","logger":"task.stdout"}
{"timestamp":"2026-08-31T18:21:19.300057Z","level":"info","event":"","logger":"task.stdout"}
{"timestamp":"2026-08-31T18:21:19.300099Z","level":"info","event":" LiabilitiesAndStockholdersEquity","logger":"task.stdout"}
{"timestamp":"2026-08-31T18:21:19.300142Z","level":"info","event":"  -> balance_sheet.total_liabilities","logger":"task.stdout"}
{"timestamp":"2026-08-31T18:21:19.300181Z","level":"info","event":"  -> balance_sheet.stockholders_equity","logger":"task.stdout"}
{"timestamp":"2026-08-31T18:21:19.300219Z","level":"info","event":"","logger":"task.stdout"}
{"timestamp":"2026-08-31T18:21:19.300254Z","level":"info","event":" LiabilitiesCurrent","logger":"task.stdout"}
{"timestamp":"2026-08-31T18:21:19.300290Z","level":"info","event":"  -> balance_sheet.total_liabilities","logger":"task.stdout"}
{"timestamp":"2026-08-31T18:21:19.300325Z","level":"info","event":"  -> balance_sheet.current_liabilities","logger":"task.stdout"}
{"timestamp":"2026-08-31T18:21:19.300362Z","level":"info","event":"","logger":"task.stdout"}
{"timestamp":"2026-08-31T18:21:19.300398Z","level":"info","event":" LiabilitiesOfDisposalGroupIncludingDiscontinuedOperationCurrent","logger":"task.stdout"}
{"timestamp":"2026-08-31T18:21:19.300443Z","level":"info","event":"  -> balance_sheet.total_liabilities","logger":"task.stdout"}
{"timestamp":"2026-08-31T18:21:19.300486Z","level":"info","event":"  -> balance_sheet.current_liabilities","logger":"task.stdout"}
{"timestamp":"2026-08-31T18:21:19.300523Z","level":"info","event":"","logger":"task.stdout"}
{"timestamp":"2026-08-31T18:21:19.300562Z","level":"info","event":" ProceedsFromIssuanceOfSeniorLongTermDebt","logger":"task.stdout"}
{"timestamp":"2026-08-31T18:21:19.300673Z","level":"info","event":"  -> balance_sheet.debt","logger":"task.stdout"}
{"timestamp":"2026-08-31T18:21:19.300714Z","level":"info","event":"  -> cash_flow.debt_issued","logger":"task.stdout"}
{"timestamp":"2026-08-31T18:21:19.300752Z","level":"info","event":"","logger":"task.stdout"}
{"timestamp":"2026-08-31T18:21:19.300790Z","level":"info","event":" RepaymentsOfLongTermDebt","logger":"task.stdout"}
{"timestamp":"2026-08-31T18:21:19.300828Z","level":"info","event":"  -> balance_sheet.debt","logger":"task.stdout"}
{"timestamp":"2026-08-31T18:21:19.300866Z","level":"info","event":"  -> cash_flow.debt_repayment","logger":"task.stdout"}
{"timestamp":"2026-08-31T18:21:19.300903Z","level":"info","event":"","logger":"task.stdout"}
{"timestamp":"2026-08-31T18:21:19.300941Z","level":"info","event":" ProceedsFromIssuanceOfLongTermDebt","logger":"task.stdout"}
{"timestamp":"2026-08-31T18:21:19.300985Z","level":"info","event":"  -> balance_sheet.debt","logger":"task.stdout"}
{"timestamp":"2026-08-31T18:21:19.301020Z","level":"info","event":"  -> cash_flow.debt_issued","logger":"task.stdout"}
{"timestamp":"2026-08-31T18:21:19.301056Z","level":"info","event":"","logger":"task.stdout"}
{"timestamp":"2026-08-31T18:21:19.301093Z","level":"info","event":" LesseeOperatingLeaseLiabilityPaymentsDue","logger":"task.stdout"}
{"timestamp":"2026-08-31T18:21:19.301131Z","level":"info","event":"  -> balance_sheet.lease_liabilities","logger":"task.stdout"}
{"timestamp":"2026-08-31T18:21:19.301169Z","level":"info","event":"  -> cash_flow.lease_payments","logger":"task.stdout"}
{"timestamp":"2026-08-31T18:21:19.301203Z","level":"info","event":"","logger":"task.stdout"}
{"timestamp":"2026-08-31T18:21:19.301238Z","level":"info","event":" LesseeOperatingLeaseLiabilityPaymentsDueAfterYearFive","logger":"task.stdout"}
{"timestamp":"2026-08-31T18:21:19.301275Z","level":"info","event":"  -> balance_sheet.lease_liabilities","logger":"task.stdout"}
{"timestamp":"2026-08-31T18:21:19.301312Z","level":"info","event":"  -> cash_flow.lease_payments","logger":"task.stdout"}
{"timestamp":"2026-08-31T18:21:19.301348Z","level":"info","event":"","logger":"task.stdout"}
{"timestamp":"2026-08-31T18:21:19.301386Z","level":"info","event":" LesseeOperatingLeaseLiabilityPaymentsDueNextTwelveMonths","logger":"task.stdout"}
{"timestamp":"2026-08-31T18:21:19.301424Z","level":"info","event":"  -> balance_sheet.lease_liabilities","logger":"task.stdout"}
{"timestamp":"2026-08-31T18:21:19.301471Z","level":"info","event":"  -> cash_flow.lease_payments","logger":"task.stdout"}
{"timestamp":"2026-08-31T18:21:19.301510Z","level":"info","event":"","logger":"task.stdout"}
{"timestamp":"2026-08-31T18:21:19.301550Z","level":"info","event":" LesseeOperatingLeaseLiabilityPaymentsDueYearFive","logger":"task.stdout"}
{"timestamp":"2026-08-31T18:21:19.301586Z","level":"info","event":"  -> balance_sheet.lease_liabilities","logger":"task.stdout"}
{"timestamp":"2026-08-31T18:21:19.301623Z","level":"info","event":"  -> cash_flow.lease_payments","logger":"task.stdout"}
{"timestamp":"2026-08-31T18:21:19.301660Z","level":"info","event":"","logger":"task.stdout"}
{"timestamp":"2026-08-31T18:21:19.301699Z","level":"info","event":" LesseeOperatingLeaseLiabilityPaymentsDueYearFour","logger":"task.stdout"}
{"timestamp":"2026-08-31T18:21:19.301738Z","level":"info","event":"  -> balance_sheet.lease_liabilities","logger":"task.stdout"}
{"timestamp":"2026-08-31T18:21:19.301775Z","level":"info","event":"  -> cash_flow.lease_payments","logger":"task.stdout"}
{"timestamp":"2026-08-31T18:21:19.301818Z","level":"info","event":"","logger":"task.stdout"}
{"timestamp":"2026-08-31T18:21:19.301861Z","level":"info","event":" LesseeOperatingLeaseLiabilityPaymentsDueYearThree","logger":"task.stdout"}
{"timestamp":"2026-08-31T18:21:19.301898Z","level":"info","event":"  -> balance_sheet.lease_liabilities","logger":"task.stdout"}
{"timestamp":"2026-08-31T18:21:19.301935Z","level":"info","event":"  -> cash_flow.lease_payments","logger":"task.stdout"}
{"timestamp":"2026-08-31T18:21:19.301972Z","level":"info","event":"","logger":"task.stdout"}
{"timestamp":"2026-08-31T18:21:19.302011Z","level":"info","event":" LesseeOperatingLeaseLiabilityPaymentsDueYearTwo","logger":"task.stdout"}
{"timestamp":"2026-08-31T18:21:19.302046Z","level":"info","event":"  -> balance_sheet.lease_liabilities","logger":"task.stdout"}
{"timestamp":"2026-08-31T18:21:19.302084Z","level":"info","event":"  -> cash_flow.lease_payments","logger":"task.stdout"}
{"timestamp":"2026-08-31T18:21:19.302122Z","level":"info","event":"","logger":"task.stdout"}
{"timestamp":"2026-08-31T18:21:19.302157Z","level":"info","event":" LesseeOperatingLeaseLiabilityPaymentsRemainderOfFiscalYear","logger":"task.stdout"}
{"timestamp":"2026-08-31T18:21:19.302195Z","level":"info","event":"  -> balance_sheet.lease_liabilities","logger":"task.stdout"}
{"timestamp":"2026-08-31T18:21:19.302233Z","level":"info","event":"  -> cash_flow.lease_payments","logger":"task.stdout"}
{"timestamp":"2026-08-31T18:21:19.302280Z","level":"info","event":"","logger":"task.stdout"}
{"timestamp":"2026-08-31T18:21:19.302315Z","level":"info","event":" StockholdersEquityIncludingPortionAttributableToNoncontrollingInterest","logger":"task.stdout"}
{"timestamp":"2026-08-31T18:21:19.302354Z","level":"info","event":"  -> balance_sheet.stockholders_equity","logger":"task.stdout"}
{"timestamp":"2026-08-31T18:21:19.302390Z","level":"info","event":"  -> balance_sheet.equity","logger":"task.stdout"}
{"timestamp":"2026-08-31T18:21:19.302427Z","level":"info","event":"","logger":"task.stdout"}
{"timestamp":"2026-08-31T18:21:19.302464Z","level":"info","event":" TreasuryStockValueAcquiredCostMethod","logger":"task.stdout"}
{"timestamp":"2026-08-31T18:21:19.302502Z","level":"info","event":"  -> balance_sheet.equity","logger":"task.stdout"}
{"timestamp":"2026-08-31T18:21:19.302540Z","level":"info","event":"  -> cash_flow.stock_activity","logger":"task.stdout"}
{"timestamp":"2026-08-31T18:21:19.321695Z","level":"info","event":"","logger":"task.stdout"}
{"timestamp":"2026-08-31T18:21:19.321794Z","level":"info","event":"========== QUALITY REPORT ==========","logger":"task.stdout"}
{"timestamp":"2026-08-31T18:21:19.321849Z","level":"info","event":"Total XBRL tags: 568","logger":"task.stdout"}
{"timestamp":"2026-08-31T18:21:19.321888Z","level":"info","event":"Mapped tags: 441","logger":"task.stdout"}
{"timestamp":"2026-08-31T18:21:19.321926Z","level":"info","event":"Ignored: 122","logger":"task.stdout"}
{"timestamp":"2026-08-31T18:21:19.321964Z","level":"info","event":"Unmapped candidates: 0","logger":"task.stdout"}
{"timestamp":"2026-08-31T18:21:19.322002Z","level":"info","event":"Not classified: 2","logger":"task.stdout"}
{"timestamp":"2026-08-31T18:21:19.322038Z","level":"info","event":"","logger":"task.stdout"}
{"timestamp":"2026-08-31T18:21:19.322075Z","level":"info","event":"Saved mapping to config/generated_mapping.py","logger":"task.stdout"}
{"timestamp":"2026-08-31T18:21:19.325266Z","level":"info","event":"Mapping completed: config/generated_mapping.py","logger":"task.stdout"}
{"timestamp":"2026-08-31T18:21:19.325258Z","level":"info","event":"Done. Returned value was: config/generated_mapping.py","run_id":"scheduled__2026-08-27T08:00:00+00:00","ti_id":"01a0590d-cd61-74f1-ba8b-c7892352a5d0","task_id":"generate_mapping","try_number":1,"dag_id":"xbrl_financial_pipeline","map_index":-1,"logger":"airflow.task.operators.airflow.providers.standard.decorators.python._PythonDecoratedOperator","filename":"python.py","lineno":233}
{"timestamp":"2026-08-31T18:21:19.325358Z","level":"info","event":"::group::Post Execute","run_id":"scheduled__2026-08-27T08:00:00+00:00","ti_id":"01a0590d-cd61-74f1-ba8b-c7892352a5d0","task_id":"generate_mapping","try_number":1,"dag_id":"xbrl_financial_pipeline","map_index":-1,"logger":"task","filename":"task_runner.py","lineno":1577}
{"timestamp":"2026-08-31T18:21:19.325434Z","level":"info","event":"Pushing xcom","ti":"RuntimeTaskInstance(id=UUID('01a0590d-cd61-74f1-ba8b-c7892352a5d0'), task_id='generate_mapping', dag_id='xbrl_financial_pipeline', run_id='scheduled__2026-08-27T08:00:00+00:00', try_number=1, dag_version_id=UUID('019ff14f-3c85-735c-96c3-eff9969d0e15'), map_index=-1, hostname='macbook-pro-irina.local', context_carrier={'traceparent': '00-0d177b97522d57d83405b5ec4e91efb3-c3fc53ba15708a10-00'}, queue='default', task=<Task(_PythonDecoratedOperator): generate_mapping>, bundle_instance=LocalDagBundle(name=dags-folder), max_tries=0, start_date=datetime.datetime(2026, 8, 31, 18, 21, 17, 196525, tzinfo=datetime.timezone.utc), end_date=None, state=<TaskInstanceState.RUNNING: 'running'>, is_mapped=False, rendered_map_index=None, sentry_integration='')","run_id":"scheduled__2026-08-27T08:00:00+00:00","ti_id":"01a0590d-cd61-74f1-ba8b-c7892352a5d0","task_id":"generate_mapping","try_number":1,"dag_id":"xbrl_financial_pipeline","map_index":-1,"logger":"task","filename":"task_runner.py","lineno":2171}
{"timestamp":"2026-08-31T18:21:19.336516Z","level":"info","event":"::endgroup::","run_id":"scheduled__2026-08-27T08:00:00+00:00","ti_id":"01a0590d-cd61-74f1-ba8b-c7892352a5d0","task_id":"generate_mapping","try_number":1,"dag_id":"xbrl_financial_pipeline","map_index":-1,"logger":"task","filename":"task_runner.py","lineno":2270}
